====================================================================================================
abel_r220 -- an EXACT identity for arbitrary weights, and a theorem it gives free
(B)  F_k(1/2+it) = 1 + (1/t)[ w_{k-1} rho^k sin(k th) + sum_j (w_{j-1}-w_j) rho^j sin(j th) ]
derived by Abel summation on paper; nothing here is fitted or approximated
====================================================================================================

--- A1  THE IDENTITY against direct summation, 60 digits ---
      s      k              t        F (both routes)       |diff|
      1     64       0.3*pred    5.91957913950549461    1.867e-60
      1     64       1.0*pred    3.33696669393292335      2.8e-60
      1     64       2.7*pred   -45308344.5650341411    1.566e-53
      1    256       0.3*pred    6.68132726919765927    2.489e-60
      1    256       1.0*pred    11.2890797524327538    9.957e-60
      1    256       2.7*pred   -19429932521379.9238    9.579e-47
      1   1024       0.3*pred    7.71667034581281078     8.09e-60
      1   1024       1.0*pred   -5.89473906746220492    1.494e-59
      1   1024       2.7*pred -3.29508363970455187e+18    2.045e-41
      2     64       0.3*pred    3.93815419369701235    9.335e-61
      2     64       1.0*pred    1.96596781855804378    1.556e-60
      2     64       2.7*pred   -120002967991.717654    2.459e-49
      2    256       0.3*pred    4.06598998411378424    6.223e-61
      2    256       1.0*pred  0.0856271515927053096    4.045e-60
      2    256       2.7*pred 4.88209039880593065e+22    2.704e-37
      2   1024       0.3*pred    4.15550060247500292    7.468e-60
      2   1024       1.0*pred  -0.788580983331474981    6.067e-60
      2   1024       2.7*pred 3.69753216283960768e+34    3.974e-25
      4     64       0.3*pred    3.15811178614089142          0.0
      4     64       1.0*pred     3.2093634614562822    9.335e-61
      4     64       2.7*pred    305647044558137.269    1.752e-46
      4    256       0.3*pred    3.16215396343536627    1.556e-60
      4    256       1.0*pred    3.48854497693793692    1.867e-60
      4    256       2.7*pred 7.56397512744451529e+35    5.997e-24
      4   1024       0.3*pred    3.16379055304035636    4.667e-60
      4   1024       1.0*pred    7.31311838419500389    8.712e-60
      4   1024       2.7*pred 1.29413631919905987e+62       3168.0
  cases: 27 -> FAIL
ABORTING: the identity is wrong, so nothing below means anything.
