============================================================================================================
(H) diagnostic across alpha:  SUM 2^{-N_d} delta_d^2  and the window W(k)
   (H) asks: bounded in k, and W(k) = N^{o(1)}
============================================================================================================
       profile     k    a_1    N=a_k    (H) series       W(k)       W/N  verdict
     odds  a=1    60      1      119          69.5      241.5    2.0294  
     odds  a=1   100      1      199          69.5        264    1.3266  bounded
     odds  a=1   140      1      279          69.5      287.5    1.0305  bounded
     odds  a=1   180      1      359          69.5        312    0.8691  bounded

         a=1.5    60      1      465        266.07        666    1.4323  
         a=1.5   100      1     1001        266.07      732.5    0.7318  bounded
         a=1.5   140      1     1657        266.07        803    0.4846  bounded
         a=1.5   180      1     2415        266.07      877.5    0.3634  bounded

   squares a=2    60      1     3601        6473.4       5215    1.4482  
   squares a=2   100      1    10001        6473.4       5728    0.5727  bounded
   squares a=2   140      1    19601        6473.4       6272    0.3200  bounded
   squares a=2   180      1    32401        6473.4       6272    0.1936  bounded

     cubes a=3    60      1   216001     1.112e+07  4.901e+05    2.2688  
     cubes a=3   100      1  1000001     1.112e+07  5.356e+05    0.5356  bounded
     cubes a=3   140      1  2744001     1.112e+07  5.843e+05    0.2129  bounded
     cubes a=3   180      1  5832001     1.112e+07  6.362e+05    0.1091  bounded

   sqrt  a=0.5    60     19      157        4923.2      788.5    5.0223  
   sqrt  a=0.5   100     23      261         10245       1069    4.0958  grows
   sqrt  a=0.5   140     27      365         16608       1401    3.8384  grows
   sqrt  a=0.5   180     31      469         24464       1588    3.3859  grows

============================================================================================================
alpha = 3/2 replacement double test:  prediction  (2a+1)^2/(4a+1) = 16/7 = 2.2857
============================================================================================================
       profile     k   k*S4/S2^2   k(s/lam-1)   c_A = k*R     pred        (H)
     odds  a=1   100      1.7999       1.8657      2.0147   1.8000       69.5
     odds  a=1   140      1.8000       1.8588      1.9254   1.8000       69.5
     odds  a=1   180      1.8000       1.8549      1.8873   1.8000       69.5
     odds  a=1   220      1.8000       1.8525      1.8674   1.8000       69.5

         a=1.5   100      2.2720       2.3441      2.3992   2.2857      266.1
         a=1.5   140      2.2758       2.3568      2.3553   2.2857      266.1
         a=1.5   180      2.2779       2.3499      2.3393   2.2857      266.1
         a=1.5   220      2.2794       2.3494      2.3318   2.2857      266.1

   squares a=2   100      2.7634       2.8898     57.1276   2.7778       6473
   squares a=2   140      2.7676       2.8750      2.8212   2.7778       6473
   squares a=2   180      2.7699       2.8668      2.8501   2.7778       6473
   squares a=2   220      2.7714       2.8615      2.8377   2.7778       6473

