邃ｹ [2998/3002] Replayed Pnp.Theory.Landscape
info: Pnp/Theory/Landscape.lean:357:0: 5609051 / 1048576
info: Pnp/Theory/Landscape.lean:358:0: 1048565 / 524288
info: Pnp/Theory/Landscape.lean:359:0: 3145685 / 1048576
info: Pnp/Theory/Landscape.lean:360:0: 3145485 / 524288
info: Pnp/Theory/Landscape.lean:361:0: 20
info: Pnp/Theory/Landscape.lean:368:0: 2
info: Pnp/Theory/Landscape.lean:369:0: 2
info: Pnp/Theory/Landscape.lean:370:0: 1
info: Pnp/Theory/Landscape.lean:371:0: [1, 1]
info: Pnp/Theory/Landscape.lean:377:0: true
info: Pnp/Theory/Landscape.lean:378:0: true
info: Pnp/Theory/Landscape.lean:413:0: 'ALT.gs_le_of_mem' depends on axioms: [propext]
info: Pnp/Theory/Landscape.lean:414:0: 'ALT.gs_le_target' depends on axioms: [propext, Quot.sound]
info: Pnp/Theory/Landscape.lean:415:0: 'ALT.gs_le_total_dist' depends on axioms: [propext, Quot.sound]
info: Pnp/Theory/Landscape.lean:416:0: 'ALT.compl_mem_subsetSums' depends on axioms: [propext, Quot.sound]
info: Pnp/Theory/Landscape.lean:417:0: 'ALT.ndist_compl' depends on axioms: [propext, Quot.sound]
info: Pnp/Theory/Landscape.lean:418:0: 'ALT.foldl_min_attained' depends on axioms: [propext]
info: Pnp/Theory/Landscape.lean:419:0: 'ALT.gs_attained' depends on axioms: [propext, Quot.sound]
info: Pnp/Theory/Landscape.lean:420:0: 'ALT.gs_compl' depends on axioms: [propext, Quot.sound]
info: Pnp/Theory/Landscape.lean:421:0: 'ALT.isStrictLocalMin_iff_of_ge' depends on axioms: [propext, Classical.choice, Quot.sound]
info: Pnp/Theory/Landscape.lean:422:0: 'ALT.isStrictLocalMin_iff_of_le' depends on axioms: [propext, Classical.choice, Quot.sound]
info: Pnp/Theory/Landscape.lean:423:0: 'ALT.isStrictLocalMin_of_exact' depends on axioms: [propext, Classical.choice, Quot.sound]
info: Pnp/Theory/Landscape.lean:424:0: 'ALT.isStrictLocalMin_iff_classCond' depends on axioms: [propext, Classical.choice, Quot.sound]
info: Pnp/Theory/Landscape.lean:425:0: 'ALT.lm_eq_lmClassCount' depends on axioms: [propext, Classical.choice, Quot.sound]
info: Pnp/Theory/Landscape.lean:426:0: 'ALT.gapSeries_nonneg' depends on axioms: [propext, Classical.choice, Quot.sound]
info: Pnp/Theory/Landscape.lean:427:0: 'ALT.gapSeries_le_of_forall_le' depends on axioms: [propext, Classical.choice, Quot.sound]
邃ｹ [2999/3002] Replayed Pnp.Theory.Symmetry
info: Pnp/Theory/Symmetry.lean:185:0: true
info: Pnp/Theory/Symmetry.lean:188:0: true
info: Pnp/Theory/Symmetry.lean:196:0: [1, 2, 4, 6, 9, 47, 50, 52, 54, 55]
info: Pnp/Theory/Symmetry.lean:200:0: 'ALT.card_filter_compl_eq' depends on axioms: [propext, Classical.choice, Quot.sound]
info: Pnp/Theory/Symmetry.lean:201:0: 'ALT.compl_flip' depends on axioms: [propext, Classical.choice, Quot.sound]
info: Pnp/Theory/Symmetry.lean:202:0: 'ALT.energy_compl' depends on axioms: [propext, Classical.choice, Quot.sound]
info: Pnp/Theory/Symmetry.lean:203:0: 'ALT.isStrictLocalMin_compl' depends on axioms: [propext, Classical.choice, Quot.sound]
info: Pnp/Theory/Symmetry.lean:204:0: 'ALT.lm_compl' depends on axioms: [propext, Classical.choice, Quot.sound]
info: Pnp/Theory/Symmetry.lean:205:0: 'ALT.ndist_mod_two' depends on axioms: [propext, Quot.sound]
info: Pnp/Theory/Symmetry.lean:206:0: 'ALT.no_flat_edge' depends on axioms: [propext, Classical.choice, Quot.sound]
info: Pnp/Theory/Symmetry.lean:207:0: 'ALT.isStrictLocalMin_iff_le_of_odd' depends on axioms: [propext, Classical.choice, Quot.sound]
info: Pnp/Theory/Symmetry.lean:208:0: 'ALT.mem_subsetSums_iff_sublist' depends on axioms: [propext, Quot.sound]
info: Pnp/Theory/Symmetry.lean:209:0: 'ALT.gs_eq_zero_iff' depends on axioms: [propext, Quot.sound]
邃ｹ [3000/3002] Built Pnp.Theory.Bridge (7.8s)
info: Pnp/Theory/Bridge.lean:136:0: [3, 5, 7, 11]
info: Pnp/Theory/Bridge.lean:137:0: true
info: Pnp/Theory/Bridge.lean:244:0: 5
info: Pnp/Theory/Bridge.lean:245:0: 5
info: Pnp/Theory/Bridge.lean:246:0: true
info: Pnp/Theory/Bridge.lean:249:0: 1402281 / 262144
info: Pnp/Theory/Bridge.lean:250:0: 1402281 / 262144
info: Pnp/Theory/Bridge.lean:251:0: true
info: Pnp/Theory/Bridge.lean:255:0: true
info: Pnp/Theory/Bridge.lean:259:0: 4
info: Pnp/Theory/Bridge.lean:260:0: 9 / 2
info: Pnp/Theory/Bridge.lean:266:0: 'ALT.sum_fin_succ' depends on axioms: [propext, Classical.choice, Quot.sound]
info: Pnp/Theory/Bridge.lean:267:0: 'ALT.exists_sum_succ_iff' depends on axioms: [propext, Classical.choice, Quot.sound]
info: Pnp/Theory/Bridge.lean:268:0: 'ALT.mem_subsetSums_ofFn_iff' depends on axioms: [propext, Classical.choice, Quot.sound]
info: Pnp/Theory/Bridge.lean:269:0: 'ALT.gs_ofFn_eq_energy_min' depends on axioms: [propext, Classical.choice, Quot.sound]
info: Pnp/Theory/Bridge.lean:270:0: 'ALT.window_term_cons' depends on axioms: [propext, Classical.choice, Quot.sound]
info: Pnp/Theory/Bridge.lean:271:0: 'ALT.windowSeries_eq_gapSeries' depends on axioms: [propext, Classical.choice, Quot.sound]
笨・[3001/3002] Built Pnp (6.6s)
Build completed successfully (3002 jobs).
