========================================================================================================
【判別フィット】F(ρ)=dev·N² を  F = c₂x² + c₃|x|³  (x=1/2−ρ) で同時フィット
========================================================================================================

  ■ 全点 ρ=0.05..0.40
     k     c₂         c₃        c₂/c₃     R²      c₂x²の寄与率(x=0.3)
    80    -7874.9    34611.3   -0.2275  0.94332   -313.9%
   100    -8893.6    37877.5   -0.2348  0.92876   -360.1%
   120    -6787.9    30940.5   -0.2194  0.95217   -272.1%
   140    -7531.3    33823.8   -0.2227  0.94722   -287.9%
   160    -7168.0    32687.6   -0.2193  0.95040   -271.7%
   180    -7096.7    32500.3   -0.2184  0.95108   -267.5%

  ■ 中央域のみ ρ=0.10..0.35
     k     c₂         c₃        c₂/c₃     R²      c₂x²の寄与率(x=0.3)
    80    -1691.9    15115.1   -0.1119  0.98748    -59.5%
   100    -1402.0    14261.6   -0.0983  0.99094    -48.7%
   120    -1623.9    14649.5   -0.1109  0.98686    -58.6%
   140    -1634.7    15223.7   -0.1074  0.98749    -55.7%
   160    -1596.8    15111.3   -0.1057  0.98758    -54.4%
   180    -1584.4    15109.0   -0.1049  0.98751    -53.7%

========================================================================================================
【比較】単独モデルの当てはまり(どちらか一方だけで足りるか)
========================================================================================================
     k   |  純 x² のみ R²  |  純 |x|³ のみ R²  |  両方 R²
    80  |     0.86485   |      0.97544     |    0.98748
   100  |     0.87760   |      0.98235     |    0.99094
   120  |     0.86478   |      0.97511     |    0.98686
   140  |     0.86783   |      0.97668     |    0.98749
   160  |     0.86907   |      0.97721     |    0.98758
   180  |     0.86952   |      0.97734     |    0.98751

  【生値】F(ρ) = dev·N²(参照用)
     k    N     ρ=0.05   ρ=0.10   ρ=0.15   ρ=0.20   ρ=0.25   ρ=0.30   ρ=0.35   ρ=0.40 
    80   419    1743.5    725.9    397.5    240.0    139.7     76.8     36.5     10.8 
   100   547    1873.3    712.3    406.5    242.1    141.9     79.2     38.3     12.2 
   120   661    1599.3    706.5    388.1    230.8    136.5     76.6     37.5     12.8 
   140   811    1733.3    742.1    411.2    244.0    144.8     81.6     40.4     14.3 
   160   947    1693.7    740.7    411.4    244.4    145.3     82.1     40.9     14.9 
   180  1087    1689.4    742.7    412.7    245.3    146.0     82.7     41.5     15.4 
