====================================================================================================
【局所指数】隣接する2点から d logF / d log x を出す(x = 1/2 − ρ)。純冪なら一定
====================================================================================================

  k=120 (N=661)
    区間 x       局所指数   F の値      deg
   0.450→0.400       6.936     1599.29   6.327e+12
   0.400→0.350       4.486      706.51   2.202e+18
   0.350→0.300       3.372      388.12   1.933e+22
   0.300→0.250       2.880      230.80   1.976e+25
   0.250→0.200       2.590      136.53   4.271e+27
   0.200→0.150       2.484       76.59   2.676e+29
   0.150→0.100       2.655       37.49   5.837e+30
   0.100→0.080       3.323       12.77   4.936e+31
   0.080→0.060       6.239        6.08   9.045e+31
   0.060→0.040      (F≤0)        1.01     -2.55

  k=150 (N=877)
    区間 x       局所指数   F の値      deg
   0.450→0.400       6.859     1654.68   4.022e+16
   0.400→0.350       4.401      737.67   3.851e+23
   0.350→0.300       3.383      409.88   3.533e+28
   0.300→0.250       2.858      243.33   2.147e+32
   0.250→0.200       2.565      144.52   1.857e+35
   0.200→0.150       2.432       81.54   3.371e+37
   0.150→0.100       2.521       40.51   1.620e+39
   0.100→0.080       2.944       14.57   2.370e+40
   0.080→0.060       4.247        7.55   5.073e+40
   0.060→0.040      (F≤0)        2.23     -1.51

  k=180 (N=1087)
    区間 x       局所指数   F の値      deg
   0.450→0.400       6.978     1689.44   2.725e+20
   0.400→0.350       4.400      742.70   7.246e+28
   0.350→0.300       3.377      412.73   6.942e+34
   0.300→0.250       2.846      245.25   2.517e+39
   0.250→0.200       2.548      145.96   8.650e+42
   0.200→0.150       2.399       82.67   4.550e+45
   0.150→0.100       2.442       41.45   4.819e+47
   0.100→0.080       2.741       15.40   1.220e+49
   0.080→0.060       3.555        8.35   3.049e+49
   0.060→0.040      (F≤0)        3.00     -0.75

====================================================================================================
【窓ごとの c₂,c₃ フィット】中心近く(小 x)だけで見ると係数は正か
====================================================================================================

  k=120
    中心近く x∈[0.04,0.16] (ρ=0.34..0.46):  c₂=    137.3  c₃=   10257.3  c₂/c₃=   0.013
    中間     x∈[0.10,0.25] (ρ=0.25..0.40):  c₂=    868.3  c₃=    5260.1  c₂/c₃=   0.165
    外側     x∈[0.20,0.45] (ρ=0.05..0.30):  c₂=  -7475.6  c₃=   32614.1  c₂/c₃=  -0.229

  k=150
    中心近く x∈[0.04,0.16] (ρ=0.34..0.46):  c₂=    473.6  c₃=    8900.2  c₂/c₃=   0.053
    中間     x∈[0.10,0.25] (ρ=0.25..0.40):  c₂=    998.6  c₃=    5247.0  c₂/c₃=   0.190
    外側     x∈[0.20,0.45] (ρ=0.05..0.30):  c₂=  -7568.1  c₃=   33397.2  c₂/c₃=  -0.227

  k=180
    中心近く x∈[0.04,0.16] (ρ=0.34..0.46):  c₂=    691.7  c₃=    7716.1  c₂/c₃=   0.090
    中間     x∈[0.10,0.25] (ρ=0.25..0.40):  c₂=   1060.3  c₃=    5090.8  c₂/c₃=   0.208
    外側     x∈[0.20,0.45] (ρ=0.05..0.30):  c₂=  -7832.5  c₃=   34291.2  c₂/c₃=  -0.228

====================================================================================================
【E2b】レート関数の普遍性  D_k(ρ) = Î^素数(ρ) − Î^奇数(ρ),  Î = −(1/k)ln(deg(⌊ρT⌋)/2^k)
====================================================================================================
   k     ρ=0.20     ρ=0.30     ρ=0.40     ρ=0.50    符号
  16   +0.02761 +0.03037 +0.03351 +0.03520   一定
  20   +0.02314 +0.02720 +0.02940 +0.03009   一定
  24   +0.01859 +0.02242 +0.02556 +0.02664   一定
  28   +0.01514 +0.02023 +0.02267 +0.02369   一定
  32   +0.01239 +0.01803 +0.02066 +0.02172   一定
  36   +0.01090 +0.01582 +0.01910 +0.02011   一定
  40   +0.00949 +0.01460 +0.01774 +0.01871   一定
  48   +0.00649 +0.01225 +0.01532 +0.01641   一定
  56   +0.00511 +0.01035 +0.01358 +0.01463   一定
  64   +0.00394 +0.00904 +0.01218 +0.01319   一定
