=== lake build ===
info: Pnp/Theory/Total.lean:181:0: 'ALT.underCount_zero_eq_degCount' depends on axioms: [propext, Classical.choice, Quot.sound]
info: Pnp/Theory/Total.lean:182:0: 'ALT.lm_eq_lmPartial' depends on axioms: [propext, Classical.choice, Quot.sound]
info: Pnp/Theory/Total.lean:183:0: 'ALT.lm_eq_lmPartial_of_le' depends on axioms: [propext, Classical.choice, Quot.sound]
info: Pnp/Theory/Total.lean:184:0: 'ALT.sandwich_total' depends on axioms: [propext, Classical.choice, Quot.sound]
✁E[8671/8672] Built Pnp (102s)
Build completed successfully (8672 jobs).

BUILD_EXIT=0
=== check_lean.ps1 (closure + kernel replay) ===
=== negative control: modules that MUST fail ===
  ok Lean4CheckerTests.AddFalse rejected (exit 1)
  ok Lean4CheckerTests.ReplaceAxiom rejected (exit 1)
  ok Lean4CheckerTests.AddFalseConstructor rejected (exit 1)
=== closure check: every CANON file must be reachable from the root module ===
  (not canon, deliberately outside the closure: 10 file(s) under Pnp/Experiments)
  ok all 16 source files are in the closure of Pnp
=== canon: Pnp ===
Searching for modules matching: [Pnp]
Found 17 modules to check
PASS -- every constant of the canon replayed through the kernel (167.2 s)

CHECKLEAN_EXIT=0
