================================================================================================
prop:chardecomp composed with Dirichlet:  S(p) = 4 h(p) log eps_p  for p = 5 mod 8
================================================================================================
      p               S(p)            x         y              eps        S/(4 log eps)    h
      5      1.92484730024            1         1      1.618033989                  1.0    1
     13      4.77905286915            3         1      3.302775638                  1.0    1
     29      6.58892458548            5         1      5.192582404                  1.0    1
     37      9.96711941058           12         2      12.08276253                  1.0    1
     53       7.8628818866            7         1      7.140054945                  1.0    1
     61      14.6568738435           39         5      39.02562419                  1.0    1
    101      11.9928918012           20         2      20.04987562                  1.0    1
    109       22.258140347          261        25      261.0038314                  1.0    1
    149      16.4445700035           61         5      61.01638904                  1.0    1
    157      21.4452568259          213        17      213.0046947                  1.0    1
    173      10.2832587124           13         1      13.07647322                  1.0    1
    181      28.6958356278         1305        97      1305.000766                  1.0    1
    197      13.3339103475           28         2      28.03566885                  1.0    1
    229      32.5495836622           15         1      15.06637298                  3.0    3
    269       20.399614424          164        10      164.0060973                  1.0    1
    277      31.4730176479         2613       157      2613.000383                  1.0    1
    293      11.3466229159           17         1      17.05862138                  1.0    1
    317      17.9550503701           89         5      89.01123454                  1.0    1

  18 primes; 0 that are not a positive integer equal to the known class number
  the left-hand side is a sum of logarithms of cosines.  Nothing in it knows that
  it is supposed to be four times an integer times a regulator.
