==================================================================================================
debts_r226 -- the two things r225 owed, written out.  (1) the head remainder with every
constant, via Im(z^j) rather than a split; (2) the zero really is there, and the reason
is that A(t) is violently steep.  See the header for the argument.
==================================================================================================

--- M0  INSTRUMENT.  Runs first; failure aborts. ---
  M0a  the two Abel identities against direct summation (they carry H1 and H2)
       s=1.5  J=  7   |sum jD - Abel| 2.3e-41   |sum j2D - Abel| 9.18e-41
       s=1.5  J= 40   |sum jD - Abel| 9.18e-41   |sum j2D - Abel| 3.67e-40
       s=2.5  J=  7   |sum jD - Abel| 2.3e-41   |sum j2D - Abel| 4.59e-41
       s=2.5  J= 40   |sum jD - Abel| 2.3e-41   |sum j2D - Abel| 4.59e-41
  M0b  Im(z^j) == rho^j sin(j theta), exactly
       t=0.01   j=  1  |Im(z^j) - rho^j sin| 0.0
       t=0.01   j=  5  |Im(z^j) - rho^j sin| 0.0
       t=0.01   j= 37  |Im(z^j) - rho^j sin| 5.74e-41
       t=0.07   j=  1  |Im(z^j) - rho^j sin| 2.87e-42
       t=0.07   j=  5  |Im(z^j) - rho^j sin| 2.3e-41
       t=0.07   j= 37  |Im(z^j) - rho^j sin| 3.44e-40
  M0c  t_1 at (s,k)=(1,256) against the published value
       here 0.106767212545108  published 0.106767212545108  |diff| 1.53e-16
  -> PASS

--- the measurement at t = t_1 ---
      s       k            t_1      HEAD/t   2 zeta(s)      (H1)/t       (H2)      |err|
    1.5    1024   0.0697582911     3.20491     5.22475     4.58318    2.12132    2.01984
    1.5    2048   0.0502339622     3.39434     5.22475     3.93872    1.89737    1.83041
    1.5    4096   0.0366175392     3.64081     5.22475     3.70710    1.60357    1.58395
    1.5    8192   0.0267398451     3.84425     5.22475     3.37774    1.37649    1.38050
    1.5   16384   0.0195028277     4.02987     5.22475     3.06332    1.17670    1.19488
    1.5   32768   0.0141620444     4.19867     5.22475     2.76382    1.00000    1.02608

    2.0    1024   0.0794766675     2.77596     3.28987     3.41583    0.57143    0.51391
    2.0    2048   0.0594840954     2.87272     3.28987     2.90809    0.44444    0.41715
    2.0    4096   0.0428178653     2.96462     3.28987     2.39779    0.33333    0.32525
    2.0    8192   0.0313640417     3.03796     3.28987     1.98902    0.25000    0.25191
    2.0   16384   0.0229595455     3.10056     3.28987     1.65109    0.18182    0.18931
    2.0   32768   0.0166596990     3.15124     3.28987     1.35479    0.12903    0.13863

    2.5    1024   0.0917620123     2.49520     2.68297     2.81775    0.22680    0.18778
    2.5    2048   0.0659122966     2.55033     2.68297     2.21631    0.14731    0.13264
    2.5    4096   0.0489430903     2.59295     2.68297     1.79268    0.09137    0.09003
    2.5    8192   0.0355906800     2.62247     2.68297     1.39832    0.05738    0.06051
    2.5   16384   0.0260319833     2.64180     2.68297     1.08068    0.03727    0.04117
    2.5   32768   0.0188715143     2.65565     2.68297     0.82255    0.02376    0.02732

    3.5    1024   0.1080021649     2.21901     2.25347     2.25320    0.05009    0.03446
    3.5    2048   0.0798403364     2.23471     2.25347     1.72293    0.02160    0.01876
    3.5    4096   0.0582881522     2.24214     2.25347     1.28054    0.01152    0.01132
    3.5    8192   0.0425639958     2.24709     2.25347     0.94896    0.00561    0.00637
    3.5   16384   0.0312281793     2.25017     2.25347     0.70455    0.00235    0.00329
    3.5   32768   0.0227995999     2.25159     2.25347     0.51741    0.00123    0.00188

    0.5    1024   0.0328917223     5.35306    -2.92071     9.81161        inf    8.27377
    0.5    2048   0.0241521660     6.42829    -2.92071    10.94403        inf    9.34900
    0.5    4096   0.0181700195     7.73485    -2.92071    12.79193        inf   10.65556
    0.5    8192   0.0133039194     9.36846    -2.92071    14.92600        inf   12.28917
    0.5   16384   0.0097200760    11.34074    -2.92071    17.57096        inf   14.26145
    0.5   32768   0.0070659040    13.65327    -2.92071    20.48286        inf   16.57397

  population: 30

--- M1  (H1) |HEAD - 2t sum jD| <= 2 e^2 t^2 sum j2D ---
  24 points, worst lhs/bound = 0.0160 (must be <= 1) -> PASS

--- M2  (H2) |2 sum jD - 2 zeta(s)| <= 2 J^{1-s} s/(s-1) ---
  24 points, worst lhs/bound = 0.9820 (must be <= 1) -> PASS

--- M3  the combined head bound covers the measured error ---
  24 points, worst lhs/bound = 0.3136 (must be <= 1) -> PASS

--- M4  RATES, EACH TERM AGAINST ITS OWN (F108: never test a sum of rates as one) ---
  s=1.5    (H1)/t per t^{s-1}   |   (H2) per t^{s-1}
       k=  1024        17.3528         8.0317
       k=  2048        17.5734         8.4655
       k=  4096        19.3727         8.3800
       k=  8192        20.6560         8.4177
       k= 16384        21.9353         8.4259
       k= 32768        23.2246         8.4031
       max/min: H1 1.199 (<1.8: True) ; H2 1.005 (<1.8: True)
  s=2.0    (H1)/t per t   |   (H2) per t^{s-1}
       k=  1024        42.9791         7.1899
       k=  2048        48.8885         7.4717
       k=  4096        55.9998         7.7849
       k=  8192        63.4173         7.9709
       k= 16384        71.9132         7.9191
       k= 32768        81.3213         7.7452
       max/min: H1 1.452 (<1.8: True) ; H2 1.029 (<1.8: True)
  s=2.5    (H1)/t per t   |   (H2) per t^{s-1}
       k=  1024        30.7072         8.1594
       k=  2048        33.6252         8.7055
       k=  4096        36.6277         8.4383
       k=  8192        39.2889         8.5455
       k= 16384        41.5136         8.8730
       k= 32768        43.5869         9.1648
       max/min: H1 1.190 (<1.8: True) ; H2 1.086 (<1.8: True)
  s=3.5    (H1)/t per t   |   (H2) per t^{s-1}
       k=  1024        20.8625        13.0663
       k=  2048        21.5797        11.9910
       k=  4096        21.9692        14.0476
       k=  8192        22.2949        15.0175
       k= 16384        22.5613        13.6354
       k= 32768        22.6936        15.7139
       max/min: H1 1.033 (<1.8: True) ; H2 1.152 (<1.8: True)
  cases: 4 -> PASS

--- M5  step (b): A is increasing, i.e. 4(k-1)t^2 > 1 ---
  24 points, smallest 4(k-1)t^2 = 19.91 (must be > 1) -> PASS

--- M6  step (a): k theta advances by >= 2 pi over a window of length pi(1+4t^2)/k ---
      this is the claim r225 could only measure
      s       k         window  phase advance       /2pi
    1.5   32768      9.595e-05        12.5664      2.000
    2.0   32768      9.598e-05        12.5664      2.000
    2.5   32768      9.601e-05        12.5664      2.000
    3.5   32768      9.607e-05        12.5664      2.000
  24 points, smallest advance/2pi = 2.0000 (must be >= 1) -> PASS

--- M7  (Z) the explicit bracket, using the COMPUTED head bound E, nothing fitted ---
      s       k             T           t_1          lo          hi  inside      pos
    1.5    1024   0.068592573   0.069758291   0.0447293   0.0955815     yes    0.492
    1.5    2048   0.050208560   0.050233962   0.0360195   0.0659471     yes    0.475
    1.5    4096   0.036693162   0.036617539   0.0278594   0.0462980     yes    0.475
    1.5    8192   0.026769896   0.026739845   0.0213501   0.0325743     yes    0.480
    1.5   16384   0.019497320   0.019502828   0.0161790   0.0230076     yes    0.487
    1.5   32768   0.014177894   0.014162044   0.0121525   0.0162992     yes    0.485

    2.0    1024   0.079513899   0.079476667   0.0672714   0.0949020     yes    0.442
    2.0    2048   0.058377640   0.059484095   0.0513673   0.0669428     yes    0.521
    2.0    4096   0.042783423   0.042817865   0.0388872   0.0474523     yes    0.459
    2.0    8192   0.031294011   0.031364042   0.0291105   0.0338625     yes    0.474
    2.0   16384   0.022846211   0.022959545   0.0216220   0.0242625     yes    0.507
    2.0   32768   0.016648744   0.016659699   0.0159688   0.0174247     yes    0.475

    2.5    1024   0.089706789   0.091762012   0.0814209   0.1011594     yes    0.524
    2.5    2048   0.065919856   0.065912297   0.0615429   0.0718575     yes    0.424
    2.5    4096   0.048359431   0.048943090   0.0459816   0.0515115     yes    0.536
    2.5    8192   0.035408414   0.035590680   0.0341538   0.0370485     yes    0.496
    2.5   16384   0.025875018   0.026031983   0.0252158   0.0267265     yes    0.540
    2.5   32768   0.018873022   0.018871514   0.0185309   0.0193112     yes    0.437

    3.5    1024   0.107677532   0.108002165   0.1024552   0.1161101     yes    0.406
    3.5    2048   0.079126463   0.079840336   0.0764351   0.0833902     yes    0.490
    3.5    4096   0.058076508   0.058288152   0.0567186   0.0602117     yes    0.449
    3.5    8192   0.042553281   0.042563996   0.0418687   0.0436241     yes    0.396
    3.5   16384   0.031120512   0.031228179   0.0307739   0.0316596     yes    0.513
    3.5   32768   0.022716836   0.022799600   0.0225427   0.0229871     yes    0.578

  24 points -> PASS

--- M8  CONTROL: (H2) must NOT cover at s = 0.5, where sum j D_j diverges ---
      s=0.5 k=32768: |2 sum jD - 2 zeta| = 17.08828, bound = undefined (s<=1), ratio = infinite
      (the bound's constant s/(s-1) is not even defined below s=1 -- the argument
       does not merely fail there, it does not apply, which is the honest outcome)
  -> PASS

==================================================================================================
  [M0 instrument] PASS
  [M1 (H1)] PASS
  [M2 (H2)] PASS
  [M3 the] PASS
  [M4 each error term follows its own rate] PASS
  [M5 A is increasing on the range used] PASS
  [M6 the phase sweeps a full period in the window] PASS
  [M7 t_1 inside the explicit bracket (Z)] PASS
  [M8 control: the head bound is specific to s>1] PASS

interpretation belongs in the report, not here.
done.
