====================================================================================================
(A) delta(q) closed form vs the direct residue average,  q = 3..400
====================================================================================================
  worst |direct - closed form| = 9.992e-16 at q = 203
     q    v   -log M_odd    delta(q)      closed
     3    3     0.462098    0.115525    0.115525
     4    2     0.346574    0.000000    0.000000
     5    5     0.554518    0.207944    0.207944
     7    7     0.594126    0.247553    0.247553
     8    4     0.519860    0.173287    0.173287
     9    9     0.616131    0.269557    0.269557
    12    6     0.577623    0.231049    0.231049
    16    8     0.606504    0.259930    0.259930
    20   10     0.623832    0.277259    0.277259

====================================================================================================
(B) the minimum of delta over q != 4  ---  the Step-2 constant, untruncated
====================================================================================================
  min delta(q) over 3 <= q <= 2000, q != 4 :  0.1155245301  at q = 3
  prediction (1/6) log 2                   :  0.1155245301
  |difference| = 1.388e-17      delta(4) = 0.0000000000 (must be 0)
  runner-up: q = 8, delta = 0.173287  ((1/4) log 2 = 0.173287)
  VERDICT: as predicted

====================================================================================================
(C) truncation is inactive: max_j -log|cos(pi j/q)| vs M = log(2Q/pi), q not 2 mod 4
====================================================================================================
  Q =    50:  M =  3.4604,  max over all such q of max_j X =  3.4404 (at q = 49)   -> inactive
  Q =   200:  M =  4.8467,  max over all such q of max_j X =  4.8417 (at q = 199)   -> inactive
  Q =  1000:  M =  6.4562,  max over all such q of max_j X =  6.4552 (at q = 999)   -> inactive

====================================================================================================
(D) q = 2 mod 4: truncated mean, formula [(u-1)log2 - log u + M]/u vs direct
====================================================================================================
  M = log(2Q/pi) = 4.8467 with Q = 200
      q     u     formula      direct       diff  margin over (1/2)log2+delta_min
      6     3    1.711472    1.711472   4.44e-16                         1.249374
     10     5    1.201977    1.201977   0.00e+00                         0.739879
     14     7    1.008530    1.008530   2.22e-16                         0.546432
     22    11    0.852756    0.852756   1.11e-16                         0.390657
     50    25    0.730536    0.730536   3.33e-16                         0.268438
    102    51    0.697495    0.697495   0.00e+00                         0.235397
    198    99    0.688687    0.688687   3.33e-16                         0.226589
  worst |formula - direct| = 4.441e-16

====================================================================================================
(E) THE ASSEMBLED STEP-2 CONSTANT.  min over 3 <= q <= Q, q != 4, of
    (truncated mean at M = log(2Q/pi))  -  (1/2) log 2 .
====================================================================================================
       Q        M      min gap   at q   (1/6) log 2       diff
      20   2.5441   0.11552453      3    0.11552453   9.71e-17
      50   3.4604   0.11552453      3    0.11552453   9.71e-17
     200   4.8467   0.11552453      3    0.11552453   9.71e-17
     600   5.9453   0.11552453      3    0.11552453   9.71e-17

  => STEP 2 HAS AN EXPLICIT CONSTANT.  For every minor-arc modulus q != 4,
     mean X >= (1/2) log 2 + (1/6) log 2,  and the binding competitor is q = 3.
     delta = (1/6) log 2 = 0.1155245301, exactly, and truncation does not eat it.
