====================================================================================================
dense_r216c -- is lambda_eff(k) jagged, or were five powers of two a bad grid?
grid: 23 sizes, 64..2048, deliberately not all powers of two
====================================================================================================

--- INSTRUMENT: constant weights, zero set proved exactly (Thm 2(e), r205) ---
  k=   64 proved=0.0245634248847336271 got=0.0245634248847336271 rel=1.255e-31
  k=  256 proved=0.00613623118978313762 got=0.00613623118978313762 rel=1.507e-30
  k= 1024 proved=0.00153398560071133249 got=0.00153398560071133249 rel=1.13e-29
  cases: 3 -> PASS

--- s = 1 : dense sweep ---
       k                t_1    lam_eff - s     lam_v2 - s
      64     0.186199681452      0.0670656     -0.0247547
      76     0.197105012176        0.36357     -0.0488569
      90     0.166097759871       0.103585     -0.0534111
     107      0.14234039392     -0.0721234     -0.0751217
     128      0.14099938929      0.0489407     -0.0803602
     152      0.13888062248       0.167126     -0.0969732
     181     0.117276984557     -0.0422408      -0.102564
     215     0.112786284708      0.0184862      -0.111427
     256     0.106767212545      0.0525199      -0.121917
     304    0.0909368232848      -0.120547      -0.128752
     362    0.0848105193443      -0.116103      -0.134768
     431    0.0785052467441      -0.124221      -0.140897
     512    0.0723450527056      -0.140888      -0.146865
     609    0.0705984536309     -0.0532039       -0.15201
     724    0.0638282166277      -0.104116      -0.155741
     861    0.0575661511689       -0.15561      -0.161476
    1024    0.0543428673092      -0.127451      -0.164925
    1150    0.0511686753094      -0.145524      -0.167988
    1290    0.0481387716074       -0.16526      -0.171202
    1448     0.047049576091      -0.119151      -0.173661
    1625    0.0439228215306      -0.151938      -0.175753
    1824    0.0425035435922      -0.122322      -0.178777
    2048    0.0394626389525      -0.163407      -0.180714
  population: 23 sizes

--- s = 1.5 : dense sweep ---
       k                t_1    lam_eff - s     lam_v2 - s
      64     0.242192706306       0.305325              -
      76     0.246015538676       0.624258              -
      90     0.206105109371       0.199245              -
     107     0.202248755865       0.373293              -
     128     0.169912096496      0.0232285              -
     152     0.162510365808      0.0980723              -
     181     0.153390466196       0.138429              -
     215     0.143494573808       0.148593              -
     256     0.132615093795       0.123829              -
     304     0.121905956317      0.0804586              -
     362     0.111046577364      0.0153481              -
     431     0.100703494545     -0.0589263              -
     512    0.0915152156291      -0.125266              -
     609    0.0866188204298     -0.0747514              -
     724    0.0813889486865     -0.0433426              -
     861    0.0756801409099     -0.0406053              -
    1024    0.0697582911394     -0.0622077              -
    1150     0.064946939738      -0.123396              -
    1290    0.0626682063882     -0.0853278              -
    1448    0.0581401581488      -0.154937              -
    1625    0.0556071215039      -0.140723              -
    1824    0.0529606912732      -0.137325              -
    2048    0.0502339621596      -0.144384              -
  population: 23 sizes

--- s = 3 : dense sweep ---
       k                t_1    lam_eff - s     lam_v2 - s
      64     0.374158415835        1.30868              -
      76     0.358284267164        1.50544              -
      90     0.297030154345       0.529226              -
     107     0.277246220842       0.520182              -
     128     0.255304072065       0.438998              -
     152     0.235029388702       0.342555              -
     181     0.214862539171       0.214787              -
     215     0.208854442707       0.492448              -
     256     0.187176502632       0.234873              -
     304     0.177916959806       0.366418              -
     362     0.158162424449      0.0740341              -
     431     0.147058025422      0.0730851              -
     512     0.135936192482       0.033208              -
     609     0.124801795587     -0.0412535              -
     724     0.117482386098      0.0350934              -
     861     0.109590773773      0.0602498              -
    1024     0.101278870043      0.0306947              -
    1150    0.0956336195221     -0.0152162              -
    1290    0.0901594964144     -0.0719112              -
    1448    0.0867101847765     -0.0082149              -
    1625    0.0812055430917      -0.101198              -
    1824    0.0774507220562     -0.0856885              -
    2048    0.0735600788315     -0.0931262              -
  population: 23 sizes

--- J2  control: the dense grid must reproduce the published values at the shared k ---
  k=   64 published=   0.0670656 dense=   0.0670656 |diff|=1.52e-8
  k=  128 published=   0.0489407 dense=   0.0489407 |diff|=2.26e-8
  k=  256 published=   0.0525199 dense=   0.0525199 |diff|=1.44e-8
  k=  512 published=   -0.140888 dense=   -0.140888 |diff|=2.46e-7
  k= 1024 published=   -0.127451 dense=   -0.127451 |diff|=4.72e-7
  cases: 5 -> PASS

--- J1/J4  reversals in the first difference, on the dense grid ---
       s      sizes  reversals         verdict (registered)
       1         23         15 JAGGED -- property of object
     1.5         23         11 JAGGED -- property of object
       3         23         11 JAGGED -- property of object

--- J3  the model on the same grid (s = 1) ---
  model reversals: 0 over 23 sizes -> SMOOTH as registered

====================================================================================================
  [instrument] PASS
  [J2 agrees with the published column] PASS
  [J3 model smooth] PASS

interpretation belongs in the report, not here.
done.
