================================================================================================================
【E2a-4】補正則  ratio(ρ,k) − 1  の形。剛性は確定済みなので、1 への近づき方を測る
================================================================================================================
   k    N=a_k    T      ρ=0.10     ρ=0.15     ρ=0.20     ρ=0.25     ρ=0.30     ρ=0.35     ρ=0.40     ρ=0.45   
  60    283    7980  +6.43e-03 +5.08e-03 +2.30e-03 +1.68e-03 +7.18e-04 +4.38e-04 +2.64e-05 -3.06e-05   (0.0s)
  80    419   15114  +4.13e-03 +2.26e-03 +1.37e-03 +7.96e-04 +4.38e-04 +2.08e-04 +6.15e-05 -1.96e-05   (0.1s)
 100    547   24678  +2.38e-03 +1.36e-03 +8.09e-04 +4.74e-04 +2.65e-04 +1.28e-04 +4.08e-05 -7.36e-06   (0.1s)
 120    661   36886  +1.62e-03 +8.88e-04 +5.28e-04 +3.12e-04 +1.75e-04 +8.58e-05 +2.92e-05 -2.17e-06   (0.2s)
 140    811   51696  +1.13e-03 +6.25e-04 +3.71e-04 +2.20e-04 +1.24e-04 +6.14e-05 +2.18e-05 -2.55e-07   (0.3s)

================================================================================================================
【ρ 依存の形】固定 k で  log(ratio−1)  vs  log(1/2−ρ)  の傾き α
================================================================================================================
   k= 60: α =  3.713   (R²=0.9526, 点数=7)
   k= 80: α =  2.935   (R²=0.9957, 点数=7)
   k=100: α =  2.851   (R²=0.9954, 点数=7)
   k=120: α =  2.806   (R²=0.9930, 点数=7)
   k=140: α =  2.765   (R²=0.9923, 点数=7)

================================================================================================================
【k 依存の形】固定 ρ で  log(ratio−1)  vs  log k  の傾き −β
================================================================================================================
   ρ=0.10: β =  2.086   (R²=0.9926, 点数=5)
   ρ=0.15: β =  2.454   (R²=0.9976, 点数=5)
   ρ=0.20: β =  2.178   (R²=0.9968, 点数=5)
   ρ=0.25: β =  2.387   (R²=0.9991, 点数=5)
   ρ=0.30: β =  2.093   (R²=0.9963, 点数=5)
   ρ=0.35: β =  2.303   (R²=0.9982, 点数=5)
   ρ=0.40: β =  0.412   (R²=0.1137, 点数=5)

  【注意 V3】点数が少ないので指数は当てない。上は『形の見当』であって主張ではない。
