============================================================================================================
【E2a-5 データ崩壊テスト】どの変数で書けば k 依存が消えるか
============================================================================================================

  ■ dev·N²/(1/2−ρ)²   [傾き (1/2−ρ)/N]
     k    ρ=0.10     ρ=0.15     ρ=0.20     ρ=0.25     ρ=0.30     ρ=0.35      列内変動(max/min)
    60   3.22e+03  3.32e+03  2.05e+03  2.15e+03  1.44e+03  1.56e+03        2.31
    80   4.54e+03  3.24e+03  2.67e+03  2.24e+03  1.92e+03  1.62e+03        2.80
   100   4.45e+03  3.32e+03  2.69e+03  2.27e+03  1.98e+03   1.7e+03        2.62
   120   4.42e+03  3.17e+03  2.56e+03  2.18e+03  1.91e+03  1.67e+03        2.65
   140   4.64e+03  3.36e+03  2.71e+03  2.32e+03  2.04e+03  1.79e+03        2.58
   160   4.63e+03  3.36e+03  2.72e+03  2.32e+03  2.05e+03  1.82e+03        2.55
     ⇒ 全体の max/min =     3.23   崩壊せず

  ■ dev·k²/(1/2−ρ)²   [(1/2−ρ)/k]
     k    ρ=0.10     ρ=0.15     ρ=0.20     ρ=0.25     ρ=0.30     ρ=0.35      列内変動(max/min)
    60        145       149      92.1      96.6      64.6        70        2.31
    80        165       118      97.2      81.5        70      59.1        2.80
   100        149       111      89.9      75.9      66.1      56.9        2.62
   120        146       104      84.5        72      63.1      54.9        2.65
   140        138       100      80.8      69.1      60.8      53.5        2.58
   160        132      95.9      77.5      66.3      58.6      51.9        2.55
     ⇒ 全体の max/min =     3.19   崩壊せず

  ■ dev/((1/2−ρ)²k)   [z値 z²=3k(..)²]
     k    ρ=0.10     ρ=0.15     ρ=0.20     ρ=0.25     ρ=0.30     ρ=0.35      列内変動(max/min)
    60   0.000669  0.000691  0.000426  0.000447  0.000299  0.000324        2.31
    80   0.000323  0.000231   0.00019  0.000159  0.000137  0.000115        2.80
   100   0.000149  0.000111  8.99e-05  7.59e-05  6.61e-05  5.69e-05        2.62
   120   8.42e-05  6.04e-05  4.89e-05  4.17e-05  3.65e-05  3.18e-05        2.65
   140   5.04e-05  3.65e-05  2.94e-05  2.52e-05  2.22e-05  1.95e-05        2.58
   160   3.23e-05  2.34e-05  1.89e-05  1.62e-05  1.43e-05  1.27e-05        2.55
     ⇒ 全体の max/min =    54.56   崩壊せず

  ■ dev·(T/S2)^-2/(1/2−ρ)² [s=4(..)T/S2]
     k    ρ=0.10     ρ=0.15     ρ=0.20     ρ=0.25     ρ=0.30     ρ=0.35      列内変動(max/min)
    60   1.44e+03  1.49e+03       919       964       645       699        2.31
    80   1.89e+03  1.35e+03  1.11e+03       930       798       674        2.80
   100   1.84e+03  1.37e+03  1.11e+03       940       819       704        2.62
   120   1.94e+03  1.39e+03  1.13e+03       959       841       732        2.65
   140   1.95e+03  1.41e+03  1.14e+03       972       856       753        2.58
   160   1.96e+03  1.42e+03  1.15e+03       983       867       769        2.55
     ⇒ 全体の max/min =     3.04   崩壊せず

============================================================================================================
【最も良い変数での定数】
============================================================================================================
  dev·(T/S2)^-2/(1/2−ρ)² [s=4(..)T/S2]
  値の範囲: 644.7 〜 1957   中央値 982.5
