==========================================================================================================
【F = dev × N²】(N = a_k = 最大元)。行が k、列が ρ。k で一定なら崩壊
==========================================================================================================
   k    N     ρ=0.05    ρ=0.10    ρ=0.15    ρ=0.20    ρ=0.25    ρ=0.30    ρ=0.35    ρ=0.40  
  80   419    1743.5    725.9    397.5    240.0    139.7     76.8     36.5     10.8
 100   547    1873.3    712.3    406.5    242.1    141.9     79.2     38.3     12.2
 120   661    1599.3    706.5    388.1    230.8    136.5     76.6     37.5     12.8
 140   811    1733.3    742.1    411.2    244.0    144.8     81.6     40.4     14.3
 160   947    1693.7    740.7    411.4    244.4    145.3     82.1     40.9     14.9
 180  1087    1689.4    742.7    412.7    245.3    146.0     82.7     41.5     15.4

  列ごとの k 方向の変動 (k≥80 の max/min):
   ρ    :     0.05     0.10     0.15     0.20     0.25     0.30     0.35     0.40
   変動 :     1.17     1.05     1.06     1.06     1.07     1.08     1.14     1.43

==========================================================================================================
【ρ の形】F(ρ) = C·(1/2−ρ)^α の指数 α(各 k で独立にフィット)
==========================================================================================================
   k= 80:  α =  3.160   C =  13454.7   R² = 0.97936   (点数 8)
   k=100:  α =  3.107   C =  12973.4   R² = 0.97341   (点数 8)
   k=120:  α =  3.028   C =  11174.9   R² = 0.97662   (点数 8)
   k=140:  α =  3.001   C =  11525.2   R² = 0.97361   (点数 8)
   k=160:  α =  2.969   C =  11084.1   R² = 0.97351   (点数 8)
   k=180:  α =  2.949   C =  10873.1   R² = 0.97279   (点数 8)

  【立方(α=3)を仮定したときの C = F/(1/2−ρ)³ の一定性】
   k      ρ=0.05    ρ=0.10    ρ=0.15    ρ=0.20    ρ=0.25    ρ=0.30    ρ=0.35    ρ=0.40  
  80      19133    11342     9271     8888     8943     9602    10805    10788
 100      20558    11130     9482     8968     9083     9896    11342    12201
 120      17550    11039     9052     8548     8738     9574    11107    12773
 140      19021    11595     9591     9037     9269    10200    11962    14310
 160      18587    11574     9596     9051     9296    10260    12122    14900
 180      18540    11605     9626     9083     9342    10334    12283    15400
