========================================================================================================
【無次元の傾き w = |s|·N】  ρ とは非線形に対応する。線形近似 w≈6(1/2−ρ) との比較
========================================================================================================
   k     ρ=0.05   ρ=0.10   ρ=0.15   ρ=0.20   ρ=0.25   ρ=0.30   ρ=0.35   ρ=0.40 
  80    6.1365   4.0081   2.9761   2.2941   1.7749   1.3464   0.9730   0.6326 
 120    5.9317   3.8849   2.8887   2.2279   1.7249   1.3093   0.9460   0.6153 
 160    6.0292   3.9550   2.9425   2.2701   1.7578   1.3343   0.9642   0.6270 
 180    6.0164   3.9478   2.9375   2.2665   1.7551   1.3322   0.9628   0.6261 
  線形   2.7000   2.4000   2.1000   1.8000   1.5000   1.2000   0.9000   0.6000   ← 6(1/2−ρ)

========================================================================================================
【F = dev·N² を w の関数として】 F/w³ が一定になるか(端の立ち上がりが直るか)
========================================================================================================
   k     ρ=0.05   ρ=0.10   ρ=0.15   ρ=0.20   ρ=0.25   ρ=0.30   ρ=0.35   ρ=0.40 
  80      7.55    11.27    15.08    19.88    24.99    31.47    39.59    42.62 
 120      7.66    12.05    16.10    20.87    26.60    34.12    44.27    54.84 
 160      7.73    11.97    16.15    20.89    26.74    34.55    45.65    60.44 
 180      7.76    12.07    16.28    21.06    27.00    34.96    46.45    62.75 

  比較: (1/2−ρ)³ で割った場合(前回の表を再掲・端で 2 倍に暴れていた)
   k     ρ=0.05   ρ=0.10   ρ=0.15   ρ=0.20   ρ=0.25   ρ=0.30   ρ=0.35   ρ=0.40 
  80     19.13    11.34     9.27     8.89     8.94     9.60    10.81    10.79   (×10³)
 120     17.55    11.04     9.05     8.55     8.74     9.57    11.11    12.77   (×10³)
 160     18.59    11.57     9.60     9.05     9.30    10.26    12.12    14.90   (×10³)
 180     18.54    11.60     9.63     9.08     9.34    10.33    12.28    15.40   (×10³)

  F/w³        : 全体の max/min =   8.32   中央値 24.99
  F/(1/2−ρ)³  : 全体の max/min =   2.24   中央値 1.079e+04
