========================================================================================================
【V1 正しさ検査①】層別公式 vs 総当たり (k=12..17、ρ=0.30/0.40/0.50)
========================================================================================================
  k= 12 ρ=0.30 n=   70  層別=(lm=      117, deg=      21)  総当たり=(lm=      117, deg=      21)  OK
  k= 12 ρ=0.40 n=   94  層別=(lm=      184, deg=      33)  総当たり=(lm=      184, deg=      33)  OK
  k= 12 ρ=0.50 n=  118  層別=(lm=      214, deg=      38)  総当たり=(lm=      214, deg=      38)  OK
  k= 14 ρ=0.30 n=   97  層別=(lm=      301, deg=      57)  総当たり=(lm=      301, deg=      57)  OK
  k= 14 ρ=0.40 n=  130  層別=(lm=      563, deg=     103)  総当たり=(lm=      563, deg=     103)  OK
  k= 14 ρ=0.50 n=  163  層別=(lm=      628, deg=     126)  総当たり=(lm=      628, deg=     126)  OK
  k= 16 ρ=0.30 n=  131  層別=(lm=      915, deg=     171)  総当たり=(lm=      915, deg=     171)  OK
  k= 16 ρ=0.40 n=  175  層別=(lm=     1657, deg=     320)  総当たり=(lm=     1657, deg=     320)  OK
  k= 16 ρ=0.50 n=  219  層別=(lm=     2138, deg=     394)  総当たり=(lm=     2138, deg=     394)  OK
  k= 17 ρ=0.30 n=  149  層別=(lm=     1555, deg=     286)  総当たり=(lm=     1555, deg=     286)  OK
  k= 17 ρ=0.40 n=  199  層別=(lm=     2954, deg=     569)  総当たり=(lm=     2954, deg=     569)  OK
  k= 17 ρ=0.50 n=  249  層別=(lm=     3831, deg=     708)  総当たり=(lm=     3831, deg=     708)  OK
  ⇒ 全件一致 ✓

========================================================================================================
【V1 正しさ検査②】反射定理 lm(n) = lm(T−n)(無料の検査。1件でも破れたらDPのバグ)
========================================================================================================
  k= 16 n=  131 vs T−n=  307:  lm 915 / 915   deg 171 / 171   一致 ✓
  k= 16 n=  153 vs T−n=  285:  lm 1348 / 1348   deg 244 / 244   一致 ✓
  k= 16 n=  175 vs T−n=  263:  lm 1657 / 1657   deg 320 / 320   一致 ✓
  k= 16 n=  197 vs T−n=  241:  lm 1946 / 1946   deg 369 / 369   一致 ✓
  k= 20 n=  213 vs T−n=  497:  lm 8074 / 8074   deg 1484 / 1484   一致 ✓
  k= 20 n=  248 vs T−n=  462:  lm 12678 / 12678   deg 2384 / 2384   一致 ✓
  k= 20 n=  284 vs T−n=  426:  lm 17718 / 17718   deg 3343 / 3343   一致 ✓
  k= 20 n=  319 vs T−n=  391:  lm 21336 / 21336   deg 4067 / 4067   一致 ✓
  k= 24 n=  317 vs T−n=  741:  lm 75134 / 75134   deg 13914 / 13914   一致 ✓
  k= 24 n=  370 vs T−n=  688:  lm 134426 / 134426   deg 24870 / 24870   一致 ✓
  k= 24 n=  423 vs T−n=  635:  lm 199790 / 199790   deg 37230 / 37230   一致 ✓
  k= 24 n=  476 vs T−n=  582:  lm 251036 / 251036   deg 47216 / 47216   一致 ✓
  k= 26 n=  378 vs T−n=  884:  lm 231190 / 231190   deg 43261 / 43261   一致 ✓
  k= 26 n=  441 vs T−n=  821:  lm 436785 / 436785   deg 81202 / 81202   一致 ✓
  k= 26 n=  504 vs T−n=  758:  lm 671635 / 671635   deg 126083 / 126083   一致 ✓
  k= 26 n=  567 vs T−n=  695:  lm 875428 / 875428   deg 163444 / 163444   一致 ✓
  ⇒ 全件一致 ✓

========================================================================================================
【E2a 本測定】ratio(ρ,k) = [lm/deg] ÷ Γ(P_k)   —— 剛性(R): 全ρで→1 / ドリフト(D): ρごとに別値
========================================================================================================
  k   Γ(P_k)      ρ=0.30         ρ=0.35         ρ=0.40         ρ=0.45         ρ=0.50      
  16   5.34828    (deg小)     (deg小)     (deg小)     (deg小)     (deg小)  
  18   5.34900    (deg小)     (deg小)     (deg小)     (deg小)     (deg小)  
  20   5.34921    (deg小)     (deg小)     (deg小)     (deg小)     (deg小)  
  22   5.34927    (deg小)     (deg小)      0.99311      0.99245      1.00746  
  24   5.34928     1.00946      1.01044      1.00319      0.99392      0.98980  
  26   5.34929     0.99903      1.00555      0.99582      1.00128      0.99196  
  28   5.34929     1.00622      0.99562      1.00212      1.00082      0.99388  
  30   5.34929     1.00518      0.99693      1.00170      1.00054      0.99532  
  32   5.34929     0.99953      1.00027      1.00071      0.99809      1.00150  
  34   5.34929     1.00505      1.00331      1.00202      1.00127      1.00106  
  36   5.34929     1.00080      1.00197      0.99905      1.00023      0.99788  
  38   5.34929     1.00319      1.00137      0.99933      0.99904      1.00045  
  40   5.34929     1.00071      1.00098      1.00093      1.00012      0.99870  

  【生値】(粒度ガード deg<10⁴ の確認用)
   k    ρ=0.30: deg / lm              ρ=0.35: deg / lm              ρ=0.40: deg / lm            
  16             171 / 915                    244 / 1348                   320 / 1657        
  20            1484 / 8074                  2384 / 12678                 3343 / 17718       
  24           13914 / 75134                24870 / 134426               37230 / 199790      
  28          136292 / 733601              270745 / 1441951             436374 / 2339235     
  32         1380270 / 7379990            3049665 / 16317958           5252871 / 28118987    
  36        14417068 / 77182959          35004335 / 187616904         64816699 / 346394014   
  40       153579432 / 822121935        412568019 / 2209104282       819165514 / 4386038829  

  【判定材料】各 ρ 列で k↑ のとき ratio が 1 に向かうか(単調性)
   ρ     k=16      k=24      k=32      k=40     |ratio−1| の推移
  0.30    ---      1.00946   0.99953   1.00071    0.0095 → 0.0005 → 0.0007   減少(非単調)
  0.35    ---      1.01044   1.00027   1.00098    0.0104 → 0.0003 → 0.0010   減少(非単調)
  0.40    ---      1.00319   1.00071   1.00093    0.0032 → 0.0007 → 0.0009   減少(非単調)
  0.45    ---      0.99392   0.99809   1.00012    0.0061 → 0.0019 → 0.0001   単調減少 ✓
  0.50    ---      0.98980   1.00150   0.99870    0.0102 → 0.0015 → 0.0013   単調減少 ✓
