========================================================================================================
E4 STEP 1 -- the profile-dependent prediction:  (4T/S2)*N  should be 6, 7, 6, 6
========================================================================================================
  ensemble                    k=16    k=24    k=32    k=40    k=48     predicted
  odds 1,3,..,2k-1             5.818   5.878   5.908   5.926   5.938      6
  cubes 2*floor(i^3/2)+1       6.414   6.594   6.690   6.749   6.789      7
  primes 3,5,7,..              6.170   6.239   6.228   6.147   6.241      6
  random odd (seed 1)          5.626   5.885   6.057   5.879   5.818      6

  (for a_i ~ i^alpha the limit is 4(2a+1)/(a+1): alpha=1 -> 6, alpha=3 -> 7)

========================================================================================================
E4 STEP 2 -- correctness checks per ensemble: reflection lm(n)=lm(T-n) must hold exactly
========================================================================================================
  odds 1,3,..,2k-1           k=16:OK  k=24:OK  k=32:OK   -> PASS
  cubes 2*floor(i^3/2)+1     k=16:OK  k=24:OK  k=32:OK   -> PASS
  primes 3,5,7,..            k=16:OK  k=24:OK  k=32:OK   -> PASS
  random odd (seed 1)        k=16:OK  k=24:OK  k=32:OK   -> PASS

================================================================================================================
E4 STEP 3 -- the actual test: does Qhat_ens = dev / lambda_ens^2 collapse in k WITHIN each ensemble?
   dev = (lm/deg)/Gamma(A) - 1,  lambda_ens = (T/2 - n)/V,  V = S2/4,  all from the sequence's own T,S2
================================================================================================================

  ### odds 1,3,..,2k-1
      x=1/2-rho:   0.25      0.20      0.15      0.10         Gamma      (4T/S2)N
   k= 16     ---       ---       ---       ---         2.999     5.818  (0.0s)
   k= 20     ---       ---       ---       ---         3.000     5.854  (0.0s)
   k= 24      14.22     10.28      5.02     -6.48      3.000     5.878  (0.0s)
   k= 28      16.71     13.21      8.14     -5.33      3.000     5.895  (0.0s)
   k= 32      18.19     14.52      9.53     -2.27      3.000     5.908  (0.0s)
   k= 36      19.26     15.53     10.74      0.22      3.000     5.918  (0.0s)
   k= 40      20.03     16.36     11.79      1.98      3.000     5.926  (0.0s)
      k-stability (max/min over k, using k>=24):
                  1.41      1.59      2.35     ---   

  ### cubes 2*floor(i^3/2)+1
      x=1/2-rho:   0.25      0.20      0.15      0.10         Gamma      (4T/S2)N
   k= 16     ---       ---       ---       ---        26.243     6.414  (0.0s)
   k= 20     ---       ---       ---       ---        26.323     6.520  (0.0s)
   k= 24     ---       ---       ---       ---        26.332     6.594  (0.0s)
   k= 28     ---       ---       ---       ---        26.333     6.649  (0.0s)
   k= 32     ---    175487411.37 326161258.85 148888447.82     26.333     6.690  (0.0s)
   k= 36  87892236.95 -197716020.32 -224721010.53 826714138.71     26.333     6.723  (0.1s)
   k= 40  307499763.11 -291132987.89 668302495.68 346174448.35     26.333     6.749  (0.1s)
      k-stability (max/min over k, using k>=24):
                 ---       ---       ---        5.55 

  ### primes 3,5,7,..
      x=1/2-rho:   0.25      0.20      0.15      0.10         Gamma      (4T/S2)N
   k= 16     ---       ---       ---       ---         5.348     6.170  (0.0s)
   k= 20     ---       ---       ---       ---         5.349     5.868  (0.0s)
   k= 24     ---        56.94    111.76     76.92      5.349     6.239  (0.0s)
   k= 28      71.60     53.63    -67.11     73.05      5.349     5.862  (0.0s)
   k= 32      80.19     -5.67      5.83     34.08      5.349     6.228  (0.0s)
   k= 36      69.50     13.06     56.85    -61.52      5.349     6.148  (0.0s)
   k= 40      24.51     14.99     36.81     78.78      5.349     6.147  (0.0s)
      k-stability (max/min over k, using k>=24):
                  3.27     ---       ---       ---   

  ### random odd (seed 1)
      x=1/2-rho:   0.25      0.20      0.15      0.10         Gamma      (4T/S2)N
   k= 16     ---       ---       ---       ---         4.305     5.626  (0.0s)
   k= 20     ---       ---       ---       ---         5.346     6.125  (0.0s)
   k= 24     ---        34.07     19.25    -40.22      3.666     5.885  (0.0s)
   k= 28      69.32     50.93     32.59    -25.33      4.391     5.686  (0.0s)
   k= 32     129.30     97.57     67.84     -8.82      5.797     6.057  (0.0s)
   k= 36      86.91     68.94     46.89     -0.47      4.324     6.259  (0.0s)
   k= 40      91.27     73.87     52.55      7.85      3.702     5.879  (0.0s)
      k-stability (max/min over k, using k>=24):
                  1.87      2.86      3.52     ---   
