====================================================================================================
VALIDATION: float64 DP vs exact int64 DP (k=40, primes and cubes)
====================================================================================================
  primes  : lm/deg exact=5.353073157609  float=5.353073157609   rel.diff=0.00e+00
  cubes   : lm/deg exact=22.923076587342  float=22.923076587342   rel.diff=0.00e+00
  odds    : lm/deg exact=3.011044005500  float=3.011044005500   rel.diff=0.00e+00

================================================================================================================
E4 (redone): Qhat_ens = dev/lambda_ens^2 at k where the ripple has cleared
================================================================================================================

  ### odds 1,3,..
      x = 1/2-rho:    0.20       0.15       0.10       Gamma    (4T/S2)N   time
   k=  60     18.85     15.23      8.21      3.000    5.950   (0.0s)
   k= 100     20.79     17.96     13.29      3.000    5.970   (0.0s)
   k= 140     21.63     19.14     15.50      3.000    5.979   (0.0s)
   k= 180     22.10     19.80     16.73      3.000    5.983   (0.0s)
   k= 220     22.40     20.22     17.52      3.000    5.986   (0.0s)
      k-stability (max/min over the two largest k):
                  1.04      1.06      1.13 

  ### cubes ~i^3
      x = 1/2-rho:    0.20       0.15       0.10       Gamma    (4T/S2)N   time
   k=  30    ---       ---    -219421640.30     26.333    6.671   (0.0s)
   k=  40 -291132987.89 668302495.68 346174448.35     26.333    6.749   (0.1s)
   k=  50 -289540697.75 1233386162.72 -1253128269.47     26.333    6.798   (0.2s)
   k=  60 775910703.96 930377840.06 -1166640288.81     26.333    6.830   (0.6s)
   k=  70 1144666962.69 515178413.91 -1782450388.88     26.333    6.854   (0.9s)
      k-stability (max/min over the two largest k):
                 ---        2.39     ---   

  ### primes
      x = 1/2-rho:    0.20       0.15       0.10       Gamma    (4T/S2)N   time
   k=  60     40.30     43.68      5.93      5.349    5.972   (0.0s)
   k= 100     51.18     44.00     31.55      5.349    6.218   (0.0s)
   k= 140     53.49     47.05     37.52      5.349    6.175   (0.0s)
   k= 180     54.76     48.81     40.81      5.349    6.143   (0.0s)
   k= 220     55.57     49.94     42.91      5.349    6.173   (0.0s)
      k-stability (max/min over the two largest k):
                  1.04      1.06      1.14 

  ### random odd (med 3 seed)
      x = 1/2-rho:    0.20       0.15       0.10       Gamma    (4T/S2)N   time
   k=  60    104.40     84.77     46.53    (3 seeds, median)      (0.0s)
   k= 100    166.52    144.47    108.19    (3 seeds, median)      (0.0s)
   k= 140    128.11    113.64     92.49    (3 seeds, median)      (0.0s)
   k= 180    144.80    129.99    110.35    (3 seeds, median)      (0.0s)
   k= 220    161.28    145.40    125.55    (3 seeds, median)      (0.0s)
      k-stability (max/min over the two largest k):
                  1.26      1.28      1.36 
