====================================================================================================================
E4 (centred): Qhat_c = (dev(x) - dev(0)) / lambda^2 .  Collapse in k within each ensemble?
====================================================================================================================

  ### odds ~i
      x:     0.20         0.15         0.10        dev(0)      (4T/S2)N   time
   k= 100      22.46      20.92      19.94  -5.99e-05    5.970   (0.0s)
   k= 140      22.83      21.26      20.27  -2.19e-05    5.979   (0.0s)
   k= 180      23.03      21.45      20.46  -1.04e-05    5.983   (0.0s)
   k= 220      23.16      21.58      20.57  -5.68e-06    5.986   (0.0s)
      k-stability over the 3 largest k (max/min):
                  1.01       1.01       1.01 

  ### squares ~i^2
      x:     0.20         0.15         0.10        dev(0)      (4T/S2)N   time
   k=  80    1373.64    2134.38    1119.32  -1.88e-05    6.586   (0.0s)
   k= 110    1038.84     928.03     920.39  -1.24e-06    6.607   (0.1s)
   k= 140    1028.63     948.99     899.30  -3.26e-07    6.620   (0.2s)
   k= 170    1040.01     959.21     908.74  -1.25e-07    6.628   (0.4s)
      k-stability over the 3 largest k (max/min):
                  1.01       1.03       1.02 

  ### cubes ~i^3
      x:     0.20         0.15         0.10        dev(0)      (4T/S2)N   time
   k=  40 -662152655.35 8725054.49 -1137904221.50  +1.65e-01    6.749   (0.1s)
   k=  50 -917379924.03 117232115.51 -3764485174.56  +7.43e-02    6.798   (0.2s)
   k=  60 1557486000.67 2319842268.22 1959660898.03  -3.13e-02    6.830   (0.5s)
   k=  70 2238490311.71 2459753256.61 2592843007.19  -1.75e-02    6.854   (0.9s)
      k-stability over the 3 largest k (max/min):
                 ---        20.98      ---   

  ### primes
      x:     0.20         0.15         0.10        dev(0)      (4T/S2)N   time
   k= 100      55.56      51.78      49.06  -2.26e-05    6.218   (0.0s)
   k= 140      56.65      52.66      50.15  -7.32e-06    6.175   (0.0s)
   k= 180      57.22      53.19      50.65  -3.14e-06    6.143   (0.0s)
   k= 220      57.58      53.52      50.96  -1.61e-06    6.173   (0.0s)
      k-stability over the 3 largest k (max/min):
                  1.02       1.02       1.02 

====================================================================================================================
Reference: the UNcentred Qhat for the same runs, to show what the centring fixes
====================================================================================================================
  cubes ~i^3 k=40:  uncentred ['-2.911e+08', '6.683e+08', '3.462e+08']   centred ['-662152655.35', '8725054.49', '-1137904221.50']
  cubes ~i^3 k=50:  uncentred ['-2.895e+08', '1.233e+09', '-1.253e+09']   centred ['-917379924.03', '117232115.51', '-3764485174.56']
  cubes ~i^3 k=60:  uncentred ['7.759e+08', '9.304e+08', '-1.167e+09']   centred ['1557486000.67', '2319842268.22', '1959660898.03']
  cubes ~i^3 k=70:  uncentred ['1.145e+09', '5.152e+08', '-1.782e+09']   centred ['2238490311.71', '2459753256.61', '2592843007.19']
