========================================================================================================
E7 / r102 -- M = 20 random odd instances (Cramer model), full paper-3 pipeline
  seed = 102;  x = 0.5 - rho in [0.06, 0.09999999999999998, 0.2, 0.3]
========================================================================================================

--------------------------------------------------------------------------------------------------------
  target E|A| = 120   (Cramer cut-off N = 623;  for comparison the 120th odd prime is 661)
--------------------------------------------------------------------------------------------------------
   inst     k   a_1  Gamma=Phi(0)  meas/Gamma-1  (H) series        W   R(x=0.06)  R(x=0.10)  R(x=0.20)  R(x=0.30)
      0   115     3      5.125479    -7.853e-06      171.20    455.0      1.765%     1.780%     1.861%     2.054%
      1   118     3      5.260257    -1.163e-05      236.39    487.0      1.806%     1.821%     1.900%     2.089%
      2   119     3      5.131965    -1.311e-05      283.11    615.5      1.738%     1.753%     1.836%     2.037%
      3   122     3      5.011479    -8.767e-06      163.05    440.0      1.830%     1.844%     1.919%     2.097%
      4   120     3      5.000500    -7.564e-06      133.79    400.0      1.869%     1.883%     1.958%     2.142%
      5   135     3      5.005343    -6.519e-06      147.26    445.0      1.465%     1.475%     1.534%     1.674%
      6   123     3      5.057630    -1.179e-05      228.22    573.5      1.714%     1.729%     1.807%     1.997%
      7   107     3      5.006479    -8.988e-06      153.26    504.0      2.140%     2.158%     2.259%     2.502%
      8   118     3      5.002900    -6.878e-06      142.86    443.0      1.785%     1.800%     1.880%     2.071%
      9   132     3      5.143627    -9.018e-06      208.86    590.5      1.530%     1.543%     1.612%     1.780%
     10   133     3      5.255659    -1.427e-05      320.79    572.5      1.597%     1.610%     1.681%     1.855%
     11   101     3      5.291691    -1.612e-05      274.18    591.5      2.185%     2.203%     2.302%     2.544%
     12   112     3      5.134872    -1.511e-05      298.55    598.5      1.840%     1.855%     1.940%     2.146%
     13   124     3      5.161203    -1.195e-05      244.91    574.5      1.635%     1.647%     1.716%     1.881%
     14   120     3      5.020791    -8.321e-06      164.04    435.0      1.829%     1.844%     1.923%     2.114%
     15   112     3      5.142617    -1.345e-05      246.91    488.0      1.972%     1.988%     2.077%     2.294%
     16   123     3      5.002137    -7.950e-06      137.74    416.0      1.918%     1.932%     2.010%     2.197%
     17   127     3      5.063973    -8.516e-06      166.41    411.0      1.706%     1.718%     1.785%     1.946%
     18   113     3      5.033390    -8.315e-06      162.17    551.5      1.875%     1.891%     1.974%     2.174%
     19   106     3      5.010017    -1.097e-05      169.72    502.0      2.188%     2.206%     2.298%     2.523%

  cross-instance concentration (20 instances, k in [101,135]):
           x    mean R%     sd R%   mean k*R    sd k*R   sd/mean   min k*R   max k*R
        0.06      1.819     0.197     214.96     10.58    0.0492    197.71    235.90
        0.10      1.834     0.199     216.69     10.65    0.0491    199.18    237.67
        0.20      1.914     0.209     226.07     11.00    0.0487    207.07    247.24
        0.30      2.106     0.233     248.74     11.95    0.0481    225.94    270.20

  reference, same k = 119:
        primes   119     3      5.349288    -1.262e-05      305.14    630.5      1.680%     1.764%     1.838%     1.940%   k*R =  199.92  209.97  218.73  230.88
          odds   119     1      3.000000    -3.564e-05       69.50    287.5      1.634%     1.648%     1.726%     1.918%   k*R =  194.44  196.15  205.45  228.19

--------------------------------------------------------------------------------------------------------
  target E|A| = 180   (Cramer cut-off N = 1025;  for comparison the 180th odd prime is 1087)
--------------------------------------------------------------------------------------------------------
   inst     k   a_1  Gamma=Phi(0)  meas/Gamma-1  (H) series        W   R(x=0.06)  R(x=0.10)  R(x=0.20)  R(x=0.30)
      0   181     3      5.015908    -2.057e-06      163.86    520.5      1.118%     1.126%     1.172%     1.283%
      1   174     3      5.045411    -2.587e-06      203.71    570.5      1.174%     1.183%     1.232%     1.351%
      2   181     3      5.249245    -5.926e-06      447.70    886.5      1.178%     1.187%     1.232%     1.340%
      3   173     3      5.199118    -3.616e-06      287.54    737.0      1.193%     1.202%     1.251%     1.366%
      4   190     3      5.135945    -2.571e-06      208.12    654.0      1.056%     1.064%     1.106%     1.210%
      5   160     3      5.043133    -2.614e-06      186.54    530.5      1.292%     1.302%     1.355%     1.481%
      6   175     3      5.032474    -2.070e-06      160.48    545.5      1.173%     1.181%     1.227%     1.335%
      7   188     3      5.015168    -2.360e-06      197.93    715.0      1.088%     1.096%     1.140%     1.246%
      8   177     3      5.412500    -5.792e-06      471.77    778.0      1.213%     1.223%     1.273%     1.392%
      9   173     3      5.275970    -2.821e-06      235.03    554.5      1.164%     1.174%     1.223%     1.343%
     10   175     3      5.468913    -4.843e-06      405.34    641.0      1.200%     1.210%     1.262%     1.388%
     11   169     3      5.000531    -1.998e-06      132.94    392.0      1.338%     1.348%     1.401%     1.528%
     12   181     3      5.156272    -2.223e-06      190.70    443.5      1.115%     1.123%     1.168%     1.272%
     13   160     3      5.477913    -5.059e-06      367.88    703.0      1.277%     1.287%     1.337%     1.458%
     14   190     3      5.043982    -2.199e-06      183.11    498.5      1.103%     1.111%     1.157%     1.267%
     15   191     3      5.611862    -4.430e-06      437.13    711.0      1.025%     1.033%     1.077%     1.183%
     16   172     3      5.033029    -2.100e-06      162.23    478.5      1.179%     1.188%     1.239%     1.359%
     17   178     3      5.176832    -3.755e-06      314.94    645.0      1.099%     1.108%     1.152%     1.258%
     18   146     3      5.158696    -5.418e-06      347.96    683.0      1.432%     1.442%     1.498%     1.633%
     19   169     3      5.005064    -2.093e-06      154.37    548.5      1.253%     1.263%     1.315%     1.440%

  cross-instance concentration (20 instances, k in [146,191]):
           x    mean R%     sd R%   mean k*R    sd k*R   sd/mean   min k*R   max k*R
        0.06      1.184     0.099     206.32      6.94    0.0337    195.69    226.15
        0.10      1.192     0.100     207.88      6.99    0.0336    197.14    227.82
        0.20      1.241     0.103     216.32      7.20    0.0333    205.04    236.81
        0.30      1.357     0.111     236.53      7.71    0.0326    224.01    258.16

  reference, same k = 175:
        primes   175     3      5.349288    -3.452e-06      305.14    684.0      1.164%     1.172%     1.221%     1.336%   k*R =  203.64  205.18  213.62  233.80
          odds   175     1      3.000000    -1.126e-05       69.50    312.0      1.072%     1.080%     1.127%     1.240%   k*R =  187.56  189.07  197.25  216.92

========================================================================================================
(5) peak spectrum.  CORRECTION TO MY OWN FIRST PASS: the set that carries the minor
    arcs is B_d = {a in A : a > 2d}, not A.  Measured over A the modulus-6 peak dies
    for the PRIMES too, because 3 = 3 (mod 6) is in A; but 3 leaves B_d at d >= 2.
    h_d(q) = max_{(r,q)=1} (PROD_{a in B_d} |cos(pi r a/q)|)^{1/|B_d|},  q <= 120
    modulus-4 floor 1/sqrt2 = 0.707107;  modulus-6 peak sqrt3/2 = 0.866025
========================================================================================================
    sequence   d  |B_d|       h(4)       h(6)  max h(q) q>=3  argmax  #(=3 mod 6) in B_d
   random #0   1    168   0.707107   0.000000       0.707107       4                  54
   random #0   2    167   0.707107   0.000000       0.707107       4                  53
   random #0   5    164   0.707107   0.000000       0.707107       4                  52
   random #1   1    172   0.707107   0.000000       0.707107       4                  57
   random #1   2    171   0.707107   0.000000       0.707107       4                  56
   random #1   5    168   0.707107   0.000000       0.707107       4                  55
   random #2   1    171   0.707107   0.000000       0.707107       4                  50
   random #2   2    170   0.707107   0.000000       0.707107       4                  49
   random #2   5    167   0.707107   0.000000       0.707107       4                  48
   random #3   1    182   0.707107   0.000000       0.707107       4                  58
   random #3   2    181   0.707107   0.000000       0.707107       4                  57
   random #3   5    178   0.707107   0.000000       0.707107       4                  56
   random #4   1    182   0.707107   0.000000       0.707107       4                  61
   random #4   2    181   0.707107   0.000000       0.707107       4                  60
   random #4   5    178   0.707107   0.000000       0.707107       4                  59
      primes   1    180   0.707107   0.000000       0.707107       4                   1
      primes   2    179   0.707107   0.866025       0.866025       6                   0
      primes   5    177   0.707107   0.866025       0.866025       6                   0
        odds   1    179   0.707107   0.000000       0.707107       4                  60
        odds   2    178   0.707107   0.000000       0.707107       4                  59
        odds   5    175   0.707107   0.000000       0.707107       4                  58
  No random instance beats the modulus-4 floor at any of d = 1,2,5, q <= 120.
  h(4) = 1/sqrt2 EXACTLY for every odd set (|cos(pi a/4)| = 1/sqrt2 for odd a):
  the floor is deterministic, not merely universal.  h(6) = sqrt3/2 for the primes
  once d >= 2 removes 3, and 0 for a random odd set at every d, because such a set
  contains ~|B_d|/3 elements = 3 (mod 6).
  CONSEQUENCE for section 4: the geometric rate for a random odd sequence is the
  modulus-4 floor 1/sqrt2 = 0.7071 per element, STRICTLY BETTER than the primes'
  sqrt3/2 = 0.8660 of papers 1-2.  The primes are the harder case, not the easier.

========================================================================================================
(6) do the primes look like a random odd sequence in this statistic?
    z = (value - ensemble mean) / ensemble sd,  on c_A := k*R/100,  k ~ 180 ensemble
========================================================================================================
           x   ens mean    ens sd |    primes       z |      odds       z
        0.06     2.0632    0.0694 |    2.0364   -0.39 |    1.8756   -2.70 |
        0.10     2.0788    0.0699 |    2.0518   -0.39 |    1.8907   -2.69 |
        0.20     2.1632    0.0720 |    2.1362   -0.38 |    1.9725   -2.65 |
        0.30     2.3653    0.0771 |    2.3380   -0.35 |    2.1692   -2.54 |
  (Table 1 of paper 3 reports the same quantity for the odd numbers as c_A -> 1.8,
   the value (2a+1)^2/(4a+1) predicted at a = 1.)
