==============================================================================
odd primes up to 100,000   (b = 9,591)
     q   a   Re S_A(a/q)/b   mu(q)/phi(q)        diff   mu  phi
     2   1       -1.000000      -1.000000    0.00e+00   -1    1
     3   1       -0.499844      -0.500000    1.56e-04   -1    2
     4   1       -0.000000       0.000000   -1.14e-14    0    2
     5   1       -0.251968      -0.250000   -1.97e-03   -1    4
     6   1        0.499844       0.500000   -1.56e-04    1    2   <-- worst
     7   1       -0.168447      -0.166667   -1.78e-03   -1    6
     8   1       -0.001843       0.000000   -1.84e-03    0    4
     9   1       -0.001369       0.000000   -1.37e-03    0    6
    10   1        0.247771       0.250000   -2.23e-03    1    4
    11   1       -0.101703      -0.100000   -1.70e-03   -1   10
    12   1       -0.004334       0.000000   -4.33e-03    0    4
    13   1       -0.083554      -0.083333   -2.21e-04   -1   12
    14   1        0.166855       0.166667    1.89e-04    1    6
    15   1        0.125149       0.125000    1.49e-04    1    8
    16   1       -0.000628       0.000000   -6.28e-04    0    8
  max over 2 <= q <= 16 :  q = 6, value 0.499844   (prediction: q=6, 0.5)
==============================================================================
odd primes up to 1,000,000   (b = 78,497)
     q   a   Re S_A(a/q)/b   mu(q)/phi(q)        diff   mu  phi
     2   1       -1.000000      -1.000000    0.00e+00   -1    1
     3   1       -0.499981      -0.500000    1.91e-05   -1    2
     4   1       -0.000000       0.000000   -1.03e-13    0    2
     5   1       -0.250525      -0.250000   -5.25e-04   -1    4
     6   1        0.499981       0.500000   -1.91e-05    1    2   <-- worst
     7   1       -0.166860      -0.166667   -1.93e-04   -1    6
     8   1       -0.000495       0.000000   -4.95e-04    0    4
     9   1        0.000356       0.000000    3.56e-04    0    6
    10   1        0.249443       0.250000   -5.57e-04    1    4
    11   1       -0.100621      -0.100000   -6.21e-04   -1   10
    12   1       -0.000662       0.000000   -6.62e-04    0    4
    13   1       -0.083754      -0.083333   -4.21e-04   -1   12
    14   1        0.166506       0.166667   -1.61e-04    1    6
    15   1        0.124619       0.125000   -3.81e-04    1    8
    16   1       -0.000226       0.000000   -2.26e-04    0    8
  max over 2 <= q <= 16 :  q = 6, value 0.499981   (prediction: q=6, 0.5)
==============================================================================
odd primes up to 10,000,000   (b = 664,578)
     q   a   Re S_A(a/q)/b   mu(q)/phi(q)        diff   mu  phi
     2   1       -1.000000      -1.000000    0.00e+00   -1    1
     3   1       -0.499998      -0.500000    2.26e-06   -1    2
     4   1        0.000000       0.000000    2.83e-14    0    2
     5   1       -0.250255      -0.250000   -2.55e-04   -1    4
     6   1        0.499998       0.500000   -2.26e-06    1    2   <-- worst
     7   1       -0.166855      -0.166667   -1.88e-04   -1    6
     8   1       -0.000162       0.000000   -1.62e-04    0    4
     9   1        0.000068       0.000000    6.78e-05    0    6
    10   1        0.249742       0.250000   -2.58e-04    1    4
    11   1       -0.099948      -0.100000    5.17e-05   -1   10
    12   1       -0.000165       0.000000   -1.65e-04    0    4
    13   1       -0.083467      -0.083333   -1.33e-04   -1   12
    14   1        0.166526       0.166667   -1.40e-04    1    6
    15   1        0.124716       0.125000   -2.84e-04    1    8
    16   1       -0.000059       0.000000   -5.94e-05    0    8
  max over 2 <= q <= 16 :  q = 6, value 0.499998   (prediction: q=6, 0.5)
