=== worked example A = {3,5,7,11} ===
  d      2d   N_A(d)   2^-N
  1      2     0       1
  2      4     1       1/2
  3      6     2       1/4
  4      8     3       1/8
  5      10    3       1/8
  Gamma = 5 = 5.0

=== the landscape of A at every target ===
  n   deg  lm   lm/deg
  13  2    2    1.000
  median lm/deg over all targets: 2.0

=== the two extremes at M = 11 ===
  sparsest {11}      Gamma = 11
  densest  {1,3,5,7,9,11} Gamma = 47/16 = 3 - 2^-4 = 47/16

=== the odd primes ===
  P_20 = [3, 5, 7, 11, 13, 17, 19, 23, 29, 31, 37, 41, 43, 47, 53, 59, 61, 67, 71, 73]
  Gamma(P_20) = 1402281/262144 = 5.349277496337891
  limit ~ 5.349287932022658
  range available to a set with M=73: [3 - 2^-35, 73] = [3.0000000000, 73]
  the primes sit at 18.1% of that interval on a log scale

=== why the primes are small: the first gaps ===
  gap form  Gamma = a_1 + sum (a_{j+1}-a_j)/2^j
    gap 3   contributes 3 = 3.0000
    gap 2   contributes 1 = 1.0000
    gap 2   contributes 1/2 = 0.5000
    gap 4   contributes 1/2 = 0.5000
    gap 2   contributes 1/8 = 0.1250
    gap 4   contributes 1/8 = 0.1250
    gap 2   contributes 1/32 = 0.0312
