[figures_r20] M(q) = (1/2)|Phi_q(-1)|^(1/phi(q))
   q   phi(q)   Phi_q(-1)      M(q)
   3      2         +1   0.500000
   4      2         +2   0.707107
   5      4         +1   0.500000
   6      2         +3   0.866025
   7      6         +1   0.500000
   8      4         +2   0.594604
   9      6         +1   0.500000
  10      4         +5   0.747674
  11     10         +1   0.500000
  12      4         +1   0.500000
  13     12         +1   0.500000
  14      6         +7   0.691544
  15      8         +1   0.500000
  16      8         +2   0.545254
  17     16         +1   0.500000
  18      6         +3   0.600468
  19     18         +1   0.500000
  20      8         +1   0.500000
  検算: M(6) = 0.866025 vs sqrt3/2 = 0.866025
        M(4) = 0.707107 vs 1/sqrt2 = 0.707107
        M(10)= 0.747674 vs 5^(1/4)/2 = 0.747674
        最大値をとる q = 6

[peaks] b = 24  (5 以上の素数を 24 個)
  q   theta=2pi/q    M(q)^b        実測|G|/2^b     比        備考
   3   2.094395   5.9605e-08   5.9605e-08     1.0000   
   4   1.570796   2.4414e-04   2.4414e-04     1.0000   
   5   1.256637   5.9605e-08   7.3675e-08     1.2361   
   6   1.047198   3.1676e-02   3.1676e-02     1.0000   
   7   0.897598   5.9605e-08   6.6156e-08     1.1099   
   8   0.785398   3.8147e-06   1.5801e-06     0.4142   
   9   0.698132   5.9605e-08   2.1435e-07     3.5963   
  10   0.628319   9.3132e-04   5.9962e-20     0.0000   q/2=5 in B -> 厳密に 0
  12   0.523599   5.9605e-08   1.5971e-08     0.2679   
  14   0.448799   1.4311e-04   8.9884e-21     0.0000   q/2=7 in B -> 厳密に 0
  16   0.392699   4.7684e-07   2.7011e-07     0.5665   
  18   0.349066   4.8280e-06   8.9217e-07     0.1848   
  22   0.285599   5.9605e-08   2.5192e-22     0.0000   q/2=11 in B -> 厳密に 0
  theta=pi     実測 0.000e+00  (パリティにより厳密に 0)

  【観測】M(q) は全奇数列にわたる上限。素数列では q=2p (p in B) の峰が厳密に消える。
          |1+zeta_q^a| は a = q/2 (mod q) で 0 になり、a=p はこれを満たすため。
          ⇒ 素数列で q=6 に対抗しうるのは q=4 の (1/sqrt2)^b だけ = 定理E そのもの。

[epsd] 参照線は eps_2(24) で規格化。eps_1 は 3 を含む切断で G(pi/3)=0 のため2桁下にある。
       出力: paper/fig_mq.pdf, paper/fig_peaks.pdf, paper/fig_epsd.pdf
