========================================================================================================
geometric family a_i = 2^i + 1 : does lm/r still approach Gamma?
========================================================================================================
    k     max        T        Gamma          Q(0)       sigma^2   Q/sigma^2     occ         lm/r  lm/r / Gamma
    6      65      132      8.00000       252.750        1429.5      0.1768   18/41      7.50000       0.93750
    7     129      261      9.00000       878.333        5589.8      0.1571   17/41      7.33333       0.81481
    8     257      518     10.00000      3104.525       22102.0      0.1405   20/41      7.18182       0.71818
    9     513     1031     11.00000     11145.727       87894.2      0.1268   18/41      7.31818       0.66529
   10    1025     2056     12.00000     40532.208      350550.5      0.1156   19/41      7.45455       0.62121
   11    2049     4105     13.00000    148903.077     1400150.8      0.1063   20/41      7.59091       0.58392
   12    4097     8202     14.00000    551415.411     5596503.0      0.0985   16/41      7.72727       0.55195
   13    8193    16395     15.00000   2055058.533    22377815.2      0.0918   19/41      7.52174       0.50145
   14   16385    32780     16.00000   7698906.438    89494871.5      0.0860   21/41      7.33333       0.45833
   15   32769    65549     17.00000  28968203.000   357946711.8      0.0809   21/41      7.12000       0.41882
   16   65537   131086     18.00000 109402194.792  1431721304.0      0.0764   20/41      6.92308       0.38462
   17  131073   262159     19.00000 414507734.579  5726754136.2      0.0724   22/41      7.00000       0.36842
   18  262145   524304     20.00000 1574986829.375 22906754392.5      0.0688   20/41      7.07692       0.35385

  Q/sigma^2 is the predicted relative error.  Where it is of order 1 the expansion
  has no business being accurate, and the question is whether lm/r/Gamma leaves 1.

========================================================================================================
CONTROL 1: brute force.  Enumerate all 2^k subsets and count strict local minima
directly from the definition, for the same family.  The DP must agree exactly.
========================================================================================================
  k=  8: 8 targets with r>0 compared, 0 disagreements with brute force
  k= 10: 9 targets with r>0 compared, 0 disagreements with brute force
  k= 12: 6 targets with r>0 compared, 0 disagreements with brute force

========================================================================================================
CONTROL 2: several target regions, not just the centre, and a second family
========================================================================================================

  a_i = 2^i + 1
      k     Gamma   lm/r @z=0     @z=0.5       @z=1     @z=1.5  ratio z=0
      8   10.0000      7.1818    11.4000     8.2857     7.8500     0.7182
     11   13.0000      7.5909    14.8571    13.7500    10.0000     0.5839
     14   16.0000      7.3333    18.8500    13.2727    14.0476     0.4583

  a_i = 2^i - 1
      k     Gamma   lm/r @z=0     @z=0.5       @z=1     @z=1.5  ratio z=0
      8    8.0000      5.7000     8.5455     6.7000     5.7619     0.7125
     11   11.0000      6.4118    13.5000    11.3810     8.5263     0.5829
     14   14.0000      6.6250    16.8000    13.6667    12.8421     0.4732

  a_i = 3^i + 2*(i%2)
      k     Gamma   lm/r @z=0     @z=0.5       @z=1     @z=1.5  ratio z=0
      8  100.8438         nan    11.1667        nan        nan        nan
     11  344.3242         nan        nan        nan        nan        nan
