====================================================================================================
head_r216 -- does the head/tail model get the s-DEPENDENCE, or only the scale?
v1 (r211): Re G_k ~ H + T sin(k theta),   H  = sum_j w_j          [head at t = 0]
v2 (here): Re G_k ~ Hp(theta) + T sin(k theta), Hp = sum_j w_j cos(j theta)
both solve T = HEAD + 1/2 for t.  Nothing is fitted in either.
====================================================================================================

--- INSTRUMENT 1: constant weights, zero set proved exactly (Thm 2(e), r205) ---
  k=  64  proved=0.024563424884733627053  measured=0.024563424884733627053  rel=1.255e-31
  k= 256  proved=0.0061362311897831376154  measured=0.0061362311897831376154  rel=1.507e-30
  cases: 2 -> PASS

--- INSTRUMENT 2: v2 must reduce to v1 when the phase is switched off ---
  s=1    k=  64  H=4.74389090371  Hp(0)=4.74389090371  |diff|=0.0
  s=1    k= 256  H=6.12434496282  Hp(0)=6.12434496282  |diff|=0.0
  s=2    k=  64  H=1.62943050141  Hp(0)=1.62943050141  |diff|=0.0
  s=2    k= 256  H=1.64103543631  Hp(0)=1.64103543631  |diff|=0.0
  s=4    k=  64  H=1.08232199164  Hp(0)=1.08232199164  |diff|=0.0
  s=4    k= 256  H=1.08232321396  Hp(0)=1.08232321396  |diff|=0.0
  cases: 6 -> PASS

--- v1 against v2, no fitted parameter in either ---
      s      k   t_1 measured           t_v1           t_v2   ratio v1   ratio v2
      1     64    0.186199681    0.203804181    0.178008321    1.09455   0.956008
      1    128    0.140999389    0.148633548    0.132023321    1.05414    0.93634
      1    256    0.106767213    0.108688565   0.0975193076      1.018   0.913383
      1    512   0.0723450527   0.0794871911   0.0720929615    1.09872   0.996515
      1   1024   0.0543428673   0.0580660951   0.0531631306    1.06851   0.978291

    1.5     64    0.242192706    0.238279811     0.22824351   0.983844   0.942405
    1.5    128    0.169912096      0.1737751    0.168036064    1.02274   0.988959
    1.5    256    0.132615094    0.127342436    0.124026626   0.960241   0.935238
    1.5    512   0.0915152156   0.0934330485   0.0915014733    1.02096    0.99985
    1.5   1024   0.0697582911   0.0685148781     0.06738593   0.982175   0.965992

      2     64    0.302342703    0.275369738    0.271087994   0.910787   0.896625
      2    128    0.198918915    0.200580068    0.198417933    1.00835   0.997481
      2    256     0.14723098    0.147120898    0.146008418   0.999252   0.991696
      2    512    0.109790278    0.108161654    0.107584744   0.985166   0.979911
      2   1024   0.0794766675   0.0795124073   0.0792129065    1.00045   0.996681

      3     64    0.374158416     0.34809318    0.347007196   0.930336   0.927434
      3    128    0.255304072    0.251152465    0.250689103   0.983739   0.981924
      3    256    0.187176503    0.183444236    0.183241927    0.98006   0.978979
      3    512    0.135936192    0.134695912    0.134607176   0.990876   0.990223
      3   1024     0.10127887    0.099046782   0.0990080876   0.977961   0.977579

      4     64    0.455544131    0.417273438    0.416891334   0.915989    0.91515
      4    128    0.317460482    0.297047128    0.296901529   0.935698   0.935239
      4    256     0.21659003    0.215437761    0.215380635    0.99468   0.994416
      4    512    0.162104468    0.157632422    0.157609838   0.972413   0.972273
      4   1024    0.117388359    0.115732738    0.115723848   0.985896    0.98582

  population: 25 pairs

--- P1  accuracy: v2 strictly better than v1 in the worst case ---
  worst |ratio-1|   v1 = 0.0987232    v2 = 0.103375
  -> FAIL -- the head phase is not what is wrong with v1

--- P2  the improvement must be CONCENTRATED at s = 1 (the explanation's falsifier) ---
      s     mean|r1-1|     mean|r2-1| mean improvement
      1      0.0667844      0.0438928      0.0228917
    1.5      0.0234863      0.0335115     -0.0100252
      2      0.0227191      0.0275209    -0.00480184
      3      0.0274056      0.0287722    -0.00136662
      4      0.0390648      0.0394201   -0.000355244
  improvement at s=1 = 0.0228917   at s=4 = -0.000355244
  -> PASS

--- P3  RESOLUTION before any ordering claim (lambda is quadratic in t) ---
       k  resolution(lam)   spread v2(lam)    admissible?
      64            0.827           1.3738            yes
     128          0.51809          0.73131            yes
     256          0.69294          0.40511             NO
     512          0.22181          0.22441            yes
    1024          0.27207          0.12178             NO

  Where the answer is NO, the model's own error bar is wider than the entire
  spread it is being asked to order.  No ordering claim is admissible there,
  and this was registered before the numbers were seen.

--- P4  ordering at k = 1024, stated only where P3 leaves room ---
  NOT STATED: P3 refused at k = 1024.  The model cannot resolve this ordering,
  and reporting one anyway would be a claim the instrument does not support.
  (The ordering the numbers happen to show is printed above and is not a finding.)

--- lambda table, both models beside the measurement ---
      s      k    lam_eff - s     lam_v1 - s     lam_v2 - s
      1     64      0.0670656       0.278378     -0.0247547
      1    128      0.0489407       0.165602     -0.0803602
      1    256      0.0525199      0.0907425      -0.121917
      1    512      -0.140888      0.0371135      -0.146865
      1   1024      -0.127451    -0.00379267      -0.164925

    1.5     64       0.305325       0.247462       0.103357
    1.5    128      0.0232285       0.093278     -0.0102223
    1.5    256       0.123829    -0.00272759      -0.079686
    1.5    512      -0.125266     -0.0670434      -0.125679
    1.5   1024     -0.0622077      -0.113007      -0.158339

      2     64       0.813405       0.333811       0.261798
      2    128      0.0877026       0.122717         0.0772
      2    256     0.00148767    -0.00150418     -0.0316138
      2    512      -0.021392     -0.0796578      -0.100089
      2   1024       -0.13369      -0.132011      -0.146057

      3     64        1.30868       0.729274       0.706041
      3    128       0.438998       0.328062       0.315793
      3    256       0.234873       0.107153       0.100304
      3    512       0.033208     -0.0218894      -0.025812
      3   1024      0.0306947       -0.10142      -0.103685

      4     64        2.38696        1.35889        1.34908
      4    128        1.31736       0.655509       0.650946
      4    256       0.331431       0.285467       0.283195
      4    512       0.313422      0.0787124      0.0775438
      4   1024       0.071501     -0.0425362     -0.0431442

====================================================================================================
  [instrument 1 (exact zero set)] PASS
  [instrument 2 (v2 contains v1)] PASS
  [P1 v2 strictly better] FAIL
  [P2 improvement concentrated at s=1] PASS

verdict recorded; interpretation belongs in the report, not here.
done.
