================================================================================================
is the residual after the He_2 term proportional to He_4 ?
================================================================================================

  odd numbers, k=24:  Gamma=2.9999997616  Q=20.32893  sigma^2=4606.0  sigma^-4=4.71e-08
         z           lm/r     He2 term   residual*s^4    He4(z)      ratio
      0.00    2.988553472   -4.414e-03     12689.8058     3.000   4229.935
      0.40    2.990051335   -3.707e-03      8300.6982     2.066   4018.541
      0.80    2.994644415   -1.589e-03     -4163.0282    -0.430   9672.463
      1.20    3.002729141    1.942e-03    -21897.9478    -3.566   6140.071
      1.60    3.015908991    6.885e-03    -33564.6578    -5.806   5780.631
      2.00    3.034902423    1.324e-02    -34082.4086    -5.000   6816.482
      2.40    3.063347235    2.101e-02      2274.3745     1.618   1406.018
    ratio over the points with |He4| > 0.3:  mean 5437.734   spread 44.1%

  odd numbers, k=30:  Gamma=2.9999999963  Q=20.33318  sigma^2=8997.5  sigma^-4=1.24e-08
         z           lm/r     He2 term   residual*s^4    He4(z)      ratio
      0.00    2.993869206   -2.260e-03     17508.3651     3.000   5836.122
      0.40    2.994709639   -1.898e-03     10915.7977     2.066   5284.565
      0.80    2.997328016   -8.136e-04     -6242.1938    -0.430  14503.238
      1.20    3.001910717    9.943e-04    -28936.2133    -3.566   8113.564
      1.60    3.008911617    3.525e-03    -44918.3721    -5.806   7736.011
      2.00    3.019010372    6.780e-03    -35848.2072    -5.000   7169.641
      2.40    3.033528695    1.076e-02     33940.7623     1.618  20982.173
    ratio over the points with |He4| > 0.3:  mean 9946.473   spread 53.4%

  odd numbers, k=36:  Gamma=2.9999999999  Q=20.33333  sigma^2=15549.0  sigma^-4=4.14e-09
         z           lm/r     He2 term   residual*s^4    He4(z)      ratio
      0.00    2.996356847   -1.308e-03     22559.5307     3.000   7519.844
      0.40    2.996878741   -1.098e-03     14033.1301     2.066   6793.731
      0.80    2.998475448   -4.708e-04     -9045.7384    -0.430  21017.050
      1.20    3.001261041    5.754e-04    -37483.7785    -3.566  10510.256
      1.60    3.005436826    2.040e-03    -55057.7848    -5.806   9482.258
      2.00    3.011214349    3.923e-03    -44719.1480    -5.000   8943.830
      2.40    3.019378754    6.225e-03     56807.3218     1.618  35118.275
    ratio over the points with |He4| > 0.3:  mean 14197.892   spread 67.7%
