====================================================================================================
hstar_r222b -- the two-term head law, with the derivation's OWN error term in the
               prediction instead of a round number in the tolerance.
   H*/t = 2 zeta(s) + C_s t^{s-1} + ... ,  C_s = 2^s Gamma(1-s) sin(pi s/2)
   lambda_infty(s) = max(s/2, s-1/2):  a kink at s=1, where sum_j w_j stops converging
   *** criteria REPLACED after hstar_r222.log, which is kept and cited (see header)
====================================================================================================

--- J0  INSTRUMENT.  Runs first; any failure aborts. ---
  J0a  constant weights: only D_0 survives and rho sin theta = 2t, so H*/t = 2(w_0-w)
       k=   64 t=0.003   H*/t=-1.000000000000000  target -1.0  err 2.22e-16
       k=   64 t=0.05    H*/t=-1.000000000000000  target -1.0  err 0.00e+00
       k=  512 t=0.003   H*/t=-1.000000000000000  target -1.0  err 2.22e-16
       k=  512 t=0.05    H*/t=-1.000000000000000  target -1.0  err 0.00e+00
       k= 4096 t=0.003   H*/t=-1.000000000000000  target -1.0  err 2.22e-16
       k= 4096 t=0.05    H*/t=-1.000000000000000  target -1.0  err 0.00e+00
       cases: 6
  J0b  float64 Abel vs 50-digit mpmath on the DIRECT sum
       s=1.0  k= 256  abel +3.798063341906  direct +3.798063341906  |diff| 2.22e-15
       s=1.0  k= 256  abel +0.000000000001  direct +0.000000000001  |diff| 3.28e-14
       s=1.0  k= 256  abel +106.699103264125  direct +106.699103264125  |diff| 4.26e-14
       s=2.0  k= 256  abel +3.863043904197  direct +3.863043904197  |diff| 4.44e-16
       s=2.0  k= 256  abel +0.000000000000  direct +0.000000000000  |diff| 4.45e-15
       s=2.0  k= 256  abel -253.892603158759  direct -253.892603158758  |diff| 9.66e-13
       s=0.5  k= 256  abel +2.893763265600  direct +2.893763265600  |diff| 2.22e-15
       s=0.5  k= 256  abel +0.000000000000  direct +0.000000000000  |diff| 1.12e-15
       s=0.5  k= 256  abel -3.936580434916  direct -3.936580434916  |diff| 5.77e-15
       cases: 9
  J0c  t_1 at (s,k)=(1,256) against the published value from another script
       here 0.106767212545108  published 0.106767212545108  |diff| 1.53e-16
  J0d  C_s is computed, not typed: C_{1/2} must equal sqrt(pi)
       C_0.5 = 1.772453850905516   sqrt(pi) = 1.772453850905516   err 2.22e-16
  -> PASS

--- the measurement ---
      s       k                t_1  lambda_eff        H*/t  quantum   margin
    0.5     256   0.05837131777378    0.314596     5.02946  0.13228      7.0
    0.5     512   0.04701048923523    0.362762     5.85994  0.09470     16.0
    0.5    1024   0.03289172226407    0.319652     7.33336  0.05963      5.0
    0.5    2048   0.02415216602050    0.313368     8.89039  0.03981      2.0
    0.5    4096   0.01817001953443    0.325158    10.59657  0.02745      6.0
    0.5    8192   0.01330391935595    0.321818    12.76125  0.01855      6.0
    0.5   16384   0.00972007604153    0.319033    15.32664  0.01259      6.0
    0.5   32768   0.00706590403703    0.314701    18.39378  0.00854      4.0

   0.75     256   0.08260331765091    0.630013     4.21989  0.18719     18.0
   0.75     512   0.05997966506280    0.590527     4.95155  0.12082      5.0
   0.75    1024   0.04511808898020    0.601459     5.73619  0.08180      8.0
   0.75    2048   0.03327210783736    0.594706     6.63029  0.05484      8.0
   0.75    4096   0.02430471235039    0.581787     7.64178  0.03672      7.0
   0.75    8192   0.01753528576156    0.559084     8.79360  0.02445      4.0
   0.75   16384   0.01279316319621    0.552653    10.02376  0.01657      4.0
   0.75   32768   0.00927564157351    0.542314    11.38992  0.01121      1.0

    0.9     256   0.09479918720363    0.829781     3.92589  0.21483     25.0
    0.9     512   0.07166368625325    0.843005     4.46658  0.14436     19.0
    0.9    1024   0.05122342520348    0.775250     5.10228  0.09287      9.0
    0.9    2048   0.03784505497998    0.769414     5.75405  0.06237     11.0
    0.9    4096   0.02736804219163    0.737685     6.48041  0.04135      9.0
    0.9    8192   0.01982520567193    0.714639     7.24879  0.02765      7.0
    0.9   16384   0.01432924389823    0.693335     8.06198  0.01856      3.0
    0.9   32768   0.01042389078551    0.684893     8.90129  0.01260      3.0

    1.0     256   0.10676721254511    1.052520     3.77993  0.24195     34.0
    1.0     512   0.07234505270562    0.859112     4.25282  0.14573      7.0
    1.0    1024   0.05434286730924    0.872549     4.76602  0.09852      9.0
    1.0    2048   0.03946263895253    0.836593     5.31468  0.06504      7.0
    1.0    4096   0.02892329895824    0.823908     5.87869  0.04370      7.0
    1.0    8192   0.02098890324172    0.800996     6.46914  0.02927      4.0
    1.0   16384   0.01528771366808    0.789190     7.06948  0.01980      4.0
    1.0   32768   0.01109698047472    0.776199     7.68360  0.01341      3.0

    1.1     256   0.10740385899470    1.065110     3.63412  0.24340     26.0
    1.1     512   0.07819354839299    1.003630     4.04005  0.15751     14.0
    1.1    1024   0.05744552478509    0.975028     4.46848  0.10415      9.0
    1.1    2048   0.04247494031892    0.969187     4.90522  0.07000     11.0
    1.1    4096   0.03047584602972    0.914734     5.36312  0.04604      6.0
    1.1    8192   0.02215241527388    0.892264     5.81648  0.03089      2.0
    1.1   16384   0.01624270312519    0.890867     6.26521  0.02103      6.0
    1.1   32768   0.01176674106279    0.872721     6.71527  0.01422      3.0

   1.25     256   0.11968373510352    1.322589     3.49560  0.27122     33.0
   1.25     512   0.08442835935767    1.170061     3.76537  0.17007     15.0
   1.25    1024   0.06078495630512    1.091683     4.07725  0.11020      4.0
   1.25    2048   0.04557134477712    1.115644     4.41336  0.07511     11.0
   1.25    4096   0.03279226245986    1.059073     4.73040  0.04954      5.0
   1.25    8192   0.02405207922013    1.051856     5.03916  0.03354      7.0
   1.25   16384   0.01758194463214    1.043831     5.33324  0.02277      8.0
   1.25   32768   0.01272379323756    1.020461     5.61528  0.01538      5.0

    1.5     256   0.13261509379486    1.623829     3.28401  0.30053     33.0
    1.5     512   0.09151521562908    1.374734     3.34594  0.18435      3.0
    1.5    1024   0.06975829113935    1.437792     3.61727  0.12647     13.0
    1.5    2048   0.05023396215964    1.355616     3.79122  0.08279     10.0
    1.5    4096   0.03661753921653    1.320570     3.96809  0.05532      8.0
    1.5    8192   0.02673984512817    1.300076     4.13163  0.03729      8.0
    1.5   16384   0.01950282766543    1.284374     4.27862  0.02526      7.0
    1.5   32768   0.01416204439621    1.264198     4.40869  0.01712      7.0

    2.0     256   0.14723098018456    2.001488     2.77657  0.33365     18.0
    2.0     512   0.10979027793475    1.978608     2.90825  0.22116     15.0
    2.0    1024   0.07947666748132    1.866310     2.94787  0.14409      7.0
    2.0    2048   0.05948409540730    1.900831     3.05180  0.09804     13.0
    2.0    4096   0.04281786528418    1.805649     3.08160  0.06469      6.0
    2.0    8192   0.03136404168760    1.788608     3.13157  0.04374      7.0
    2.0   16384   0.02295954549676    1.780012     3.17158  0.02973      9.0
    2.0   32768   0.01665969895999    1.749434     3.19822  0.02014      4.0

    2.5     256   0.17281922110769    2.757647     2.74202  0.39164     30.0
    2.5     512   0.12291822930556    2.480074     2.58648  0.24760     13.0
    2.5    1024   0.09176201233232    2.487885     2.65825  0.16636     14.0
    2.5    2048   0.06591229660505    2.333859     2.61123  0.10863      4.0
    2.5    4096   0.04894309028957    2.359207     2.65593  0.07394     12.0
    2.5    8192   0.03559068002282    2.303158     2.65713  0.04963      9.0
    2.5   16384   0.02603198331627    2.288289     2.66678  0.03371      9.0
    2.5   32768   0.01887151426884    2.244795     2.66665  0.02281      1.0

    3.5     256   0.20181821402729    3.760757     2.32211  0.45736     21.0
    3.5     512   0.14893136752411    3.640863     2.35015  0.30000     15.0
    3.5    1024   0.10800216494265    3.446430     2.26622  0.19580      9.0
    3.5    2048   0.07984033639565    3.424416     2.28512  0.13159     12.0
    3.5    4096   0.05828815219819    3.346138     2.26396  0.08806      9.0
    3.5    8192   0.04256399576322    3.294093     2.25281  0.05936      3.0
    3.5   16384   0.03122817929832    3.292985     2.25957  0.04044      9.0
    3.5   32768   0.02279959991861    3.276557     2.25830  0.02756      9.0

    4.0     256   0.21659002952285    4.331431     2.22930  0.49083     18.0
    4.0     512   0.16210446794769    4.313422     2.42285  0.32654     17.0
    4.0    1024   0.11738835852441    4.071501     2.25405  0.21282     15.0
    4.0    2048   0.08609831371893    3.982274     2.22516  0.14190     14.0
    4.0    4096   0.06291749153424    3.898756     2.19530  0.09505     12.0
    4.0    8192   0.04600150126351    3.847646     2.18212  0.06415     11.0
    4.0   16384   0.03353931081769    3.798435     2.17205  0.04343      9.0
    4.0   32768   0.02443795262420    3.764375     2.16712  0.02954      5.0

  population: 88 points

--- J1  THE TWO-TERM LAW, no fitted constant ---
      R1 = |smaller term|, R2 = |H*/t - 2 zeta(s) - C_s t^{s-1}|;  require R2/R1 < 1/3
  s=0.5   2 zeta(s) = -2.920709   C_s = +1.772454
             k        H*/t    2 zeta(s)  C_s t^{s-1}          R2     R2/R1
           256     5.02946    -2.920709     7.336268    0.613904    0.2102
           512     5.85994    -2.920709     8.174808    0.605846    0.2074
          1024     7.33336    -2.920709     9.773084    0.480989    0.1647
          2048     8.89039    -2.920709    11.405042    0.406059    0.1390
          4096    10.59657    -2.920709    13.149137    0.368140    0.1260
          8192    12.76125    -2.920709    15.366860    0.315097    0.1079
         16384    15.32664    -2.920709    17.977947    0.269403    0.0922
         32768    18.39378    -2.920709    21.085848    0.228646    0.0783
       final R2/R1 = 0.0783 (<1/3: True), R2 non-increasing over last 4: True
  s=0.75  2 zeta(s) = -6.882571   C_s = +5.633378
             k        H*/t    2 zeta(s)  C_s t^{s-1}          R2     R2/R1
           256     4.21989    -6.882571    10.507987    0.594473    0.0864
           512     4.95155    -6.882571    11.383293    0.450829    0.0655
          1024     5.73619    -6.882571    12.223097    0.395668    0.0575
          2048     6.63029    -6.882571    13.190123    0.322734    0.0469
          4096     7.64178    -6.882571    14.267448    0.256905    0.0373
          8192     8.79360    -6.882571    15.480704    0.195464    0.0284
         16384    10.02376    -6.882571    16.750371    0.155960    0.0227
         32768    11.38992    -6.882571    18.152353    0.120139    0.0175
       final R2/R1 = 0.0175 (<1/3: True), R2 non-increasing over last 4: True
  s=1.5   2 zeta(s) = +5.224751   C_s = -7.089815
             k        H*/t    2 zeta(s)  C_s t^{s-1}          R2     R2/R1
           256     3.28401     5.224751    -2.581852    0.641114    0.2483
           512     3.34594     5.224751    -2.144774    0.265960    0.1240
          1024     3.61727     5.224751    -1.872548    0.265069    0.1416
          2048     3.79122     5.224751    -1.589036    0.155504    0.0979
          4096     3.96809     5.224751    -1.356687    0.100030    0.0737
          8192     4.13163     5.224751    -1.159349    0.066232    0.0571
         16384     4.27862     5.224751    -0.990111    0.043975    0.0444
         32768     4.40869     5.224751    -0.843719    0.027657    0.0328
       final R2/R1 = 0.0328 (<1/3: True), R2 non-increasing over last 4: True
  s=2.5   2 zeta(s) = +2.682975   C_s = -9.453087
             k        H*/t    2 zeta(s)  C_s t^{s-1}          R2     R2/R1
           256     2.74202     2.682975    -0.679144    0.738194    1.0869
           512     2.58648     2.682975    -0.407379    0.310888    0.7631
          1024     2.65825     2.682975    -0.262765    0.238037    0.9059
          2048     2.61123     2.682975    -0.159964    0.088218    0.5515
          4096     2.65593     2.682975    -0.102355    0.075307    0.7357
          8192     2.65713     2.682975    -0.063471    0.037626    0.5928
         16384     2.66678     2.682975    -0.039704    0.023510    0.5921
         32768     2.66665     2.682975    -0.024507    0.008181    0.3338
       final R2/R1 = 0.3338 (<1/3: False), R2 non-increasing over last 4: True
  s=3.5   2 zeta(s) = +2.253468   C_s = +7.562470
             k        H*/t    2 zeta(s)  C_s t^{s-1}          R2     R2/R1
           256     2.32211     2.253468     0.138377    0.069733    0.5039
           512     2.35015     2.253468     0.064734    0.031952    0.4936
          1024     2.26622     2.253468     0.028990    0.016238    0.5601
          2048     2.28512     2.253468     0.013621    0.018034    1.3240
          4096     2.26396     2.253468     0.006203    0.004292    0.6920
          8192     2.25281     2.253468     0.002827    0.003484    1.2325
         16384     2.25957     2.253468     0.001303    0.004795    3.6791
         32768     2.25830     2.253468     0.000594    0.004243    7.1476
       final R2/R1 = 7.1476 (<1/3: False), R2 non-increasing over last 4: False
  cases: 5 -> FAIL

--- J1-diag  WHY, REPORTED WITHOUT A VERDICT.  Not a criterion; a diagnosis. ---
      The r222 header dismissed the j ~ k end of H* as negligible.  It compared it
      to the TOP TERM of the identity, which it is indeed smaller than by
      1/sqrt(k log k).  It never compared it to the term it would actually have to
      outrank: the head's own correction C_s t^{s-1}.  Geometric tail estimate,
      derived not fitted:   TAIL ~ s k^{lambda-s-1} / (2 t^2)   as a share of H*/t.
      s       k           R2     TAIL est |C_s|t^{s-1}   R2/TAIL
    0.5    8192     0.315097     0.034617    15.366860      9.10
    0.5   16384     0.269403     0.027894    17.977947      9.66
    0.5   32768     0.228646     0.022256    21.085848     10.27

   0.75    8192     0.195464     0.026649    15.480704      7.33
   0.75   16384     0.155960     0.020604    16.750371      7.57
   0.75   32768     0.120139     0.015350    18.152353      7.83

    1.5    8192     0.066232     0.021134     1.159349      3.13
    1.5   16384     0.043975     0.014849     0.990111      2.96
    1.5   32768     0.027657     0.009831     0.843719      2.81

    2.5    8192     0.037626     0.020442     0.063471      1.84
    2.5   16384     0.023510     0.014429     0.039704      1.63
    2.5   32768     0.008181     0.007542     0.024507      1.08

    3.5    8192     0.003484     0.018440     0.002827      0.19
    3.5   16384     0.004795     0.014692     0.001303      0.33
    3.5   32768     0.004243     0.010064     0.000594      0.42


--- J2  ZERO-PARAMETER prediction of the zero (nothing measured on the right) ---
      s       k     lam_eff     lam_pred        resid    quantum  in D?
    0.5     256    0.314596     0.291957     0.022639    0.13228    yes
    0.5     512    0.362762     0.299460     0.063301    0.09470    yes
    0.5    1024    0.319652     0.303947     0.015705    0.05963    yes
    0.5    2048    0.313368     0.306481     0.006887    0.03981    yes
    0.5    4096    0.325158     0.307715     0.017443    0.02745    yes
    0.5    8192    0.321818     0.308074     0.013744    0.01855    yes
    0.5   16384    0.319033     0.307841     0.011192    0.01259    yes
    0.5   32768    0.314701     0.307209     0.007493    0.00854    yes

   0.75     256    0.630013     0.580450     0.049563    0.18719    yes
   0.75     512    0.590527     0.575225     0.015302    0.12082    yes
   0.75    1024    0.601459     0.569590     0.031869    0.08180    yes
   0.75    2048    0.594706     0.563786     0.030920    0.05484    yes
   0.75    4096    0.581787     0.557948     0.023839    0.03672    yes
   0.75    8192    0.559084     0.552166     0.006918    0.02445    yes
   0.75   16384    0.552653     0.546501     0.006152    0.01657    yes
   0.75   32768    0.542314     0.540999     0.001315    0.01121    yes

    1.5     256    1.623829     1.400926     0.222903    0.30053    yes
    1.5     512    1.374734     1.363778     0.010956    0.18435    yes
    1.5    1024    1.437792     1.335778     0.102014    0.12647    yes
    1.5    2048    1.355616     1.313539     0.042077    0.08279    yes
    1.5    4096    1.320570     1.295053     0.025518    0.05532    yes
    1.5    8192    1.300076     1.279138     0.020939    0.03729    yes
    1.5   16384    1.284374     1.265092     0.019282    0.02526    yes
    1.5   32768    1.264198     1.252489     0.011709    0.01712    yes

    2.5     256    2.757647     2.502426     0.255221    0.39164    yes
    2.5     512    2.480074     2.421348     0.058726    0.24760    yes
    2.5    1024    2.487885     2.366744     0.121141    0.16636    yes
    2.5    2048    2.333859     2.328306     0.005553    0.10863    yes
    2.5    4096    2.359207     2.299829     0.059378    0.07394    yes
    2.5    8192    2.303158     2.277658     0.025500    0.04963    yes
    2.5   16384    2.288289     2.259642     0.028647    0.03371    yes
    2.5   32768    2.244795     2.244497     0.000298    0.02281    yes

    3.5     256    3.760757     3.697917     0.062840    0.45736    yes
    3.5     512    3.640863     3.527839     0.113024    0.30000    yes
    3.5    1024    3.446430     3.427102     0.019328    0.19580    yes
    3.5    2048    3.424416     3.364013     0.060403    0.13159    yes
    3.5    4096    3.346138     3.322116     0.024021    0.08806    yes
    3.5    8192    3.294093     3.292534     0.001560    0.05936    yes
    3.5   16384    3.292985     3.270359     0.022626    0.04044    yes
    3.5   32768    3.276557     3.252829     0.023727    0.02756    yes

    2.0     256    2.001488     1.949580     0.051908    0.33365    yes
    2.0     512    1.978608     1.890496     0.088112    0.22116    yes
    2.0    1024    1.866310     1.849091     0.017219    0.14409    yes
    2.0    2048    1.900831     1.818487     0.082344    0.09804    yes
    2.0    4096    1.805649     1.794654     0.010995    0.06469    yes
    2.0    8192    1.788608     1.775242     0.013366    0.04374    yes
    2.0   16384    1.780012     1.758865     0.021147    0.02973    yes
    2.0   32768    1.749434     1.744691     0.004743    0.02014    yes

    4.0     256    4.331431     4.288353     0.043078    0.49083    yes
    4.0     512    4.313422     4.079644     0.233778    0.32654    yes
    4.0    1024    4.071501     3.957781     0.113720    0.21282    yes
    4.0    2048    3.982274     3.882996     0.099278    0.14190    yes
    4.0    4096    3.898756     3.834564     0.064192    0.09505    yes
    4.0    8192    3.847646     3.801291     0.046355    0.06415    yes
    4.0   16384    3.798435     3.776998     0.021437    0.04343    yes
    4.0   32768    3.764375     3.758218     0.006156    0.02954    yes

  within the quantum at 56 of 56 = 1.000 -> PASS

--- J3  THE PHASE TRANSITION: lambda_infty(s) = max(s/2, s-1/2) ---
      s       k     lam_eff       s/2     s-1/2   midpoint   quantum     gap/D
    0.5   32768    0.314701    0.2500    0.0000     0.1250   0.00854      22.2
   0.75   32768    0.542314    0.3750    0.2500     0.3125   0.01121      20.5
  regression cases: 2 -> PASS

  the crossover, REPORTED WITHOUT A VERDICT (the branches are 0.05 apart at
  s = 0.9 and 1.1, against a quantum of ~0.012, so this cannot be decisive):
      s       k     lam_eff       s/2     s-1/2  branch gap
    0.9    8192    0.714639    0.4500    0.4000      0.0500
    0.9   32768    0.684893    0.4500    0.4000      0.0500
    1.0    8192    0.800996    0.5000    0.5000      0.0000
    1.0   32768    0.776199    0.5000    0.5000      0.0000
    1.1    8192    0.892264    0.5500    0.6000      0.0500
    1.1   32768    0.872721    0.5500    0.6000      0.0500
   1.25    8192    1.051856    0.6250    0.7500      0.1250
   1.25   32768    1.020461    0.6250    0.7500      0.1250

--- J4  CONTROL: the correction must be case-specific, not an error sponge ---
      require >=5x improvement at s=1.5, and <20% change at s=4 (no computable
      second term there: C_4 is the indeterminate 0 x inf)
      s=1.5  k=32768  one-term resid 0.816062  two-term resid 0.027657  ratio 29.51  must improve >=5x -> PASS
      s=4.0  k=32768  one-term resid 0.002469  two-term resid 0.002408  ratio 1.03  must change <20% -> PASS
  -> PASS

====================================================================================================
  [J0 instrument] PASS
  [J1 two-term head law] FAIL
  [J2 zero-parameter prediction within the quantum] PASS
  [J3 s/2 branch for s<1] PASS
  [J4 control: the correction is case-specific] PASS

interpretation belongs in the report, not here.
done.
