====================================================================================================
hstar_r222 -- asymptotics of the Abel sine series H*, derived on paper (see header)
  [P1] s>1 : H*/t   -> 2 zeta(s)
  [P2] s=1 : H*/t   -> log k - log log k - log(2 lambda)
  [P3] s<1 : H*/t^s -> 2^s Gamma(1-s) sin(pi s/2)
  [P4]       lambda_infty(s) = max(s/2, s-1/2), kink at s=1 where zeta stops converging
====================================================================================================

--- I0  INSTRUMENT.  Controls against answers already known exactly.  Runs FIRST. ---
  I0a  constant weights: H*/t must equal 2(w_0 - w) at EVERY t (only D_0 survives)
       k=   64  t=0.003    H*/t = -1.000000000000000   target -1.0   err 2.22e-16
       k=   64  t=0.05     H*/t = -1.000000000000000   target -1.0   err 0.00e+00
       k=  512  t=0.003    H*/t = -1.000000000000000   target -1.0   err 2.22e-16
       k=  512  t=0.05     H*/t = -1.000000000000000   target -1.0   err 0.00e+00
       k= 4096  t=0.003    H*/t = -1.000000000000000   target -1.0   err 2.22e-16
       k= 4096  t=0.05     H*/t = -1.000000000000000   target -1.0   err 0.00e+00
       cases: 6 -> PASS
  I0b  float64 Abel vs 50-digit mpmath on the DIRECT sum (two formulae, two precisions)
       s=1.0  k= 256  t=0.0854137700   abel +3.798063341906   direct +3.798063341906   |diff| 8.88e-16
       s=1.0  k= 256  t=0.1067672125   abel +0.000000000001   direct +0.000000000001   |diff| 2.08e-14
       s=1.0  k= 256  t=0.1281206551   abel +106.699103264125   direct +106.699103264125   |diff| 4.26e-14
       s=2.0  k= 256  t=0.1177847841   abel +3.863043904197   direct +3.863043904197   |diff| 1.33e-15
       s=2.0  k= 256  t=0.1472309802   abel +0.000000000000   direct +0.000000000000   |diff| 4.45e-15
       s=2.0  k= 256  t=0.1766771762   abel -253.892603158758   direct -253.892603158758   |diff| 0.00e+00
       s=0.5  k= 256  t=0.0466970542   abel +2.893763265600   direct +2.893763265600   |diff| 1.15e-14
       s=0.5  k= 256  t=0.0583713178   abel +0.000000000000   direct +0.000000000000   |diff| 7.97e-14
       s=0.5  k= 256  t=0.0700455813   abel -3.936580434916   direct -3.936580434916   |diff| 7.86e-14
       cases: 9 -> PASS
  I0c  t_1 at (s,k)=(1,256) against this project's published value, from another script
       here 0.106767212545108   published 0.106767212545108   |diff| 1.53e-16 -> PASS

--- the measurement: t_1, lambda_eff, and H* at t_1 ---
      s       k                t_1  lambda_eff       H*/t    H*/t^s   margin
    0.5     256   0.05837131777378    0.314596    5.02946   1.21513      7.0
    0.5     512   0.04701048923523    0.362762    5.85994   1.27055     16.0
    0.5    1024   0.03289172226407    0.319652    7.33336   1.32998      5.0
    0.5    2048   0.02415216602050    0.313368    8.89039   1.38165      2.0
    0.5    4096   0.01817001953443    0.325158   10.59657   1.42838      6.0
    0.5    8192   0.01330391935595    0.321818   12.76125   1.47192      6.0
    0.5   16384   0.00972007604153    0.319033   15.32664   1.51106      6.0
    0.5   32768   0.00706590403703    0.314701   18.39378   1.54616      4.0

   0.75     256   0.08260331765091    0.630013    4.21989   2.26230     18.0
   0.75     512   0.05997966506280    0.590527    4.95155   2.45043      5.0
   0.75    1024   0.04511808898020    0.601459    5.73619   2.64370      8.0
   0.75    2048   0.03327210783736    0.594706    6.63029   2.83173      8.0
   0.75    4096   0.02430471235039    0.581787    7.64178   3.01729      7.0
   0.75    8192   0.01753528576156    0.559084    8.79360   3.19996      4.0
   0.75   16384   0.01279316319621    0.552653   10.02376   3.37113      4.0
   0.75   32768   0.00927564157351    0.542314   11.38992   3.53473      1.0

    1.0     256   0.10676721254511    1.052520    3.77993   3.77993     34.0
    1.0     512   0.07234505270562    0.859112    4.25282   4.25282      7.0
    1.0    1024   0.05434286730924    0.872549    4.76602   4.76602      9.0
    1.0    2048   0.03946263895253    0.836593    5.31468   5.31468      7.0
    1.0    4096   0.02892329895824    0.823908    5.87869   5.87869      7.0
    1.0    8192   0.02098890324172    0.800996    6.46914   6.46914      4.0
    1.0   16384   0.01528771366808    0.789190    7.06948   7.06948      4.0
    1.0   32768   0.01109698047472    0.776199    7.68360   7.68360      3.0

    1.5     256   0.13261509379486    1.623829    3.28401   9.01796     33.0
    1.5     512   0.09151521562908    1.374734    3.34594  11.06041      3.0
    1.5    1024   0.06975829113935    1.437792    3.61727  13.69567     13.0
    1.5    2048   0.05023396215964    1.355616    3.79122  16.91532     10.0
    1.5    4096   0.03661753921653    1.320570    3.96809  20.73659      8.0
    1.5    8192   0.02673984512817    1.300076    4.13163  25.26634      8.0
    1.5   16384   0.01950282766543    1.284374    4.27862  30.63758      7.0
    1.5   32768   0.01416204439621    1.264198    4.40869  37.04643      7.0

    2.0     256   0.14723098018456    2.001488    2.77657  18.85861     18.0
    2.0     512   0.10979027793475    1.978608    2.90825  26.48913     15.0
    2.0    1024   0.07947666748132    1.866310    2.94787  37.09098      7.0
    2.0    2048   0.05948409540730    1.900831    3.05180  51.30442     13.0
    2.0    4096   0.04281786528418    1.805649    3.08160  71.96994      6.0
    2.0    8192   0.03136404168760    1.788608    3.13157  99.84595      7.0
    2.0   16384   0.02295954549676    1.780012    3.17158 138.13793      9.0
    2.0   32768   0.01665969895999    1.749434    3.19822 191.97326      4.0

    4.0     256   0.21659002952285    4.331431    2.22930 219.40837     18.0
    4.0     512   0.16210446794769    4.313422    2.42285 568.77718     17.0
    4.0    1024   0.11738835852441    4.071501    2.25405 1393.43832     15.0
    4.0    2048   0.08609831371893    3.982274    2.22516 3486.39911     14.0
    4.0    4096   0.06291749153424    3.898756    2.19530 8814.12441     12.0
    4.0    8192   0.04600150126351    3.847646    2.18212 22416.27917     11.0
    4.0   16384   0.03353931081769    3.798435    2.17205 57571.51011      9.0
    4.0   32768   0.02443795262420    3.764375    2.16712 148486.72848      5.0

  population: 48 points

--- I1  [P1]  s>1:  H*/t -> 2 zeta(s) ---
  s=1.5  target 2*zeta(s) = 5.224751
       k=   256   H*/t =    3.28401   rel = 3.7145e-01
       k=   512   H*/t =    3.34594   rel = 3.5960e-01
       k=  1024   H*/t =    3.61727   rel = 3.0767e-01
       k=  2048   H*/t =    3.79122   rel = 2.7437e-01
       k=  4096   H*/t =    3.96809   rel = 2.4052e-01
       k=  8192   H*/t =    4.13163   rel = 2.0922e-01
       k= 16384   H*/t =    4.27862   rel = 1.8109e-01
       k= 32768   H*/t =    4.40869   rel = 1.5619e-01
       final rel 1.5619e-01 (<0.10: False), non-increasing over last 4: True
  s=2.0  target 2*zeta(s) = 3.289868
       k=   256   H*/t =    2.77657   rel = 1.5602e-01
       k=   512   H*/t =    2.90825   rel = 1.1600e-01
       k=  1024   H*/t =    2.94787   rel = 1.0396e-01
       k=  2048   H*/t =    3.05180   rel = 7.2365e-02
       k=  4096   H*/t =    3.08160   rel = 6.3306e-02
       k=  8192   H*/t =    3.13157   rel = 4.8116e-02
       k= 16384   H*/t =    3.17158   rel = 3.5954e-02
       k= 32768   H*/t =    3.19822   rel = 2.7859e-02
       final rel 2.7859e-02 (<0.10: True), non-increasing over last 4: True
  s=4.0  target 2*zeta(s) = 2.164646
       k=   256   H*/t =    2.22930   rel = 2.9868e-02
       k=   512   H*/t =    2.42285   rel = 1.1928e-01
       k=  1024   H*/t =    2.25405   rel = 4.1300e-02
       k=  2048   H*/t =    2.22516   rel = 2.7955e-02
       k=  4096   H*/t =    2.19530   rel = 1.4160e-02
       k=  8192   H*/t =    2.18212   rel = 8.0744e-03
       k= 16384   H*/t =    2.17205   rel = 3.4207e-03
       k= 32768   H*/t =    2.16712   rel = 1.1407e-03
       final rel 1.1407e-03 (<0.10: True), non-increasing over last 4: True
  cases: 3 -> FAIL

--- I2  [P2]  s=1:  H*/t -> log k - log log k - log(2 lambda)   (Clausen) ---
      the cutoff heuristic predicts 2*log(1/2t) + 2 gamma - 2 instead; both printed
        k       H*/t      Clausen      resid       cutoff      resid
      256    3.77993      3.08791    0.69201      2.24235    1.53758
      512    4.25282      3.86632    0.38650      3.02075    1.23207
     1024    4.76602      4.43859    0.32743      3.59302    1.17300
     2048    5.31468      5.07851    0.23618      4.23294    1.08174
     4096    5.87869      5.69992    0.17877      4.85435    1.02434
     8192    6.46914      6.34123    0.12791      5.49566    0.97348
    16384    7.06948      6.97512    0.09436      6.12955    0.93993
    32768    7.68360      7.61587    0.06773      6.77030    0.91330
  final |resid| 0.06773 (<0.5: True), non-increasing over last 4: True;  cases: 8 -> PASS

--- I3  [P3]  s<1:  H*/t^s -> 2^s Gamma(1-s) sin(pi s/2) ---
  s=0.5  target = 1.772454
       k=   256   H*/t^s =    1.21513   rel = 3.1444e-01
       k=   512   H*/t^s =    1.27055   rel = 2.8317e-01
       k=  1024   H*/t^s =    1.32998   rel = 2.4964e-01
       k=  2048   H*/t^s =    1.38165   rel = 2.2049e-01
       k=  4096   H*/t^s =    1.42838   rel = 1.9412e-01
       k=  8192   H*/t^s =    1.47192   rel = 1.6956e-01
       k= 16384   H*/t^s =    1.51106   rel = 1.4748e-01
       k= 32768   H*/t^s =    1.54616   rel = 1.2767e-01
       final rel 1.2767e-01 (<0.10: False), non-increasing over last 4: True
  s=0.75 target = 5.633378
       k=   256   H*/t^s =    2.26230   rel = 5.9841e-01
       k=   512   H*/t^s =    2.45043   rel = 5.6502e-01
       k=  1024   H*/t^s =    2.64370   rel = 5.3071e-01
       k=  2048   H*/t^s =    2.83173   rel = 4.9733e-01
       k=  4096   H*/t^s =    3.01729   rel = 4.6439e-01
       k=  8192   H*/t^s =    3.19996   rel = 4.3196e-01
       k= 16384   H*/t^s =    3.37113   rel = 4.0158e-01
       k= 32768   H*/t^s =    3.53473   rel = 3.7254e-01
       final rel 3.7254e-01 (<0.10: False), non-increasing over last 4: True
  cases: 2 -> FAIL

--- I4  [P4] THE DECISIVE TEST: which branch does lambda_eff go to, for s < 1? ---
      registered BEFORE the run: lambda_eff must exceed the midpoint of the two
      candidate limits.  Below it REFUTES the s/2 branch.
      s       k  lambda_eff       s/2     s-1/2   midpoint   quantum  verdict
    0.5     256    0.314596    0.2500    0.0000     0.1250   0.13228      s/2
    0.5     512    0.362762    0.2500    0.0000     0.1250   0.09470      s/2
    0.5    1024    0.319652    0.2500    0.0000     0.1250   0.05963      s/2
    0.5    2048    0.313368    0.2500    0.0000     0.1250   0.03981      s/2
    0.5    4096    0.325158    0.2500    0.0000     0.1250   0.02745      s/2
    0.5    8192    0.321818    0.2500    0.0000     0.1250   0.01855      s/2
    0.5   16384    0.319033    0.2500    0.0000     0.1250   0.01259      s/2
    0.5   32768    0.314701    0.2500    0.0000     0.1250   0.00854      s/2
       at k=32768: lambda_eff = 0.314701 vs midpoint 0.1250 -> s/2 branch
   0.75     256    0.630013    0.3750    0.2500     0.3125   0.18719      s/2
   0.75     512    0.590527    0.3750    0.2500     0.3125   0.12082      s/2
   0.75    1024    0.601459    0.3750    0.2500     0.3125   0.08180      s/2
   0.75    2048    0.594706    0.3750    0.2500     0.3125   0.05484      s/2
   0.75    4096    0.581787    0.3750    0.2500     0.3125   0.03672      s/2
   0.75    8192    0.559084    0.3750    0.2500     0.3125   0.02445      s/2
   0.75   16384    0.552653    0.3750    0.2500     0.3125   0.01657      s/2
   0.75   32768    0.542314    0.3750    0.2500     0.3125   0.01121      s/2
       at k=32768: lambda_eff = 0.542314 vs midpoint 0.3125 -> s/2 branch
  cases: 2 -> PASS

--- I5  CONTROL: the two regimes must not both describe everything ---
      registered: H*/t bounded (<25% spread) at s=2, and growing (>=2x) at s=0.5
      s=2.0   H*/t from 2.7766 to 3.1982   spread 0.152   ratio 1.152   bounded -> PASS
      s=0.5   H*/t from 5.0295 to 18.3938   spread 2.657   ratio 3.657   growing -> PASS
  -> PASS

--- I6  lambda_eff against BOTH branches, with the quantum beside it (no verdict) ---
      predicted = branch + a*loglog k/log k, a = s/2 (s<1), 3/2 (s=1), 1/2 (s>1)
      s       k  lambda_eff pred(branch)        resid    quantum
    0.5     256    0.314596     0.327226    -0.012630    0.13228
    0.5     512    0.362762     0.323366     0.039396    0.09470
    0.5    1024    0.319652     0.319829    -0.000177    0.05963
    0.5    2048    0.313368     0.316606    -0.003239    0.03981
    0.5    4096    0.325158     0.313671     0.011487    0.02745
    0.5    8192    0.321818     0.310994     0.010824    0.01855
    0.5   16384    0.319033     0.308546     0.010487    0.01259
    0.5   32768    0.314701     0.306302     0.008399    0.00854

   0.75     256    0.630013     0.490839     0.139174    0.18719
   0.75     512    0.590527     0.485048     0.105479    0.12082
   0.75    1024    0.601459     0.479744     0.121715    0.08180
   0.75    2048    0.594706     0.474909     0.119797    0.05484
   0.75    4096    0.581787     0.470506     0.111281    0.03672
   0.75    8192    0.559084     0.466491     0.092593    0.02445
   0.75   16384    0.552653     0.462819     0.089833    0.01657
   0.75   32768    0.542314     0.459453     0.082861    0.01121

    1.0     256    1.052520     0.963356     0.089164    0.24195
    1.0     512    0.859112     0.940193    -0.081081    0.14573
    1.0    1024    0.872549     0.918974    -0.046426    0.09852
    1.0    2048    0.836593     0.899636    -0.063044    0.06504
    1.0    4096    0.823908     0.882025    -0.058116    0.04370
    1.0    8192    0.800996     0.865962    -0.064966    0.02927
    1.0   16384    0.789190     0.851277    -0.062087    0.01980
    1.0   32768    0.776199     0.837812    -0.061614    0.01341

    1.5     256    1.623829     1.154452     0.469377    0.30053
    1.5     512    1.374734     1.146731     0.228003    0.18435
    1.5    1024    1.437792     1.139658     0.298134    0.12647
    1.5    2048    1.355616     1.133212     0.222404    0.08279
    1.5    4096    1.320570     1.127342     0.193229    0.05532
    1.5    8192    1.300076     1.121987     0.178089    0.03729
    1.5   16384    1.284374     1.117092     0.167282    0.02526
    1.5   32768    1.264198     1.112604     0.151594    0.01712

    2.0     256    2.001488     1.654452     0.347036    0.33365
    2.0     512    1.978608     1.646731     0.331877    0.22116
    2.0    1024    1.866310     1.639658     0.226652    0.14409
    2.0    2048    1.900831     1.633212     0.267619    0.09804
    2.0    4096    1.805649     1.627342     0.178307    0.06469
    2.0    8192    1.788608     1.621987     0.166621    0.04374
    2.0   16384    1.780012     1.617092     0.162920    0.02973
    2.0   32768    1.749434     1.612604     0.136830    0.02014

    4.0     256    4.331431     3.654452     0.676979    0.49083
    4.0     512    4.313422     3.646731     0.666691    0.32654
    4.0    1024    4.071501     3.639658     0.431843    0.21282
    4.0    2048    3.982274     3.633212     0.349062    0.14190
    4.0    4096    3.898756     3.627342     0.271414    0.09505
    4.0    8192    3.847646     3.621987     0.225659    0.06415
    4.0   16384    3.798435     3.617092     0.181343    0.04343
    4.0   32768    3.764375     3.612604     0.151771    0.02954

====================================================================================================
  [I0 instrument] PASS
  [I1 s>1 head -> 2 zeta(s)] FAIL
  [I2 s=1 head ~ log k (Clausen constant)] PASS
  [I3 s<1 head ~ t^s with the Gamma constant] FAIL
  [I4 lambda -> s/2 for s<1] PASS
  [I5 control: the regimes are distinct] PASS

interpretation belongs in the report, not here.
done.
