====================================================================================================
(1) 補題 log(p−1) ≤ p−3  (p ≥ 5 の素数)
====================================================================================================
    p=   5:  log(p−1)=1.3863  ≤  p−3=   2   OK
    p=   7:  log(p−1)=1.7918  ≤  p−3=   4   OK
    p=  11:  log(p−1)=2.3026  ≤  p−3=   8   OK
    p=  13:  log(p−1)=2.4849  ≤  p−3=  10   OK
    p=  17:  log(p−1)=2.7726  ≤  p−3=  14   OK
    p= 101:  log(p−1)=4.6052  ≤  p−3=  98   OK

====================================================================================================
(2) 補助不変量  φ_ω·log3 ≥ 2^{ω+1}  と、帰納で保たれるか
====================================================================================================
     ω   φ_ω(奇プリモリアル)   φ_ω·log3        2^{ω+1}      比      次段の倍率(p−1)
     1                    2            2.20             4       0.549   ×4   —
     2                    8            8.79             8         1.1   ×6   OK
     3                   48           52.73            16         3.3   ×10   OK
     4                  480          527.33            32        16.5   ×12   OK
     5                 5760         6328.01            64        98.9   ×16   OK
     6                92160       101248.11           128         791   ×18   OK
     7              1658880      1822465.95           256    7.12e+03   ×22   OK
     8             36495360     40094250.98           512    7.83e+04   ×28   OK
     9           1021870080   1122639027.31          1024     1.1e+06   ×30   OK
    10          30656102400  33679170819.31          2048    1.64e+07   ×36   OK
    11        1103619686400      1.2125e+12          4096    2.96e+08   ×40   OK
    12       44144787456000      4.8498e+13          8192    5.92e+09   ×42   OK
    13           1.8541e+15      2.0369e+15         16384    1.24e+11   ×46   OK
    14           8.5288e+16      9.3698e+16         32768    2.86e+12   ×52   OK

    ⇒ ω ≥ 3 で補助不変量は成立し、比は各段で急増

====================================================================================================
(3) 主張そのもの: (2φ_ω+2)^{2^ω} ≤ 3^{φ_ω} と slack 比 LHS/RHS(log 比)
====================================================================================================
     ω    (2φ+2)^{2^ω} の log     3^{φ} の log        比 LHS/RHS      判定
     1                3.5835           2.1972e+00            1.631     ★例外(既知)
     2               11.5615           8.7889e+00            1.315     ★例外(既知)
     3               36.6797           5.2733e+01           0.6956     OK
     4              109.9042           5.2733e+02           0.2084     OK
     5              299.2644           6.3280e+03          0.04729     OK
     6              775.9641           1.0125e+05         0.007664     OK
     7             1921.8945           1.8225e+06         0.001055     OK
     8             4635.0958           4.0094e+07        0.0001156     OK
     9            10976.2803           1.1226e+09        9.777e-06     OK
    10            25435.3866           3.3679e+10        7.552e-07     OK
    11            58209.8201           1.2125e+12        4.801e-08     OK
    12           131529.2904           4.8498e+13        2.712e-09     OK
    13           293677.5702           2.0369e+15        1.442e-10     OK
    14           650083.6011           9.3698e+16        6.938e-12     OK

    ⇒ ω ≥ 3 で 全て成立(比は単調急減: ω=3で0.696、ω=12で2.7e−9)
    ⇒ 帰納の一段((1)(2))と ω=3 の基底で、【全ての ω】が覆われる。
