====================================================================================================
(a) e^{1/8}·(√3/2) < 1 か —— 結論が無条件で生き残るかの決め手
====================================================================================================
    e^(1/8)      = 1.1331484531
    √3/2         = 0.8660254038
    積            = 0.9813353466   < 1 ✓
    1元素あたりの余裕 = 0.018841  (= log(1/0.9813))
    b=100 で (0.9813)^100 = 0.1520 、b=1000 で 6.568e-09

====================================================================================================
(b)(c) Cauchy–Schwarz と、K₂ の指数の各項の実測(τ_a: a≡1 mod6→+1, a≡5→−1, 他0)
====================================================================================================
     k     b        Δ²/(8S₂)   ≤ b/8      S₄/S₂²    |ΔΔ₃|/(4S₂²)  Δ₃²/S₂³   S₄Δ²/S₂³
     40     39       0.0314        4.9   0.050647       0.0045  0.001267  0.012721   C–S OK
    100     99       0.0019       12.4   0.019933       0.0000  0.000001  0.000302   C–S OK
    400    399       0.0043       49.9   0.004917       0.0000  0.000000  0.000169   C–S OK
   2000   1999       0.0101      249.9   0.000965       0.0000  0.000000  0.000078   C–S OK
  10000   9999       0.0003     1249.9   0.000191       0.0000  0.000000  0.000000   C–S OK

  ⇒ Δ²/(8S₂) の実測は b/8 より遥かに小さいが、【無条件に言えるのは b/8 まで】。
     他の4項はすべて O(1) 以下(実測では 0 に向かう)。
     ⟹ 無条件に K₂ ≤ exp(b/8 + O(1))、レートは (√3/2)e^{1/8} = 0.9813 < 1。

====================================================================================================
(参考) fable の指摘: S–W の粗い上界 Δ²/S₂ ≤ N log N e^{−2c√log N} は N とともに増える
====================================================================================================
       N        N·logN·e^(−2√logN)   b/8 = N/(8 logN)   比(前者/後者)
   1e  6     8.1637e+03          9.0478e+03             0.9
   1e 12     7.5100e+08          4.5239e+09             0.2
   1e 24     1.9296e+19          2.2620e+21             0.0
   1e 48     8.1648e+40          1.1310e+45             0.0
  ⇒ 比は最終的に 0 に行く(o(b))が、N=10²⁴ でもまだ 690 倍。
     つまり S–W 版は漸近的には強いが、実効しきい値は天文学的。だから (i) を柱にするのが正しい。
