======================================================================================================================
[K2-1] K2 = K * exp(-3 S4 Delta^2 / (16 S2^3))、Delta3^2 の係数を 45/24 -> 5/24 に訂正
======================================================================================================================
  k   b  c1-c5   Delta   実測比    実測/K(r17)  実測/K(5/24)  実測/K2   枝
  18  17    -1       -7   0.9625      1.0016       1.0034     1.0034   A
  20  19    -1       -5   0.9652      1.0005       1.0015     1.0015   A
  22  21    -1       -9   0.9677      1.0004       1.0004     1.0005   A
  24  23    -1       -1   0.9695      0.9997       1.0002     1.0002   A
  26  25    -1       +1   0.9717      0.9998       1.0001     1.0001   A
  28  27    -1       +3   0.9742      0.9999       1.0002     1.0002   A
  30  29    -1      +17   0.9761      0.9994       1.0000     1.0000   A
  32  31    -3     -251   1.0250      0.9904       0.9948     0.9991   B
  34  33    -3     -261   1.0193      0.9923       0.9955     0.9990   B
  36  35    -1      +47   0.9806      0.9991       0.9998     0.9999   A
  38  37    -1      +43   0.9807      0.9991       0.9994     0.9995   A
  40  39    -3     -309   1.0146      0.9952       0.9973     0.9997   B

  K(r17 元の式)                   A枝 |比-1| 平均 0.00061 最大 0.00161  |  B枝 平均 0.00736 最大 0.00963
  K(Delta3^2=5/24 に訂正)         A枝 |比-1| 平均 0.00073 最大 0.00335  |  B枝 平均 0.00411 最大 0.00516
  K2(S4*Delta^2 項を追加)          A枝 |比-1| 平均 0.00072 最大 0.00339  |  B枝 平均 0.00073 最大 0.00098

  合格基準(fable-5): B枝(k=32,34,40)の 0.990〜0.995 が 0.997〜1.003 に入り、A枝が悪化しないこと
  B枝の実測/K2: k=32:0.9991, k=34:0.9990, k=40:0.9997

======================================================================================================================
[psi-1] g(k) = alpha*Delta/S2 + beta*(c1-c5)/S2 + gamma/S2  の3パラメータ最小二乗
======================================================================================================================
  hw=24   R^2=0.98324
        alpha (Delta/S2)       =  +7.7306e-01  ± 1.81e-01   (t =   +4.26) 有意
        beta  ((c1-c5)/S2)     =  +8.6598e+00  ± 2.36e+01   (t =   +0.37) 有意でない
        gamma (1/S2)           =  +1.0756e+01  ± 2.28e+01   (t =   +0.47) 有意でない
  hw=48   R^2=0.98396
        alpha (Delta/S2)       =  +7.7530e-01  ± 1.78e-01   (t =   +4.35) 有意
        beta  ((c1-c5)/S2)     =  +8.8828e+00  ± 2.32e+01   (t =   +0.38) 有意でない
        gamma (1/S2)           =  +1.1084e+01  ± 2.24e+01   (t =   +0.49) 有意でない
  hw=96   R^2=0.98762
        alpha (Delta/S2)       =  +8.1994e-01  ± 1.59e-01   (t =   +5.16) 有意
        beta  ((c1-c5)/S2)     =  +4.7929e+00  ± 2.07e+01   (t =   +0.23) 有意でない
        gamma (1/S2)           =  +6.7438e+00  ± 2.00e+01   (t =   +0.34) 有意でない
  hw=192  R^2=0.97476
        alpha (Delta/S2)       =  +1.2402e+00  ± 2.46e-01   (t =   +5.04) 有意
        beta  ((c1-c5)/S2)     =  -4.4971e+01  ± 3.20e+01   (t =   -1.40) 有意でない
        gamma (1/S2)           =  -4.7958e+01  ± 3.09e+01   (t =   -1.55) 有意でない

  参考: fable-5 の予言は alpha = -(sqrt3/2) = -0.8660(Delta3 項を除いた主要部)
        beta が有意で安定 -> 実物理(H-psi2)。gamma のみ有意 -> アーティファクト(H-psi1)。

======================================================================================================================
[感度(a)] 勾配 x S2 は k によらず定数か?(定数なら 1/S2 スケール = H-psi1 と整合)
======================================================================================================================
  k   Delta   c1-c5   sl*S2 (hw=24)   sl*S2 (hw=96)   sl*S2 (hw=192)
  18      -7     -1        -2.6833        -3.2133       -15.9096
  20      -5     -1        -2.4893        -2.6892        -4.8497
  22      -9     -1        -1.7085        -3.1341        -9.0756
  24      -1     -1        -1.2941        -0.8185        +0.3670
  26      +1     -1        -1.6080        -0.8955        +1.1891
  28      +3     -1        -1.6782        -0.8941        +1.4865
  30     +17     -1       +10.8746       +11.8770       +14.9775
  32    -251     -3      -205.1670      -210.4900      -227.8225
  34    -261     -3      -209.2804      -213.8900      -228.8561
  36     +47     -1       +27.8021       +29.0998       +33.2364
  38     +43     -1       +66.2945       +65.7852       +64.1346
  40    -309     -3      -297.2932      -298.8871      -304.0424

======================================================================================================================
[感度(b)] 参照 Main の中心を ±1/2 ずらすと勾配は動くか?(動けば抽出系の性質)
======================================================================================================================
  k    sl(half=-0.5)    sl(half=0)    sl(half=+0.5)   振れ幅/|sl(0)|
  18   -1.2904e-04   -1.2878e-04   -1.2850e-04       0.004
  20   -7.6332e-05   -7.6132e-05   -7.5926e-05       0.005
  22   -6.4634e-05   -6.4684e-05   -6.4736e-05       0.002
  24   -1.2537e-05   -1.2442e-05   -1.2346e-05       0.015
  26   -1.0429e-05   -1.0341e-05   -1.0252e-05       0.017
  28   -8.2178e-06   -8.1342e-06   -8.0504e-06       0.021
  30   +8.5561e-05   +8.5556e-05   +8.5552e-05       0.000
  32   -1.2034e-03   -1.2045e-03   -1.2056e-03       0.002
  34   -9.8803e-04   -9.8898e-04   -9.8994e-04       0.002
  36   +1.1038e-04   +1.1034e-04   +1.1031e-04       0.001
  38   +2.0640e-04   +2.0675e-04   +2.0711e-04       0.003
  40   -7.8745e-04   -7.8623e-04   -7.8502e-04       0.003

======================================================================================================================
[Delta 数表] c1-c5, Delta, Delta3 の k 依存(素数レースの記録)
======================================================================================================================
  k   b   c1   c5  c1-c5     Delta       Delta3/S2        S2          S4/S2^2
   8   7    3    4     -1       -17         -5.92        1543     0.22677
  10   9    4    5     -1       -15         -1.12        3345     0.19400
  12  11    5    6     -1       -19         -3.44        6395     0.16800
  14  13    6    7     -1       -23         -4.43       10453     0.13883
  16  15    6    9     -3      -135        -23.92       16743     0.12548
  18  17    8    9     -1        -7         +5.10       24953     0.11110
  20  19    9   10     -1        -5         +4.48       35323     0.09857
  22  21   10   11     -1        -9         +1.64       48453     0.08919
  24  23   11   12     -1        -1         +4.37       65783     0.08334
  26  25   12   13     -1        +1         +4.04       86593     0.07699
  28  27   13   14     -1        +3         +3.82      109923     0.07031
  30  29   14   15     -1       +17         +7.38      138821     0.06604
  32  31   14   17     -3      -251        -21.71      174751     0.06286
  34  33   15   18     -3      -261        -20.42      216273     0.05956
  36  35   17   18     -1       +47        +10.98      263723     0.05626
  38  37   18   19     -1       +43         +8.08      318181     0.05331
  40  39   18   21     -3      -309        -21.95      380151     0.05065
  42  41   19   22     -3      -319        -20.88      449393     0.04815
  44  43   20   23     -3      -323        -18.72      525451     0.04570
