========================================================================================================
[ℓ¹ 整数チェック]  Σ|係数(Φ_q)|  ≤  3^{φ(q)/2}   —— すべて整数、浮動小数なし
========================================================================================================
    q   φ(q)   ‖Φ_q‖₁   3^{φ(q)/2}          判定    (等号?)
     3      2         3                    3     OK     等号
     4      2         2                    3     OK     
     5      4         5                    9     OK     
     6      2         3                    3     OK     等号
     7      6         7                   27     OK     
     8      4         2                    9     OK     
     9      6         3                   27     OK     
    10      4         5                    9     OK     
    11     10        11                  243     OK     
    12      4         3                    9     OK     
    13     12        13                  729     OK     
    14      6         7                   27     OK     
    15      8         7                   81     OK     
    16      8         2                   81     OK     
    17     16        17                 6561     OK     
    18      6         3                   27     OK     
    19     18        19                19683     OK     
    20      8         5                   81     OK     
    21     12         9                  729     OK     
    22     10        11                  243     OK     
    23     22        23               177147     OK     
    24      8         3                   81     OK     
    30      8         7                   81     OK     
    36     12         3                  729     OK     
    60     16         7                 6561     OK     
   105     48        35         282429536481     OK     
   120     32         7             43046721     OK     
   165     80        67   12157665459056928801     OK     
   180     48         7         282429536481     OK     
   210     48        35         282429536481     OK     
   231    120        57   42391158275216203514294433201     OK     
   240     64         7     1853020188851841     OK     

  3 ≤ q ≤ 240 の全域: 成立
  等号が起きる q: [3, 6]

  ※ φ(q) は q≥3 で偶数なので 3^{φ(q)/2} は整数。比較は完全に整数演算。
  ※ ‖Φ_q‖_∞ ≤ ‖Φ_q‖₁ は |z|=1 で |Σc_i z^i| ≤ Σ|c_i| から即座(Lean 化可)。

  余裕の推移(log スケール、1元素あたり): (log 3^{φ/2} − log‖Φ_q‖₁)/φ(q)
    q=   3  φ=   2  ‖·‖₁=       3   余裕=+0.00000
    q=   6  φ=   2  ‖·‖₁=       3   余裕=+0.00000
    q=  12  φ=   4  ‖·‖₁=       3   余裕=+0.27465
    q=  30  φ=   8  ‖·‖₁=       7   余裕=+0.30607
    q=  60  φ=  16  ‖·‖₁=       7   余裕=+0.42769
    q= 105  φ=  48  ‖·‖₁=      35   余裕=+0.47524
    q= 120  φ=  32  ‖·‖₁=       7   余裕=+0.48850
    q= 210  φ=  48  ‖·‖₁=      35   余裕=+0.47524
    q= 240  φ=  64  ‖·‖₁=       7   余裕=+0.51890
