================================================================================================================
[L5a 改良] BMOR の Thm 1.9(小さい x、sqrt型)と Thm 1.3(大きい x)を併用
================================================================================================================
  q   M(q)     L_q     x=10^4     10^5      10^6      10^7      10^9     10^11     10^13
  4  0.7071  0.3466  2.41e-02  7.73e-03  2.48e-03  7.93e-04  8.05e-05  8.13e-06  8.18e-07
  6  0.8660  0.1438  1.21e-02  3.92e-03  1.26e-03  4.03e-04  4.09e-05  4.13e-06  4.16e-07
  8  0.5946  0.9605  1.21e-01  3.70e-02  1.16e-02  3.70e-03  3.75e-04  3.79e-05  3.81e-06
 10  0.7477  0.5314  8.08e-02  2.54e-02  8.07e-03  2.57e-03  2.61e-04  2.64e-05  2.65e-06
 14  0.6915  0.8350  1.89e-01  5.66e-02  1.77e-02  5.62e-03  5.69e-04  5.75e-05  5.78e-06
 18  0.6005  1.0729  2.19e-01  6.38e-02  1.98e-02  6.28e-03  6.35e-04  6.41e-05  6.45e-06

  (値は eta。M(q)+eta が実際の上界の底になる)

================================================================================================================
[k0(eta)] eta を達成する最小の x と、対応する k ~ Li(x)
================================================================================================================
  --- eta = 0.1 ---
   q       必要な x            k0 ~ Li(x)      そこでの eta
   4           562.85           107.34   1.000e-01
   6           123.82           33.241   1.000e-01
   8            14401           1693.9   1.000e-01
  10           6601.6           855.36   1.000e-01
  14            33118           3546.6   1.000e-01
  18            42265           4410.3   1.000e-01
  --- eta = 0.05 ---
   q       必要な x            k0 ~ Li(x)      そこでの eta
   4           2275.8           342.35   5.000e-02
   6           536.69           103.29   5.000e-02
   8            55113           5595.4   5.000e-02
  10            25799             2839   5.000e-02
  14       1.2737e+05            11914   5.000e-02
  18       1.6084e+05            14723   5.000e-02
  --- eta = 0.01 ---
   q       必要な x            k0 ~ Li(x)      そこでの eta
   4            59384           5983.6   1.000e-02
   6            14811           1736.4   1.000e-02
   8       1.3583e+06       1.0396e+05   1.000e-02
  10         6.49e+05            52658   1.000e-02
  14       3.1459e+06        2.262e+05   1.000e-02
  18       3.9336e+06       2.7835e+05   1.000e-02

  ⇒ Thm 1.9 の sqrt(x) 型のおかげで、k0 は 10^8 ではなく 10^4〜10^5 のオーダーに落ちる。
    (前スクリプト l5a_bmor_r30.py は Thm 1.3 だけを使ったため k0 ~ 4e8 と出ていた。
     Thm 1.9 を併用するのが正しい。)
