======================================================================================================================
[L5a] BMOR (Illinois J. Math. 62 (2018), arXiv:1802.00085v3) Thm 1.3 から出る明示的な k0(eta)
======================================================================================================================
  q  phi(q)   M(q)     L_q  (最悪 r)   c_pi(q)      x_pi(q)      | eta=0.05 に必要な log x   x     ~ k0 = pi(x)
  4    2   0.7071  0.3466 (r= 3)  0.0005028     5.44e+09  |     0.0102       1.01     2.544e+08   [表]
  6    2   0.8660  0.1438 (r= 1)  0.0004187     7.94e+09  |     0.0043          1      3.65e+08   [表]
  8    4   0.5946  0.9605 (r= 5)  0.0006091     2.27e+09  |     0.0580       1.06     1.105e+08   [表]
 10    4   0.7477  0.5314 (r= 7)  0.0003876     3.38e+09  |     0.0255       1.03     1.615e+08   [表]
 14    6   0.6915  0.8350 (r= 9)  0.0011905        8e+09  |     0.1709       1.19     3.676e+08   [一様 c0=1/840]
 18    6   0.6005  1.0729 (r=11)  0.0011905        8e+09  |     0.1916       1.21     3.676e+08   [一様 c0=1/840]

  読み方: 『eta=0.05 に必要な log x』が小さいので、実際の制約は x >= x_pi(q) のほう。
          すなわち BMOR の適用開始点(x ~ 10^9〜10^10)が k0 を決める。

======================================================================================================================
[参考] x = x_pi(q) のとき、この評価が与える実際の eta
======================================================================================================================
  q     x_pi(q)      log x    2 phi c_pi L_q / log x   実際の eta = M(q)(e^{...}-1)   M(q)+eta
  4     5.438e+09   22.417      3.109e-05            2.199e-05            0.707129
  6     7.941e+09   22.795      1.057e-05            9.152e-06            0.866035
  8     2.266e+09   21.541      2.173e-04            1.292e-04            0.594733
 10     3.376e+09   21.940      7.510e-05            5.615e-05            0.747731
 14         8e+09   22.803      5.231e-04            3.618e-04            0.691906
 18         8e+09   22.803      6.722e-04            4.037e-04            0.600872

  ⇒ x >= x_pi(q) の範囲では eta は 10^-5 のオーダーで、M(q) の値をほとんど動かさない。
     すなわち L5a の『有限リストの峰は (M(q)+eta)^b で押さえられる』は
     BMOR の定数で eta = 10^-5 という極めて強い形で成立する。

======================================================================================================================
[k0 の実務的な値] x_pi(q) を超える最小の k(= 先頭 k 個の素数の最大値が x_pi(q) 超)
======================================================================================================================
  q      x_pi(q)        必要な p_k          おおよその k = pi(x_pi(q))
  4     5.4383e+09   p_k >=   5.4383e+09      k0 ~    2.544e+08
  6     7.9406e+09   p_k >=   7.9406e+09      k0 ~     3.65e+08
  8     2.2657e+09   p_k >=   2.2657e+09      k0 ~    1.105e+08
 10     3.3755e+09   p_k >=   3.3755e+09      k0 ~    1.615e+08
 14          8e+09   p_k >=        8e+09      k0 ~    3.676e+08
 18          8e+09   p_k >=        8e+09      k0 ~    3.676e+08

  【正直な注意】k0 ~ 4x10^8 は現在の数値実験(k<=44)から遥かに遠い。
  L5a は『十分大きい k で成り立つ』という漸近的な主張であり、
  実験値との橋渡しにはならない。論文にはこの点を明記すること。
