========================================================================================================
[A] log|2 cos(pi u)| = sum_{n>=1} (-1)^{n+1} cos(2 pi n u)/n の数値検証
========================================================================================================
     u        左辺 log|2cos(pi u)|     右辺(N=20000項)        差
   0.10         +0.6429653906        +0.6429403913    +2.50e-05
   0.20         +0.4812118251        +0.4811868260    +2.50e-05
   0.30         +0.1617535656        +0.1617285674    +2.50e-05
   0.37         -0.2302993666        -0.2303243627    +2.50e-05
   0.45         -1.1619709299        -1.1619959043    +2.50e-05
   0.05         +0.6807591048        +0.6807341055    +2.50e-05

  ⇒ 一致すれば、log|G_B(theta)| は素数上の指数和 sum_{a in B} e(n a theta/2pi) の
     重み (-1)^{n+1}/n による重ね合わせとして厳密に書ける。
     (u = a theta/(2pi) が cos のゼロに近いと収束は遅いが、恒等式自体は成立)

========================================================================================================
[B] Helfgott arXiv:1205.5252 Main Theorem の適用条件 x >= x_0 = 2.16e20 を k に翻訳
========================================================================================================
  x_0 = 2.160e+20,  log x_0 = 46.822
  k_0 = pi(x_0) ~ 4.7160e+18
  参考: 我々の数値実験の上限 k = 44、L5a の k_0(eta=0.05) は最大 14723

  ⇒ Helfgott の明示定数版は k ~ 4.6e18 以上でしか使えない。
     L5c を『効果的版』に格上げすることはできない。漸近版のままとし、
     効果性は T1(L5a: k_0 ~ 10^4)と T2(L5b: 算術入力ゼロ)に限る、と明記すべき。

========================================================================================================
[C] L5c スモークテスト: 深い minor arc(連分数分母 q が大きい theta)で |G|^{1/b}
========================================================================================================

  k=24 (b=23) :
     theta        theta/(2pi) の分母 q    |G|^{1/b}     M(q=5..) の目安 0.5
   2.094411          q =  99998          0.5000
   0.810735          q =  99998          0.4514
   0.844222          q =  99991          0.5341
   0.830338          q =  99983          0.5518
   1.168192          q =  99982          0.4939
   0.146119          q =  99976          0.5536

  k=32 (b=31) :
     theta        theta/(2pi) の分母 q    |G|^{1/b}     M(q=5..) の目安 0.5
   0.555262          q =  99997          0.4700
   0.321778          q =  99995          0.4468
   1.244497          q =  99991          0.4335
   1.821732          q =  99987          0.5410
   1.644198          q =  99980          0.4963
   0.974978          q =  99979          0.4082

  判定: 深い minor(q が大きい)で |G|^{1/b} が 0.5 近傍に落ちていれば、
        L5c の目標『(1/2+o(1))^b』の向きは合っている(証明ではなく向きの確認)。
