========================================================================================================
(A) 8.0'(i) の誤差上界 |T_{r,n} - (1/φ(q))Σ_p e(pnt)| ≤ E*(1 + 2πN|nt|) の数値確認
    E* = sup_{u≤N} |#{p≤u,p≡r} - #{p≤u}/φ(q)|  を実測して使う
========================================================================================================
  k=140 b=139 N=811 q=6 φ(q)=2
      r    n     x=Nt     |実測の差|    上界 E*(1+2πN|nt|)   比    判定
      1    1     0.50       1.5350             14.50   0.1059  OK
      1    1     2.00       1.8767             47.48   0.0395  OK
      1    1    10.00       1.9642            223.41   0.0088  OK
      1    3     0.50       1.7526             36.49   0.0480  OK
      1    3     2.00       1.0972            135.45   0.0081  OK
      1    3    10.00       2.1682            663.23   0.0033  OK
      1   17     0.50       1.2578            190.42   0.0066  OK
      1   17     2.00       1.5842            751.20   0.0021  OK
      1   17    10.00      16.6642           3742.00   0.0045  OK
      1   60     0.50       2.1682            663.23   0.0033  OK
      1   60     2.00       8.5778           2642.44   0.0032  OK
      1   60    10.00       2.1969          13198.19   0.0002  OK
      5    1     0.50       1.5350             14.50   0.1059  OK
      5    1     2.00       1.8767             47.48   0.0395  OK
      5    1    10.00       1.9642            223.41   0.0088  OK
      5    3     0.50       1.7526             36.49   0.0480  OK
      5    3     2.00       1.0972            135.45   0.0081  OK
      5    3    10.00       2.1682            663.23   0.0033  OK
      5   17     0.50       1.2578            190.42   0.0066  OK
      5   17     2.00       1.5842            751.20   0.0021  OK
      5   17    10.00      16.6642           3742.00   0.0045  OK
      5   60     0.50       2.1682            663.23   0.0033  OK
      5   60     2.00       8.5778           2642.44   0.0032  OK
      5   60    10.00       2.1969          13198.19   0.0002  OK
  → E*(実測) = 3.500、最悪比 = 0.1059  ⇒ 上界は全ケースで成立

========================================================================================================
(B) Φ_6(x) を「上界」として使うための明示的な尾の評価
    Φ_q(x) = -log(2M(q)) + R(x),  R(x) = Σ_n ((-1)^{n+1}/n)(c_q(n)/φ(q)) Re Ĩ(nx)
    素朴な上界: |R(x)| ≤ (q/φ(q))·(2/x)·Σ 1/n² = (q/φ(q))(π²/3)/x   (x ≥ 2)
========================================================================================================
  -log(2M(6)) = -0.54931   (Φ の x→∞ 極限)   素朴上界の定数 = 9.870
      x      Φ_6(x)(級数)   |R(x)|(実測)  素朴上界 C/x   素朴上界で Φ<0 と言えるか
       1.0    +1.03995      0.49064        9.8696      no
       1.5    +0.95481      0.40550        6.5797      no
       2.0    +0.78449      0.23519        4.9348      no
       2.5    +0.56914      0.01984        3.9478      no
       4.0    +0.51541      0.03390        2.4674      no
       8.0    +0.62415      0.07485        1.2337      no
      16.0    +0.54904      0.00027        0.6169      no
      36.0    +0.53259      0.01671        0.2742      no
      72.0    +0.54935      0.00004        0.1371      no
     120.0    +0.55203      0.00272        0.0822      no

  ⇒ 素朴上界が Φ<0 を保証するのは x > C/(-log(2M(6))) = -18.0 から。
     L5b 包絡の到達点は x ≈ 1.5。**その間 [1.5, -18] は級数の実測でしか押さえられていない。**
