================================================================================================
lambda_r206 -- the s = 1 constant, measured in the observable the mechanism predicts
   lambda_eff(k,s) := 2 k t_1^2 / log k       (the paper's law says lambda_eff -> s)
================================================================================================

--- FALSIFIER (instrument): constant weights, zero set PROVED exactly (Thm 2(e)) ---
  k=  64  proved=0.024563424884733627053  measured=0.024563424884733627053  rel=1.008e-39
  k= 256  proved=0.0061362311897831376154  measured=0.0061362311897831376154  rel=1.008e-39
  cases: 2 -> PASS

--- w_j = (j+1)^-1 ---
       k                  t_1   lambda_eff      lam - s    (lam-s)logk (lam-s)logk/loglogk
      64     0.18619968145198    1.0670656    0.0670656       0.278918       0.195698
     128     0.14099938929002    1.0489407    0.0489407       0.237462        0.15035
     256     0.10676721254511    1.0525199    0.0525199       0.291232        0.17002
     512    0.072345052705617   0.85911175    -0.140888      -0.878907       -0.48009
    1024    0.054342867309244   0.87254853    -0.127451      -0.883426      -0.456298
    2048    0.039462638952529   0.83659266    -0.163407       -1.24592      -0.613335

--- w_j = (j+1)^-1.5 ---
       k                  t_1   lambda_eff      lam - s    (lam-s)logk (lam-s)logk/loglogk
      64     0.24219270630584    1.8053249     0.305325        1.26981       0.890941
     128     0.16991209649578    1.5232285    0.0232285       0.112705      0.0713598
     256     0.13261509379486    1.6238295     0.123829       0.686657       0.400867
     512    0.091515215629084    1.3747338    -0.125266      -0.781451      -0.426857
    1024    0.069758291139353    1.4377923   -0.0622077      -0.431191      -0.222714
    2048    0.050233962159639    1.3556159    -0.144384       -1.10087      -0.541933

--- w_j = (j+1)^-2 ---
       k                  t_1   lambda_eff      lam - s    (lam-s)logk (lam-s)logk/loglogk
      64     0.30234270323386    2.8134049     0.813405        3.38286        2.37352
     128     0.19891891545419    2.0877026    0.0877026       0.425536       0.269429
     256     0.14723098018456    2.0014877   0.00148767     0.00824941     0.00481597
     512     0.10979027793475     1.978608    -0.021392       -0.13345     -0.0728954
    1024    0.079476667481321      1.86631     -0.13369      -0.926668      -0.478633
    2048      0.0594840954073    1.9008311   -0.0991689      -0.756125      -0.372222

--- w_j = (j+1)^-3 ---
       k                  t_1   lambda_eff      lam - s    (lam-s)logk (lam-s)logk/loglogk
      64     0.37415841583519    4.3086805      1.30868        5.44265        3.81874
     128     0.25530407206474    3.4389982     0.438998        2.13003        1.34864
     256     0.18717650263194    3.2348725     0.234873        1.30241       0.760341
     512      0.1359361924823     3.033208     0.033208       0.207162       0.113159
    1024     0.10127887004267    3.0306947    0.0306947       0.212759       0.109892
    2048    0.073560078831481    2.9068738   -0.0931262      -0.710052      -0.349541

--- w_j = (j+1)^-4 ---
       k                  t_1   lambda_eff      lam - s    (lam-s)logk (lam-s)logk/loglogk
      64     0.45554413143017    6.3869596      2.38696        9.92709        6.96517
     128     0.31746048169758    5.3173568      1.31736        6.39186        4.04702
     256     0.21659002952285    4.3314313     0.331431        1.83785        1.07293
     512     0.16210446794769    4.3134221     0.313422        1.95523        1.06802
    1024     0.11738835852441     4.071501     0.071501       0.495607       0.255986
    2048    0.086098313718927    3.9822736   -0.0177264      -0.135157     -0.0665346

================================================================================================
DECISION, by the rule registered before the run
================================================================================================
  s=1     |lam-s| -> 0.1634      |lam-(s-1/2)| -> 0.3366       UNSETTLED
  s=1.5   |lam-s| -> 0.1444      |lam-(s-1/2)| -> 0.3556       UNSETTLED
  s=2     |lam-s| -> 0.09917     |lam-(s-1/2)| -> 0.4008       UNSETTLED
  s=3     |lam-s| -> 0.09313     |lam-(s-1/2)| -> 0.4069       UNSETTLED
  s=4     |lam-s| -> 0.01773     |lam-(s-1/2)| -> 0.4823       SHAPE A (lambda -> s)

  exponents decided: 5 of 5 -> PASS

CONCLUSION: at least one exponent is UNSETTLED.  Reported raw; the constant stays
  unsettled in the note, said plainly -- which was the third registered outcome.

done.
