=== 1. the identity the criterion rests on: g(1) = (Gamma-1)/2 ===
      profile     k       2*g(1)+1    Gamma^(1/2)
         odds    20     2.99999619     2.99999619
         odds    40     3.00000000     3.00000000
       primes    20     5.34927750     5.34927750
       primes    40     5.34928793     5.34928793
    geometric    20    22.00000000    22.00000000
    geometric    40    42.00000000    42.00000000

=== 2. the radius of convergence R, read off m_j 2^{-j} ===
        profile     k (m_j 2^-j)^{1/j} tail     1/R approx
           odds    60         0.50000000         0.5000
         primes    60         0.52498986         0.5250
         rand-7    60         0.55426496         0.5543
      power a=2    60         0.56002495         0.5600
      geometric    60         0.98832048         0.9883
   1/R < 1 means the layer weights decay geometrically; 1/R = 1 means they do not

=== 3. the proved radius, and the measured one ===
   the condition is 4r*g1(1+2r) < Gamma(A); for the odd numbers g1(x) = 2/(2-x)^2 exactly
   max | g1 - 2/(2-x)^2 | over k = 20,40,80 and x = 1.0..1.3 : 8.71e-03   (finite-k truncation)

        profile     k        Gamma       proved r   measured min      ratio
           odds    32      3.00000       0.166670       0.517654       3.11
           odds    64      3.00000       0.166667       0.504642       3.03
         primes    32      5.34929       0.176916       0.501546       2.83
         primes    64      5.34929       0.176909       0.497201       2.81
         rand-7    32     24.38555       0.248371       0.472272       1.90
         rand-7    64     46.40859       0.302742       0.500432       1.65
      power a=2    32      6.33333       0.106394       0.421913       3.97
      power a=2    64      6.33333       0.106393       0.421908       3.97
      geometric    32     34.00000       0.017032       0.052025       3.05
      geometric    64     66.00000       0.008156       0.025295       3.10

   the proved radius is uniform in k where it exists, and it is conservative;
   where it does not exist (geometric), the measured distance is going to zero

=== 4. the proved bound actually holds: no zero inside the proved disc ===
           odds k= 24  proved r = 0.166731   min |Gamma^(q)| on that circle = 2.600442  OK
           odds k= 48  proved r = 0.166667   min |Gamma^(q)| on that circle = 2.600720  OK
         primes k= 24  proved r = 0.177013   min |Gamma^(q)| on that circle = 4.652517  OK
         primes k= 48  proved r = 0.176909   min |Gamma^(q)| on that circle = 4.653227  OK
         rand-7 k= 24  proved r = 0.243260   min |Gamma^(q)| on that circle = 24.389476  OK
         rand-7 k= 48  proved r = 0.302717   min |Gamma^(q)| on that circle = 44.556985  OK
      power a=2 k= 24  proved r = 0.106426   min |Gamma^(q)| on that circle = 5.414896  OK
      power a=2 k= 48  proved r = 0.106393   min |Gamma^(q)| on that circle = 5.415432  OK
   576 points tested, 0 failures

=== 5. what is proved and what is not ===
   PROVED : if sum_j j m_j 2^{-j} x^{j-1} converges at some x > 1, then Gamma^(q) has no
            zero in a disc about q = 1/2 whose radius depends only on that series and on
            Gamma(A) >= 3 -- uniformly in k.  The fair coin is never pinched there.
   NOT    : the converse.  A radius of convergence equal to 1 removes the obstruction to
            a zero near q = 1/2; it does not produce one.  The lacunary family is pinched,
            and that is one family.
