====================================================================================================
[文献の検算] Bzdega Thm3 の上界が (φ(n)/2)log3 を下回るか(最悪ケース=最小の奇素数から)
====================================================================================================
   k   n = p_1..p_k(最小)        φ(n)          log n + log M_n   必要 0.5493·φ(n)   判定
    1   3                                      2            1.10              1.10   OK
    2   3·5                                    8            2.71              4.39   OK
    3   3·5·7                                 48            5.75             26.37   OK
    4   3·5·7·11                             480           11.96            263.67   OK
    5   3·5·7·11·13                         5760           24.08           3164.00   OK
    6   3·5·7·11·13·17                     92160           48.43          50624.05   OK
    7   3·5·7·11·13·17·19                1658880           96.97         911232.98   OK
    8   3·5·7·11·13·17·19·23            36495360          194.14       20047125.49   OK
    9   3·5·7·11·13·17·19·23·29       1021870080          388.51      561319513.66   OK
   10   3·5·7·11·13·17·19·23·29·31   30656102400          777.08    16839585409.65   OK
   11   3·5·7·11·13·17·19·23·29·31 1103619686400         1554.33   606225074747.54   OK
   12   3·5·7·11·13·17·19·23·29·31 44144787456000         3108.77   24249002989901.71   OK

  ※ k=1(n=3)は 1.0986 vs 1.0986 で【等号】——我々が実測で見つけた等号ケースと一致。
  ※ C<0.859125 の 2^k 乗は負の寄与なので、上では捨てている(安全側)。

====================================================================================================
[fable-5 の自作案の検算] ‖Φ_q‖₁ ≤ (2(φ+1))^{2^{ω−1}}  が (φ/2)log3 を下回るか
====================================================================================================
    q(平方因子なし)      ω   φ(q)    log上界=2^{ω−1}log(2φ+2)   必要 0.5493·φ   判定
              3      1        2                 1.79                  1.10   ★破れ
             15      2        8                 5.78                  4.39   ★破れ
            105      3       48                18.34                 26.37   OK
           1155      4      480                54.95                263.67   OK
          15015      5     5760               149.63               3164.00   OK
         255255      6    92160               387.98              50624.05   OK
           2310(=2310)  5      480               109.90                263.67   OK

  ⇒ 自作案も通る。ただし文献の評価のほうが桁違いに強い(C<0.859 の 2^k 乗が効く)。
