====================================================================================================
[V2b] 独立実装の deg が Seeds.lean(CSV)の deg と一致するか
====================================================================================================
  照合 505 行 / 不一致 0 行
  ⇒ 一致。以降の deg は信頼してよい

====================================================================================================
[1] 素数列 k = 8..28
====================================================================================================
   k   b     deg        gs   実測 (deg*sqrt(2piV0)/2^b − 1)   予言 (−S4/(4S2^2))     差
   8   8           4    0          -0.228518               -0.056046    -0.172472
  10  10          14    0          -0.007639               -0.048243    +0.040603
  12  12          38    0          -0.069515               -0.041883    -0.027632
  14  14         126    0          -0.014134               -0.034648    +0.020514
  16  16         394    0          -0.024764               -0.031338    +0.006573
  18  18        1290    0          -0.025573               -0.027754    +0.002181
  20  20        4344    0          -0.024036               -0.024629    +0.000594
  22  22       14846    0          -0.023415               -0.022289    -0.001125
  24  24       51068    0          -0.021467               -0.020830    -0.000637
  26  26      178436    0          -0.019322               -0.019243    -0.000079
  28  28      634568    0          -0.017663               -0.017574    -0.000090

====================================================================================================
[2] ランダム奇数列 100シード(Seeds.lean と同じ列を再現)
====================================================================================================
   k    シード数    実測の平均      予言の平均      |差| の平均    |差| の最大
   8      100       -0.047413      -0.051885      0.270686     0.754954
  12      100       -0.050227      -0.035644      0.062566     0.206210
  16      100       -0.030345      -0.027075      0.017099     0.106528
  18      100       -0.024802      -0.024198      0.007878     0.084363
  20      100       -0.023187      -0.021789      0.003794     0.034301

  合格基準(fable-5): k >= 16 で差が 0.5% 以内

====================================================================================================
[3] 差の k 依存 —— 高次項 (S4/S2^2)^2 のスケールで説明できるか(素数列)
====================================================================================================
   k      差 D          (S4/S2^2)^2        D / (S4/S2^2)^2
   8     -0.172472       0.05025830         -3.4317
  10     +0.040603       0.03723788         +1.0904
  12     -0.027632       0.02806717         -0.9845
  14     +0.020514       0.01920730         +1.0680
  16     +0.006573       0.01571274         +0.4183
  18     +0.002181       0.01232447         +0.1770
  20     +0.000594       0.00970563         +0.0612
  22     -0.001125       0.00794907         -0.1416
  24     -0.000637       0.00694245         -0.0917
  26     -0.000079       0.00592453         -0.0134
  28     -0.000090       0.00494133         -0.0182
  比が一定なら、残差は次の次数 (S4/S2^2)^2 で説明できる。

====================================================================================================
[4] 『0.97 の謎』本体: lm / pred2 は 1 ± 0.01 に入るか
     pred  = Gamma * deg          (論文1 の P2 絶対公式のもとの形)
     pred2 = pred * (1 − S4/(4S2^2))  ではなく、補正は deg 側ではなく
             『Gaussian 予測から deg を出す』側に入るので、ここでは
     lm ≈ Gamma * 2^b/sqrt(2 pi V0) * (1 − S4/(4S2^2)) を見る。
====================================================================================================
   k     lm        Gamma      lm/(Gamma*deg)   lm/(Gamma*deg*(1−S4/(4S2^2)))
   8        22     5.22266        1.05310             1.11563
  10        66     5.30957        0.88788             0.93289
  12       214     5.33765        1.05507             1.10119
  14       628     5.34576        0.93235             0.96581
  16      2138     5.34828        1.01461             1.04743
  18      6706     5.34900        0.97185             0.99960
  20     22808     5.34921        0.98154             1.00632
  22     80008     5.34927        1.00746             1.03043
  24    270392     5.34928        0.98980             1.01086

  注意: 補正 (1−S4/(4S2^2)) は『deg を Gauss 近似から出すとき』の因子である。
        lm/(Gamma*deg) は deg を実測で使っているので、補正を掛けると逆に悪くなるはず。
        『0.97 の謎』が P2 の絶対公式(Gauss 予測で deg を置き換える形)にあるなら、
        [1] の比較で決着する。
