====================================================================================================
[最終形の確認] sin3u/sinu = 1 + 2cos 2u
   u=0.31:  sin3u/sinu = +2.6277569133   1+2cos2u = +2.6277569133
   u=0.87:  sin3u/sinu = +0.6632051041   1+2cos2u = +0.6632051041
   u=1.55:  sin3u/sinu = -0.9982703005   1+2cos2u = -0.9982703005
   u=2.40:  sin3u/sinu = +1.1749979669   1+2cos2u = +1.1749979669

====================================================================================================
F(Y) = (1/Y)∫_0^Y log|1+2cos v| dv  を高精度で。log 3 = 1.0986122887
====================================================================================================
   sup_{Y>0} F(Y)          = 1.0986122887   (log 3 = 1.0986122887)
   sup - log 3             = -1.667e-11   ← 0 以下なら主張成立
   argmax Y                = 0.000010   (Y→0 で log 3 に収束するはず)
   sup_{Y≥0.5} F(Y)        = 1.0704780269    (log 3 との差 -0.028134)
   sup_{Y≥1.0} F(Y)        = 0.9812837292    (log 3 との差 -0.117329)
   sup_{Y≥2.0} F(Y)        = 0.4703701363    (log 3 との差 -0.628242)
   sup_{Y≥5.0} F(Y)        = 0.1563178606    (log 3 との差 -0.942294)

   Y の代表点での値:
     Y=   0.01   F(Y)=+1.09860120   (log3 - F = +0.00001109)
     Y=   0.10   F(Y)=+1.09750062   (log3 - F = +0.00111167)
     Y=   0.50   F(Y)=+1.07047917   (log3 - F = +0.02813312)
     Y=   1.00   F(Y)=+0.98128622   (log3 - F = +0.11732607)
     Y=   2.00   F(Y)=+0.47038142   (log3 - F = +0.62823087)
     Y=   2.40   F(Y)=+0.06711868   (log3 - F = +1.03149361)
     Y=   3.00   F(Y)=+0.00031932   (log3 - F = +1.09829297)
     Y=   6.00   F(Y)=-0.05143182   (log3 - F = +1.15004411)
     Y=  12.00   F(Y)=-0.05014339   (log3 - F = +1.14875568)
     Y=  50.00   F(Y)=-0.00579143   (log3 - F = +1.10440372)
     Y= 200.00   F(Y)=-0.00512525   (log3 - F = +1.10373754)

   単調か: F の符号変化の回数(Y>0.01)… 126 回の増減の切替 ⟹ 単調ではなく振動しながら 0 へ

====================================================================================================
[一般形] (1/Y)∫_0^Y log|Φ_q(-e^{-iv})| dv ≤ log|Φ_q(-1)| は Φ_q(-1)=±1 のとき偽
  (Jensen: 円全体の平均 = log(Mahler測度) = 0。出発点も 0 なら必ずどこかで正)
  ⟹ MO では『Φ_q(-1)≠±1 のとき』を条件に付けるのが正しい。q=6 が最も厳しい。
