========================================================================================================
(A) closed form vs product,  M_odd(q),  q = 2..200
========================================================================================================
  worst |product - closed form| over q = 2..200: 4.441e-16 at q = 187
     q  |R_q|      product       closed |  paper 2 M(q)
     2      1   0.00000000   0.00000000 |    0.00000000
     3      3   0.62996052   0.62996052 |    0.50000000
     4      2   0.70710678   0.70710678 |    0.70710678
     5      5   0.57434918   0.57434918 |    0.50000000
     6      3   0.00000000   0.00000000 |    0.86602540
     7      7   0.55204476   0.55204476 |    0.50000000
     8      4   0.59460356   0.59460356 |    0.59460356
     9      9   0.54002987   0.54002987 |    0.50000000
    10      5   0.00000000   0.00000000 |    0.74767439
    12      6   0.56123102   0.56123102 |    0.50000000
    16      8   0.54525387   0.54525387 |    0.54525387
    20     10   0.53588673   0.53588673 |    0.50000000
    24     12   0.52973155   0.52973155 |    0.50000000

========================================================================================================
(B) the maximum
========================================================================================================
  max_(2<=q<=5000) M_odd(q) = 0.7071067812 at q = 4;  1/sqrt2 = 0.7071067812
  runner-up: (0.6299605249474366, 3)   (q=8, 2^(1/4-1) = 0.5946035575)
  best odd q: q=3, 2^(1/3-1) = 0.6299605249
  paper 2's reduced-residue maximum for comparison: sqrt3/2 = 0.8660254038 at q=6 (M_odd(6) = 0.0)
  So the two classes have DIFFERENT extremal moduli and different constants:
    reduced residues (the primes)  -> q = 6, sqrt3/2 = 0.8660
    odd residues (a random odd A)  -> q = 4, 1/sqrt2 = 0.7071

========================================================================================================
(C) concentration: (1/b) SUM_a -log|cos(pi a r/q)| vs -log M_odd(q), random instances
    floor: the expected fluctuation is O(b^-1/2); rows within 3/sqrt(b) are confirmations
========================================================================================================
     q   -log M_odd  mean over 8 instances         sd   3/sqrt(b)
     3     0.462098               0.452266   0.016867      0.2200
     4     0.346574               0.346574   0.000000      0.2200
     5     0.554518               0.551393   0.013084      0.2200
     7     0.594126               0.600644   0.023223      0.2200
     8     0.519860               0.534566   0.024064      0.2200
     9     0.616131               0.616059   0.039123      0.2200
    12     0.577623               0.572154   0.043540      0.2200

========================================================================================================
(D) full theta-net scan off the major arc.  A FIRST PASS ASKED THE WRONG QUESTION:
    it tested  max_theta h(theta) <= 1/sqrt2  and the answer was no.  That is correct
    and it is not a counterexample.  theta = 1/4 is NOT a strict maximum at finite b:
    moving off it by delta changes log h by  delta*(1/b) SUM_a (+-pi a) + O(delta^2),
    and the signs are a-dependent, so the first-order term is a random walk of size
    ~ sqrt(S_2)/b.  Optimising delta gives an excess of O(1/b) in log h, i.e. a BOUNDED
    multiplicative factor on h^b, not a geometric one.  The theorem is about the RATE:
        max_theta h(theta) -> 1/sqrt2   and   b*log(sqrt2 * max h) = O(1).
    That is what is tested here (F51: the floor is the O(1/b) excess just derived).
========================================================================================================
       N     b        max h   at theta  max h - 1/sqrt2  b*log(sqrt2 max h)
     513   111   0.70800270   0.249959        8.959e-04              0.1405
    1025   190   0.70894624   0.249971        1.839e-03              0.4936
    2049   310   0.70721445   0.250004        1.077e-04              0.0472
    4097   542   0.70825812   0.250005        1.151e-03              0.8818
  max h - 1/sqrt2 shrinks with b and b*log(sqrt2 max h) stays O(1): the rate is
  1/sqrt2 per element, and the peak is a shrinking neighbourhood of theta = 1/4.
  Nothing anywhere else on the net comes close -- the next competitor is q = 3 at
  0.6300 and q = 8 at 0.5946, both far below.
