A: 先頭 k 個の奇素数(3,5,7,...)の部分和地形
   k :  lm      deg     gs
   1 :        1       1    1
   2 :        2       2    1
   3 :        2       1    0
   4 :        2       2    1
   5 :        6       1    0
   6 :       10       2    0
   7 :       14       3    0
   8 :       22       4    0
   9 :       44       8    0
  10 :       66      14    0
  11 :      113      22    0
  12 :      214      38    0
  13 :      353      70    0
  14 :      628     126    0
  15 :     1190     218    0
  16 :     2138     394    0
  17 :     3831     708    0
  18 :     6706    1290    0
  19 :    12339    2354    0
  20 :    22808    4344    0
  21 :    43144    8015    0
  22 :    80008   14846    0

OEIS 照会用(カンマ区切り):
  lm  = 1, 2, 2, 2, 6, 10, 14, 22, 44, 66, 113, 214, 353, 628, 1190, 2138, 3831, 6706, 12339, 22808, 43144, 80008
  deg = 1, 2, 1, 2, 1, 2, 3, 4, 8, 14, 22, 38, 70, 126, 218, 394, 708, 1290, 2354, 4344, 8015, 14846

B: Gamma(A_k) = sum a_j/2^j の分子(分母 2^k)—— 有理数として厳密
  k= 1  Gamma = 3/2  = 1.500000
  k= 2  Gamma = 11/4  = 2.750000
  k= 3  Gamma = 29/8  = 3.625000
  k= 4  Gamma = 69/16  = 4.312500
  k= 5  Gamma = 151/32  = 4.718750
  k= 6  Gamma = 319/64  = 4.984375
  k= 7  Gamma = 657/128  = 5.132812
  k= 8  Gamma = 1337/256  = 5.222656
  k= 9  Gamma = 2703/512  = 5.279297
  k=10  Gamma = 5437/1024  = 5.309570
  k=11  Gamma = 10911/2048  = 5.327637
  k=12  Gamma = 21863/4096  = 5.337646
  k=13  Gamma = 43769/8192  = 5.342896
  k=14  Gamma = 87585/16384  = 5.345764
  k=15  Gamma = 175223/32768  = 5.347382
  k=16  Gamma = 350505/65536  = 5.348282
  k=17  Gamma = 701071/131072  = 5.348747
  k=18  Gamma = 1402209/262144  = 5.349003
  k=19  Gamma = 2804489/524288  = 5.349138
  k=20  Gamma = 5609051/1048576  = 5.349208
  k=21  Gamma = 11218181/2097152  = 5.349246
  k=22  Gamma = 22436445/4194304  = 5.349265

  Gamma の分子(分母を 2^k に揃えたときの分子):
   3, 11, 29, 69, 151, 319, 657, 1337, 2703, 5437, 10911, 21863, 43769, 87585, 175223, 350505, 701071, 1402209, 2804489, 5609051, 11218181, 22436445
