OEIS prior-art query -- the answer to oeisseq_r30, recorded at r119
===================================================================

`oeisseq_r30.py` generates the sequences and says in its header that querying them is the
prior-art check.  For eighty-eight rounds there was no record that anyone had run the query,
and the script's own log printed the sequences and no result.  That gap is failure-ledger
entry F20: an artefact that PREPARES a check is not the check, and it is worse than nothing,
because it looks like diligence and closes the question in the reader's mind.  This file is
the place the human's answer goes.  It exists so the script's claim has somewhere to land.

  queried    : 2026-08-11, at oeis.org, by hand in a browser
  database   : "Last modified August 11 05:56 EDT 2026.  Contains 398208 sequences."
  queries    : the four prepared in the round before, all four run
  source     : the four sequences are printed by oeisseq_r30.log


positive control, run FIRST
---------------------------
  query   1,4,1,4,2,1,3,5,6,2,3,7,3,0,9,5,0,4,8,8      (the digits of sqrt 2)
  result  A002193, "Decimal expansion of square root of 2", returned FIRST of 4 hits.

The control comes first because a search route that finds nothing is indistinguishable from
a search route that is broken (F55: the control must be on the property you actually mean).
This one establishes that the route finds a sequence that is certainly there.


the four queries -- all four: no match
--------------------------------------

(1) numerators of 2^k Gamma(P_k)
    3, 11, 29, 69, 151, 319, 657, 1337, 2703, 5437, 10911, 21863, 43769, 87585
    -> "Sorry, but the terms do not match anything in the table."
       Advanced matches returned only transformation noise -- the first differences being
       a multiple of a row sum of A053210 -- and not a registration of the sequence.

(2) digits of the constant Gamma(P)
    5, 3, 4, 9, 2, 8, 7, 9, 3, 2, 0, 2, 2, 6, 5, 7
    -> "Sorry, but the terms do not match anything in the table."
       Advanced matches at the level of the digit set only.

(3) number of strict local minima, first k odd primes, target floor(T/2)
    1, 2, 2, 2, 6, 10, 14, 22, 44, 66, 113, 214, 353, 628, 1190, 2138, 3831, 6706,
    12339, 22808
    -> "Sorry, but the terms do not match anything in the table.  There were no advanced
        matches found."

(4) number of ground states, same instances
    1, 2, 1, 2, 1, 2, 3, 4, 8, 14, 22, 38, 70, 126, 218, 394, 708, 1290, 2354, 4344
    -> "Sorry, but the terms do not match anything in the table.  There were no advanced
        matches found."


reading
-------
The prediction made when the queries were written -- that (4) was the likeliest to be
already catalogued, being the least exotic object -- was wrong.  (4) is not there either:
the number of near-equal splittings of the first k odd primes is not in OEIS.

What this establishes and what it does not.  It is absence of evidence over the searches
made, at a database of a stated size on a stated date, and OEIS grows.  It is not a proof
of novelty and the paper does not say it is; the status label on the sentence in Part I
says "literature pass, not a proof of novelty".  What it removes is the weaker and now
false sentence that stood there before -- that the sequences had not been looked up in a
way we could point at.  They have, and this is the pointer.
