====================================================================================================
[監査1] Gamma の式が論文の定義と一致するか(A = 3,5,7,11,13 で検算)
====================================================================================================
  論文の定義  sum a_j/2^j          = 4.718750
  論文の部分和公式 (j=0 から)       = 4.718750   ← 一致すべき
  外部文書の式    (j=1 から)       = 1.718750   ← 一致しない

  ⇒ 外部文書は和の下端を j=1 と書いているが、論文は j=0。
     j=0 の項は (a_1 - 0)/2^0 = a_1 で、最大の項。これを落としている。

====================================================================================================
[監査2] 係数: sum_{j=0}^{k-1} 2^-j -> 2 なので E[Gamma] ~ 2 * E[gap]
        外部文書は sum_{j=1} 2^-j -> 1 として E[Gamma] ~ log k と結論している
====================================================================================================
     k    p_k     E[Gamma(R_k)] 実測   ln k    2 ln k   実測/ln k   実測/(2 ln k)
    20      73         8.1078        2.996   5.991      2.706        1.353
    50     233        10.2208        3.912   7.824      2.613        1.306
   100     547        12.0697        4.605   9.210      2.621        1.310
   200    1229        13.3404        5.298  10.597      2.518        1.259
   400    2749        14.5869        5.991  11.983      2.435        1.217
   800    6143        16.9177        6.685  13.369      2.531        1.265

  ⇒ 実測/(2 ln k) が 1 に近ければ 2 ln k が正しい。実測/ln k が 1 に近ければ外部文書が正しい。

====================================================================================================
[監査3] 外部文書が触れていない点: lm_P/lm_R は Gamma の比だけでは決まらない
        lm ~ Gamma * 2^k / sqrt(2 pi V0) なので、V0 = S2/4 の比も効く。
        S2(P_k) と E[S2(R_k)] の比が 1 に向かうかを確認する。
====================================================================================================
     k    S2(P_k)        E[S2(R_k)]      比 S2(P)/E[S2(R)]   sqrt(比)
    20           35332           37872          0.9329          0.9659
    50          817570          919015          0.8896          0.9432
   100         8683932        10045769          0.8644          0.9298
   200        90289336       100860761          0.8952          0.9461
   400       921060456      1013364167          0.9089          0.9534

  ⇒ 比が 1 に向かうなら、deg の比は無視でき、Gamma の比較だけでよい(論文の主張どおり)。
     1 に向かわないなら、Problem 10.7 は Gamma だけの問題ではない。
