========================================================================================================
P3 verification, k = 180.  W(k) = window half-width used for the LCLT test
========================================================================================================

--- odds, k=180, x=0.10:  N=359, T=32400, n=12960, s=1.697557e-03, |lambda|=1.680241e-03,  D(k)=30
     d  N_d  (A) mu_d err  (B) off+ err  (B) off- err  (C) max rel   eps_lclt  (E) parity  (F) term/Phi  exp(-de^2/2V_d)   (F)/that
     1    1      7.58e-15      6.53e-11      6.53e-11     2.66e-03   6.42e-02    3.43e-06   0.999999462      0.999999388   1.000000
     3    3      5.56e-12      9.61e-09      9.61e-09     2.73e-03   6.43e-02    6.47e-06   0.999987229      0.999984713   1.000003
    30   30      6.32e-07      1.65e-05      1.65e-05     9.94e-03   8.14e-02    3.35e-04   0.944496417      0.939013901   1.005839

--- odds, k=180, x=0.30:  N=359, T=32400, n=6480, s=6.103683e-03, |lambda|=6.025109e-03,  D(k)=30
     d  N_d  (A) mu_d err  (B) off+ err  (B) off- err  (C) max rel   eps_lclt  (E) parity  (F) term/Phi  exp(-de^2/2V_d)   (F)/that
     1    1      7.31e-13      3.16e-09      3.16e-09     3.92e-03   1.79e-01    5.31e-05   0.999999076      0.999998940   1.000000
     3    3      5.17e-10      4.47e-07      4.47e-07     4.23e-03   1.79e-01    1.00e-04   0.999978066      0.999973510   1.000005
    30   30      5.99e-05      7.59e-04      7.59e-04     3.67e-02   2.57e-01    3.70e-03   0.924431331      0.896362292   1.031314

--- primes, k=180, x=0.10:  N=1087, T=89670, n=35868, s=5.759831e-04, |lambda|=5.695188e-04,  D(k)=65
     d  N_d  (A) mu_d err  (B) off+ err  (B) off- err  (C) max rel   eps_lclt  (E) parity  (F) term/Phi  exp(-de^2/2V_d)   (F)/that
     1    0      0.00e+00      0.00e+00      0.00e+00     2.86e-03   6.87e-02    3.88e-07   0.999999967      0.999999967   1.000000
     3    2      7.83e-14      4.01e-10      4.01e-10     2.88e-03   6.88e-02    6.46e-07   0.999998665      0.999998365   1.000000
    65   30      1.45e-07      5.48e-06      5.48e-06     8.38e-03   8.10e-02    7.65e-05   0.973888032      0.971855739   1.002091

--- primes, k=180, x=0.30:  N=1087, T=89670, n=17934, s=2.085084e-03, |lambda|=2.055632e-03,  D(k)=65
     d  N_d  (A) mu_d err  (B) off+ err  (B) off- err  (C) max rel   eps_lclt  (E) parity  (F) term/Phi  exp(-de^2/2V_d)   (F)/that
     1    0      0.00e+00      0.00e+00      0.00e+00     3.97e-03   1.91e-01    6.17e-06   0.999999942      0.999999941   1.000000
     3    2      7.44e-12      1.90e-08      1.90e-08     4.06e-03   1.91e-01    1.03e-05   0.999997659      0.999997112   1.000001
    65   30      1.40e-05      2.59e-04      2.59e-04     2.90e-02   2.47e-01    1.01e-03   0.960943860      0.950733593   1.010739
