================================================================================================================
[自主監査] |G| の局所最大を全部拾い、正体(近い有理数)と高さを見る
================================================================================================================

--- k=40  b=39  S2=3.802e+05  σ=3.244e-03  包絡半径 r_env=9.232e-03  Dirichlet 半径の目安 2π/(6·N)=5.850e-03
    参考: (√3/2)^b=-5.610(log)  M(18)^b=-19.892  (1/2)^b=-27.033  [すべて log|G| 換算]
     #   θ         θ/2π≈j/q     |q  |  log|G|    (1/b)log|G|  log M(q)   判定
     1  1.047904    1/6        | dist=7.06e-04 |    -5.578  -0.14303   -0.14384   峰=有理点
     2  1.571729    1/4        | dist=9.33e-04 |   -13.434  -0.34446   -0.34657   峰=有理点
     3  1.887774    3/10       | dist=2.82e-03 |   -15.318  -0.39277   -0.29079   峰=有理点
     4  0.630834    1/10       | dist=2.52e-03 |   -17.404  -0.44626   -0.29079   峰=有理点
     5  2.246618    5/14       | dist=2.62e-03 |   -17.848  -0.45765   -0.36883   峰=有理点
     6  2.357035    3/8        | dist=8.40e-04 |   -17.960  -0.46052   -0.51986   峰=有理点
     7  2.443226    7/18       | dist=2.35e-04 |   -18.824  -0.48267   -0.51005   峰=有理点
     8  1.343974    3/14       | dist=2.42e-03 |   -18.900  -0.48463   -0.36883   峰=有理点
     9  2.880306   11/24       | dist=5.13e-04 |   -20.212  -0.51825   -0.69315   峰=有理点
    10  0.349315    1/18       | dist=2.49e-04 |   -20.307  -0.52070   -0.51005   峰=有理点
    11  1.744688    5/18       | dist=6.41e-04 |   -20.438  -0.52405   -0.51005   峰=有理点
    12  2.572568    9/22       | dist=2.17e-03 |   -20.498  -0.52559   -0.45336   峰=有理点

--- k=60  b=59  S2=1.513e+06  σ=1.626e-03  包絡半径 r_env=5.668e-03  Dirichlet 半径の目安 2π/(6·N)=3.700e-03
    参考: (√3/2)^b=-8.487(log)  M(18)^b=-30.093  (1/2)^b=-40.896  [すべて log|G| 換算]
     #   θ         θ/2π≈j/q     |q  |  log|G|    (1/b)log|G|  log M(q)   判定
     1  1.047432    1/6        | dist=2.34e-04 |    -8.473  -0.14361   -0.14384   峰=有理点
     2  1.571030    1/4        | dist=2.34e-04 |   -20.427  -0.34622   -0.34657   峰=有理点
     3  1.883620    3/10       | dist=1.34e-03 |   -22.390  -0.37949   -0.29079   峰=有理点
     4  0.627075    1/10       | dist=1.24e-03 |   -23.521  -0.39866   -0.29079   峰=有理点
     5  2.244994    5/14       | dist=1.00e-03 |   -26.373  -0.44699   -0.36883   峰=有理点
     6  0.447454    1/14       | dist=1.34e-03 |   -26.991  -0.45748   -0.36883   峰=有理点
     7  1.347385    3/14       | dist=9.88e-04 |   -28.539  -0.48371   -0.36883   峰=有理点
     8  2.356534    3/8        | dist=3.39e-04 |   -29.261  -0.49595   -0.51986   峰=有理点
     9  2.443565    7/18       | dist=1.04e-04 |   -29.522  -0.50037   -0.51005   峰=有理点
    10  2.659400   11/26       | dist=1.13e-03 |   -29.723  -0.50378   -0.47940   峰=有理点
    11  0.026301    0/1        | dist=2.63e-02 |   -29.792  -0.50495   +0.00000   deep
    12  2.571701    9/22       | dist=1.31e-03 |   -29.960  -0.50780   -0.45336   峰=有理点

--- k=100  b=99  S2=8.684e+06  σ=6.787e-04  包絡半径 r_env=3.054e-03  Dirichlet 半径の目安 2π/(6·N)=1.914e-03
    参考: (√3/2)^b=-14.240(log)  M(18)^b=-50.494  (1/2)^b=-68.622  [すべて log|G| 換算]
     #   θ         θ/2π≈j/q     |q  |  log|G|    (1/b)log|G|  log M(q)   判定
     1  1.047234    1/6        | dist=3.61e-05 |   -14.238  -0.14382   -0.14384   峰=有理点
     2  1.570981    1/4        | dist=1.85e-04 |   -34.236  -0.34582   -0.34657   峰=有理点
     3  1.885456    3/10       | dist=5.00e-04 |   -35.132  -0.35487   -0.29079   峰=有理点
     4  0.627831    1/10       | dist=4.88e-04 |   -36.170  -0.36536   -0.29079   峰=有理点
     5  1.346925    3/14       | dist=5.28e-04 |   -41.196  -0.41612   -0.36883   峰=有理点
     6  2.243527    5/14       | dist=4.68e-04 |   -42.869  -0.43302   -0.36883   峰=有理点
     7  0.448391    1/14       | dist=4.08e-04 |   -44.680  -0.45131   -0.36883   峰=有理点
     8  2.356318    3/8        | dist=1.24e-04 |   -49.198  -0.49695   -0.51986   峰=有理点
     9  2.443489    7/18       | dist=2.80e-05 |   -49.860  -0.50364   -0.51005   峰=有理点
    10  1.745192    5/18       | dist=1.37e-04 |   -49.990  -0.50495   -0.51005   峰=有理点
    11  2.570035    9/22       | dist=3.58e-04 |   -50.115  -0.50622   -0.45336   峰=有理点
    12  0.286052    1/22       | dist=4.53e-04 |   -50.215  -0.50722   -0.45336   峰=有理点

================================================================================================================
[決定的な量] q ≤ 60 のすべての有理点の包絡(半径 r_env)を除いた領域での max|G|
  ここが (√3/2)^b を超えなければ、半径側の隙間は結論を壊さない
================================================================================================================
   k    b   除外後の max (1/b)log|G|   (√3/2) の log = -0.14384   余裕      判定
   40   39        -0.11209                              -0.03175   ★超過
   60   59        -0.11097                              -0.03287   ★超過
  100   99        -0.11025                              -0.03360   ★超過
