========================================================================================================
[検算] Φ_q(x) = (1/x)∫_0^x h_q(v)dv - h_q(0),  h_q(v)=(1/φ(q))log|Φ_q(-e^{-iv})|
========================================================================================================

--- q=4  φ=2
    h_q(0)=+0.346574   (1/φ)log|Φ_q(-1)|=+0.346574   級数の R_q(0)=+0.346572   [3つ一致すべき]
      x        Φ_q(x)(級数)     Φ_q(x)(閉形式)     差
      0.50    -0.021379       -0.021381      +1.67e-06
      1.50    -0.276836       -0.276837      +1.67e-06
      3.00    -0.362850       -0.362851      +8.41e-07
      8.00    -0.366942       -0.366942      +3.13e-07
     20.00    -0.334136       -0.334138      +2.19e-06
     60.00    -0.344824       -0.344828      +3.25e-06

--- q=6  φ=2
    h_q(0)=+0.549306   (1/φ)log|Φ_q(-1)|=+0.549306   級数の R_q(0)=+0.549304   [3つ一致すべき]
      x        Φ_q(x)(級数)     Φ_q(x)(閉形式)     差
      0.50    -0.014065       -0.014067      +1.67e-06
      1.50    -0.143805       -0.143807      +1.67e-06
      3.00    -0.549146       -0.549146      +2.63e-07
      8.00    -0.474456       -0.474458      +1.56e-06
     20.00    -0.522263       -0.522265      +1.69e-06
     60.00    -0.549389       -0.549389      +2.28e-07

--- q=10  φ=4
    h_q(0)=+0.402359   (1/φ)log|Φ_q(-1)|=+0.402359   級数の R_q(0)=+0.402358   [3つ一致すべき]
      x        Φ_q(x)(級数)     Φ_q(x)(閉形式)     差
      0.50    -0.021562       -0.021563      +1.67e-06
      1.50    -0.279263       -0.279264      +8.74e-07
      3.00    -0.402118       -0.402119      +6.94e-07
      8.00    -0.378959       -0.378960      +1.06e-06
     20.00    -0.387554       -0.387554      -5.10e-08
     60.00    -0.402490       -0.402490      -1.72e-07

--- q=12  φ=4
    h_q(0)=-0.000000   (1/φ)log|Φ_q(-1)|=-0.000000   級数の R_q(0)=-0.000002   [3つ一致すべき]
      x        Φ_q(x)(級数)     Φ_q(x)(閉形式)     差
      0.50    -0.127727       -0.127728      +1.67e-06
      1.50    -0.012935       -0.012937      +1.64e-06
      3.00    +0.000324       +0.000322      +1.80e-06
      8.00    +0.004971       +0.004969      +2.06e-06
     20.00    -0.005342       -0.005345      +2.20e-06
     60.00    -0.000183       -0.000183      +6.29e-07

  ※ 一致すれば、Problem 10.3 は次の主張に等価:
     『(1/x)∫_0^x log|Φ_q(-e^{-iv})| dv ≤ log|Φ_q(-1)|  (∀x>0)』
     Jensen より円全体の平均は 0(Mahler 測度 1)なので、走査平均は
     log|Φ_q(-1)| から 0 へ単調に落ちる、という形の主張になる。
