====================================================================================================
[自主監査] Φ_q を『上界』として使うには Φ_q(x) ≤ -c < 0 が要る。明示評価はどの x から効くか
====================================================================================================

--- q=6  φ=2  log(2M(q))=+0.54931  K_q=max|c_q|/φ=1.000  C_q=2K·ζ(2)=3.290
      x      Φ_q(x)(級数)   明示上界 -log(2M)+C/x   明示上界で Φ≤-log(2M)/2 と言えるか
       1.5    -0.14381          +1.64394            no
       2.0    -0.31412          +1.09563            no
       3.0    -0.54915          +0.54732            no
       6.0    -0.57502          -0.00099            no
      12.0    -0.57438          -0.27515            YES
      24.0    -0.57162          -0.41223            YES
      48.0    -0.55236          -0.48077            YES
    ⇒ 明示評価が Φ≤-log(2M)/2 を保証するのは x ≥ 12.0(Φ<0 なら x ≥ 6.0)

--- q=10  φ=4  log(2M(q))=+0.40236  K_q=max|c_q|/φ=1.000  C_q=2K·ζ(2)=3.290
      x      Φ_q(x)(級数)   明示上界 -log(2M)+C/x   明示上界で Φ≤-log(2M)/2 と言えるか
       1.5    -0.27926          +1.79089            no
       2.0    -0.30170          +1.24257            no
       3.0    -0.40212          +0.69426            no
       6.0    -0.42103          +0.14595            no
      12.0    -0.42003          -0.12820            no
      24.0    -0.41482          -0.26528            YES
      48.0    -0.40642          -0.33382            YES
    ⇒ 明示評価が Φ≤-log(2M)/2 を保証するのは x ≥ 16.4(Φ<0 なら x ≥ 8.2)

--- q=4  φ=2  log(2M(q))=+0.34657  K_q=max|c_q|/φ=1.000  C_q=2K·ζ(2)=3.290
      x      Φ_q(x)(級数)   明示上界 -log(2M)+C/x   明示上界で Φ≤-log(2M)/2 と言えるか
       1.5    -0.27684          +1.84667            no
       2.0    -0.47136          +1.29836            no
       3.0    -0.36285          +0.75005            no
       6.0    -0.36261          +0.20174            no
      12.0    -0.36163          -0.07242            no
      24.0    -0.35700          -0.20950            YES
      48.0    -0.34152          -0.27803            YES
    ⇒ 明示評価が Φ≤-log(2M)/2 を保証するのは x ≥ 19.0(Φ<0 なら x ≥ 9.5)

  L5b 包絡の到達点は x = N·r_env ≈ 1.5。
  ⇒ **q=6 では [1.5, 12] が、包絡でも明示尾評価でも押さえられていない**(コンパクトな区間)。
