========================================================================================================
[作業1] Lemma 8.0' のプロファイル照合 — q=6、自由パラメータなし
  縦軸: 峰からの落ち込み (1/b)log|G(2π/6+t)| - (1/b)log|G(2π/6)|
  比較: 予言 P(t)-P(0)   (P は Ramanujan和 c_6(n)/φ(6) × 厳密な窓 W(nt) の級数)
========================================================================================================

--- k=40 b=39 N=179  nmax=4000
      x=Nt    実測落ち込み   予言        差(実測-予言)
       0.25   +0.00003    -0.00318    +0.00321
       1.00   -0.03936    -0.05355    +0.01419
       1.75   -0.15769    -0.19308    +0.03539
       2.50   -0.47206    -0.48573    +0.01367
       3.25   -0.44833    -0.47481    +0.02648
       4.00   -0.55491    -0.53149    -0.02342
       4.75   -0.67932    -0.66447    -0.01485
       5.50   -0.64566    -0.59686    -0.04880
       7.00   -0.51640    -0.53981    +0.02341
      16.00   -0.58496    -0.52193    -0.06303
      25.00   -0.53149    -0.55248    +0.02099
      34.00   -0.49016    -0.49828    +0.00812
    → 最大絶対誤差 0.10679 / RMS 0.03540 / 予言が上界を破った点 21/36

--- k=60 b=59 N=283  nmax=4000
      x=Nt    実測落ち込み   予言        差(実測-予言)
       0.25   -0.00157    -0.00335    +0.00178
       1.00   -0.04881    -0.05649    +0.00767
       1.75   -0.18899    -0.20563    +0.01664
       2.50   -0.43888    -0.48806    +0.04918
       3.25   -0.49545    -0.50298    +0.00753
       4.00   -0.55456    -0.55510    +0.00054
       4.75   -0.64926    -0.59274    -0.05653
       5.50   -0.53631    -0.56435    +0.02804
       7.00   -0.45538    -0.46148    +0.00610
      16.00   -0.52333    -0.56045    +0.03712
      25.00   -0.54365    -0.50645    -0.03720
      34.00   -0.53465    -0.55616    +0.02152
    → 最大絶対誤差 0.08189 / RMS 0.03699 / 予言が上界を破った点 26/36

--- k=100 b=99 N=547  nmax=4000
      x=Nt    実測落ち込み   予言        差(実測-予言)
       0.25   -0.00258    -0.00306    +0.00048
       1.00   -0.04963    -0.05149    +0.00186
       1.75   -0.18179    -0.18370    +0.00191
       2.50   -0.46449    -0.48263    +0.01814
       3.25   -0.48384    -0.50499    +0.02116
       4.00   -0.49956    -0.52377    +0.02422
       4.75   -0.63838    -0.63348    -0.00490
       5.50   -0.57895    -0.57188    -0.00707
       7.00   -0.46429    -0.46847    +0.00418
      16.00   -0.50239    -0.53037    +0.02798
      25.00   -0.54504    -0.56173    +0.01669
      34.00   -0.61153    -0.56208    -0.04945
    → 最大絶対誤差 0.05381 / RMS 0.02016 / 予言が上界を破った点 24/36

--- k=140 b=139 N=811  nmax=4000
      x=Nt    実測落ち込み   予言        差(実測-予言)
       0.25   -0.00308    -0.00310    +0.00002
       1.00   -0.05233    -0.05221    -0.00012
       1.75   -0.18862    -0.18683    -0.00179
       2.50   -0.46056    -0.47054    +0.00997
       3.25   -0.48150    -0.49594    +0.01443
       4.00   -0.51909    -0.53632    +0.01723
       4.75   -0.58493    -0.61273    +0.02780
       5.50   -0.58673    -0.59912    +0.01239
       7.00   -0.47749    -0.47817    +0.00068
      16.00   -0.52071    -0.52761    +0.00690
      25.00   -0.46561    -0.52421    +0.05860
      34.00   -0.53469    -0.53373    -0.00095
    → 最大絶対誤差 0.05860 / RMS 0.01863 / 予言が上界を破った点 19/36
