==================================================================================================
prove_r225 -- door (a): the s>1 branch as a PROOF.  a_j = D_j rho^j has one interior
minimum at j* = (s+1)/2t^2; Dirichlet on each monotone side bounds the tail, which
brute force cannot do (sum |a_j| diverges for 1<s<2 at this scale).  See the header.
==================================================================================================

--- K0  INSTRUMENT.  Runs first; failure aborts. ---
  K0a/K0b  the split is a partition, and a_j is unimodal with minimum at j*
      s       k       |sum-H*|          J         j*    argmin-j*
    1.5    1024       0.00e+00          9      369.3          1.7
    1.5   32768       0.00e+00         40     7879.0          2.0
    2.0    1024       0.00e+00          8      295.5          2.5
    2.0   32768       0.00e+00         33     6303.2          2.8
    2.5    1024       0.00e+00          7      258.5          3.5
    2.5   32768       0.00e+00         29     5515.3          2.7
    3.5    1024       0.00e+00          5      221.6          4.4
    3.5   32768       0.00e+00         23     4727.4          3.6
       cases: 8
  K0c  constant weights: H*/t = 2(w_0-w) exactly
       k=  512 t=0.01    H*/t=-1.000000000000000 target -1.0  err 0.00e+00
       k= 4096 t=0.003   H*/t=-1.000000000000000 target -1.0  err 2.22e-16
  -> PASS

--- the measurement, at t = t_1 (the object the theorem is about) ---
      s       k            t_1        H*/t   2 zeta(s)        B1/t        B2/t      |err|
    1.5    1024   0.0697582911     3.61727     5.22475     1.60022   3.550e-01    1.60748
    1.5    2048   0.0502339622     3.79122     5.22475     1.76200   1.832e-01    1.43353
    1.5    4096   0.0366175392     3.96809     5.22475     1.45606   1.192e-01    1.25666
    1.5    8192   0.0267398451     4.13163     5.22475     1.28633   8.312e-02    1.09312
    1.5   16384   0.0195028277     4.27862     5.22475     1.11388   5.883e-02    0.94614
    1.5   32768   0.0141620444     4.40869     5.22475     0.94325   3.912e-02    0.81606

    2.0    1024   0.0794766675     2.94787     3.28987     0.83413   2.081e-01    0.34200
    2.0    2048   0.0594840954     3.05180     3.28987     0.70994   2.339e-01    0.23807
    2.0    4096   0.0428178653     3.08160     3.28987     0.58704   1.001e-01    0.20827
    2.0    8192   0.0313640417     3.13157     3.28987     0.46859   7.156e-02    0.15830
    2.0   16384   0.0229595455     3.17158     3.28987     0.34150   5.378e-02    0.11828
    2.0   32768   0.0166596990     3.19822     3.28987     0.23476   3.217e-02    0.09165

    2.5    1024   0.0917620123     2.65825     2.68297     0.48166   4.004e-01    0.02473
    2.5    2048   0.0659122966     2.61123     2.68297     0.34973   1.357e-01    0.07175
    2.5    4096   0.0489430903     2.65593     2.68297     0.21508   1.438e-01    0.02705
    2.5    8192   0.0355906800     2.65713     2.68297     0.14047   7.756e-02    0.02585
    2.5   16384   0.0260319833     2.66678     2.68297     0.09742   5.600e-02    0.01619
    2.5   32768   0.0188715143     2.66665     2.68297     0.06571   2.967e-02    0.01633

    3.5    1024   0.1080021649     2.26622     2.25347     0.16496   2.346e-01    0.01275
    3.5    2048   0.0798403364     2.28512     2.25347     0.07115   2.168e-01    0.03166
    3.5    4096   0.0582881522     2.26396     2.25347     0.04433   1.158e-01    0.01050
    3.5    8192   0.0425639958     2.25281     2.25347     0.02359   6.623e-02    0.00066
    3.5   16384   0.0312281793     2.25957     2.25347     0.00950   5.521e-02    0.00610
    3.5   32768   0.0227995999     2.25830     2.25347     0.00568   3.885e-02    0.00484

    0.5    1024   0.0328917223     7.33336    -2.92071     7.15363   2.574e-01   10.25407
    0.5    2048   0.0241521660     8.89039    -2.92071     8.82174   2.012e-01   11.81110
    0.5    4096   0.0181700195    10.59657    -2.92071    10.14646   1.724e-01   13.51728
    0.5    8192   0.0133039194    12.76125    -2.92071    11.99004   1.383e-01   15.68196
    0.5   16384   0.0097200760    15.32664    -2.92071    14.05220   1.115e-01   18.24735
    0.5   32768   0.0070659040    18.39378    -2.92071    16.68399   8.899e-02   21.31449

  population: 30 points

--- K1  THE ABEL BOUNDS HOLD (tests the SETUP, not the law -- F97) ---
  24 points, worst |piece|/bound = 0.2218 (must be <= 1) -> PASS

--- K2  THE RATE THE PROOF CLAIMS FOR ITSELF: (B1+B2)/t ~ t^{s-1} ---
  s=1.5  
       k=  1024  (B1+B2)/t =    1.95525   / t^{s-1} =     7.4029
       k=  2048  (B1+B2)/t =    1.94519   / t^{s-1} =     8.6789
       k=  4096  (B1+B2)/t =    1.57527   / t^{s-1} =     8.2321
       k=  8192  (B1+B2)/t =    1.36944   / t^{s-1} =     8.3746
       k= 16384  (B1+B2)/t =    1.17271   / t^{s-1} =     8.3973
       k= 32768  (B1+B2)/t =    0.98236   / t^{s-1} =     8.2548
       non-increasing: True ; rate ratio max/min = 1.020 (<1.6: True)
  s=2.0  
       k=  1024  (B1+B2)/t =    1.04225   / t^{s-1} =    13.1139
       k=  2048  (B1+B2)/t =    0.94381   / t^{s-1} =    15.8667
       k=  4096  (B1+B2)/t =    0.68712   / t^{s-1} =    16.0476
       k=  8192  (B1+B2)/t =    0.54015   / t^{s-1} =    17.2221
       k= 16384  (B1+B2)/t =    0.39528   / t^{s-1} =    17.2164
       k= 32768  (B1+B2)/t =    0.26693   / t^{s-1} =    16.0227
       non-increasing: True ; rate ratio max/min = 1.075 (<1.6: True)
  s=2.5  
       k=  1024  (B1+B2)/t =    0.88204   / t^{s-1} =    31.7317
       k=  2048  (B1+B2)/t =    0.48544   / t^{s-1} =    28.6870
       k=  4096  (B1+B2)/t =    0.35887   / t^{s-1} =    33.1438
       k=  8192  (B1+B2)/t =    0.21803   / t^{s-1} =    32.4723
       k= 16384  (B1+B2)/t =    0.15342   / t^{s-1} =    36.5272
       k= 32768  (B1+B2)/t =    0.09537   / t^{s-1} =    36.7895
       non-increasing: True ; rate ratio max/min = 1.133 (<1.6: True)
  s=3.5  
       k=  1024  (B1+B2)/t =    0.39960   / t^{s-1} =   104.2425
       k=  2048  (B1+B2)/t =    0.28792   / t^{s-1} =   159.8539
       k=  4096  (B1+B2)/t =    0.16018   / t^{s-1} =   195.2751
       k=  8192  (B1+B2)/t =    0.08982   / t^{s-1} =   240.3178
       k= 16384  (B1+B2)/t =    0.06471   / t^{s-1} =   375.4797
       k= 32768  (B1+B2)/t =    0.04453   / t^{s-1} =   567.3733
       non-increasing: True ; rate ratio max/min = 2.906 (<1.6: False)
  cases: 4 -> FAIL

--- K3  THE BOUND MUST COVER THE OBSERVED ERROR (a violation kills the argument) ---
      s       k    |H*/t-2z|    (B1+B2)/t      ratio
    1.5    1024     1.607479     1.955249     0.8221
    1.5    2048     1.433531     1.945193     0.7370
    1.5    4096     1.256656     1.575270     0.7977
    1.5    8192     1.093118     1.369445     0.7982
    1.5   16384     0.946135     1.172709     0.8068
    1.5   32768     0.816062     0.982363     0.8307

    2.0    1024     0.342000     1.042249     0.3281
    2.0    2048     0.238071     0.943814     0.2522
    2.0    4096     0.208269     0.687124     0.3031
    2.0    8192     0.158296     0.540154     0.2931
    2.0   16384     0.118284     0.395280     0.2992
    2.0   32768     0.091651     0.266933     0.3433

    2.5    1024     0.024728     0.882038     0.0280
    2.5    2048     0.071747     0.485439     0.1478
    2.5    4096     0.027048     0.358872     0.0754
    2.5    8192     0.025846     0.218030     0.1185
    2.5   16384     0.016194     0.153418     0.1056
    2.5   32768     0.016325     0.095375     0.1712

    3.5    1024     0.012752     0.399601     0.0319
    3.5    2048     0.031656     0.287925     0.1099
    3.5    4096     0.010495     0.160176     0.0655
    3.5    8192     0.000657     0.089824     0.0073
    3.5   16384     0.006098     0.064707     0.0942
    3.5   32768     0.004836     0.044534     0.1086

  24 points, worst error/bound = 0.8307 (must be <= 1) -> PASS

--- K4  THE BRACKET on t_1, using the proof's OWN error (nothing fitted) ---
      s       k              T            t_1         lo         hi   inside
    1.5    1024   0.0685925729   0.0697582911   0.047047   0.091672      yes
    1.5    2048   0.0502085602   0.0502339622   0.034519   0.066665      yes
    1.5    4096   0.0366931624   0.0366175392   0.027407   0.046362      yes
    1.5    8192   0.0267698960   0.0267398451   0.020881   0.032851      yes
    1.5   16384   0.0194973197   0.0195028277   0.015824   0.023266      yes
    1.5   32768   0.0141778940   0.0141620444   0.011940   0.016463      yes

    2.0    1024   0.0795138993   0.0794766675   0.060196   0.100366      yes
    2.0    2048   0.0583776401   0.0594840954   0.045534   0.071988      yes
    2.0    4096   0.0427834227   0.0428178653   0.035931   0.050020      yes
    2.0    8192   0.0312940107   0.0313640417   0.027354   0.035426      yes
    2.0   16384   0.0228462108   0.0229595455   0.020741   0.025047      yes
    2.0   32768   0.0166487444   0.0166596990   0.015613   0.017733      yes

    2.5    1024   0.0897067889   0.0917620123   0.068223   0.112725      yes
    2.5    2048   0.0659198558   0.0659122966   0.057231   0.075375      yes
    2.5    4096   0.0483594315   0.0489430903   0.043647   0.053455      yes
    2.5    8192   0.0354084141   0.0355906800   0.033312   0.037696      yes
    2.5   16384   0.0258750183   0.0260319833   0.024797   0.027049      yes
    2.5   32768   0.0188730224   0.0188715143   0.018384   0.019410      yes

    3.5    1024   0.1076775317   0.1080021649   0.094452   0.122437      yes
    3.5    2048   0.0791264629   0.0798403364   0.072124   0.086896      yes
    3.5    4096   0.0580765076   0.0582881522   0.055217   0.061319      yes
    3.5    8192   0.0425532810   0.0425639958   0.041378   0.043920      yes
    3.5   16384   0.0311205117   0.0312281793   0.030502   0.031835      yes
    3.5   32768   0.0227168363   0.0227995999   0.022406   0.023076      yes

  24 points -> PASS

--- K5  THE CONCLUSION: lambda_T -> s-1/2 at the derived rate ---
      s       k    lambda_T       s-1/2    resid*log k
    1.5    1024    1.390140      1.0000        1.73621
    1.5    2048    1.354245      1.0000        1.68529
    1.5    4096    1.326031      1.0000        1.65265
    1.5    8192    1.303000      1.0000        1.63109
    1.5   16384    1.283649      1.0000        1.61627
    1.5   32768    1.267029      1.0000        1.60559
       residual*log k ratio max/min = 1.029 (<1.4: True)

    2.0    1024    1.868059      1.5000        1.58315
    2.0    2048    1.830775      1.5000        1.50634
    2.0    4096    1.802745      1.5000        1.45896
    2.0    8192    1.780630      1.5000        1.42951
    2.0   16384    1.762482      1.5000        1.41087
    2.0   32768    1.747134      1.5000        1.39873
       residual*log k ratio max/min = 1.043 (<1.4: True)

    2.5    1024    2.377689      2.0000        1.64991
    2.5    2048    2.334395      2.0000        1.53394
    2.5    4096    2.303274      2.0000        1.46337
    2.5    8192    2.279628      2.0000        1.42049
    2.5   16384    2.260777      2.0000        1.39433
    2.5   32768    2.245154      2.0000        1.37815
       residual*log k ratio max/min = 1.062 (<1.4: True)

    3.5    1024    3.425742      3.0000        1.98298
    3.5    2048    3.363453      3.0000        1.75550
    3.5    4096    3.321882      3.0000        1.61814
    3.5    8192    3.292435      3.0000        1.53589
    3.5   16384    3.270317      3.0000        1.48690
    3.5   32768    3.252812      3.0000        1.45777
       residual*log k ratio max/min = 1.110 (<1.4: True)

  cases: 4 -> PASS

--- K6  CONTROL: the s>1 bound must NOT cover s<1, where the answer differs ---
      s=0.5 k=32768: |H*/t - 2 zeta(s)| = 21.31449, bound = 16.77299, ratio = 1.27 (>3: False)
      (there 2 zeta(s) is not even the leading term -- C_s t^{s-1} diverges)
  -> FAIL: the bound covers both regimes, so it distinguishes neither

==================================================================================================
  [K0 instrument] PASS
  [K1 the two Abel bounds hold] PASS
  [K2 the proof's own error rate is t^{s-1}] FAIL
  [K3 the error bound covers the measured error] PASS
  [K4 t_1 inside the proof's bracket] PASS
  [K5 lambda_T -> s-1/2 at the derived rate] PASS
  [K6 control: the argument is specific to s>1] FAIL

interpretation belongs in the report, not here.
done.
