================================================================================================================
[V3] 窓半幅 hw を振る —— 実測勾配 sl は hw に依存するか?
     13周目は hw=24 のみで測り、|Delta| 小の k で sl ~ -1.8e-5 の一定ドリフトを見た。
     もしこれが hw とともに 0 に向かうなら、ドリフトは窓のアーティファクトである。
================================================================================================================
  k   b   Delta    g予言(x1e-5)   sl@hw=24 (x1e-5)   sl@hw=48 (x1e-5)   sl@hw=96 (x1e-5)    R^2@96
  20  19      -5         -1.273          -7.047          -6.935          -7.613    0.9962
  22  21      -9        -13.153          -3.526          -3.917          -6.468    0.9970
  24  23      -1         +4.432          -1.967          -1.744          -1.244    0.9932
  26  25      +1         +5.038          -1.857          -1.677          -1.034    0.9968
  28  27      +3         +5.371          -1.527          -1.367          -0.813    0.9970
  30  29     +17        +15.212          +7.834          +7.988          +8.556    1.0000
  32  31    -251       -135.150        -117.405        -118.012        -120.451    1.0000
  34  33    -261       -112.690         -96.767         -97.190         -98.898    1.0000
  36  35     +47        +19.040         +10.542         +10.642         +11.034    1.0000
  38  37     +43        +13.902         +20.835         +20.803         +20.675    1.0000
  40  39    -309        -75.394         -78.204         -78.287         -78.623    1.0000

================================================================================================================
[F] 欠けている項の同定 —— hw=96 の実測勾配を候補基底に最小二乗回帰
================================================================================================================
  候補基底(いずれも次元 1/長さ):
    x1 = (sqrt3/2)(Delta + Delta3/S2)/S2      … fable-5 の予言そのもの
    x2 = (c1-c5)/S1                            … 零次モーメント(素数レースの個数差)
    x3 = 1/S1                                  … 定数ドリフト(窓中心の系統ずれ)
    x4 = S1/S2                                 … 平均的な大きさの逆数

  モデル                                係数                              R^2
  x1 のみ(fable-5 の予言)                 x1(fable)=+9.0379e-01                                         0.98297
  x1 + x2                            x1(fable)=+8.6680e-01 x2(c1-c5)=+3.4274e-02                   0.98606
  x1 + x3                            x1(fable)=+8.9291e-01 x3(1/S1)=-3.2819e-02                    0.98564
  x1 + x4                            x1(fable)=+8.8812e-01 x4(S1/S2)=-2.0308e-03                   0.98600
  x1 + x2 + x3                       x1(fable)=+6.8562e-01 x2(c1-c5)=+2.8029e-01 x3(1/S1)=+2.5442e-01  0.98752
  全部                                 x1(fable)=+4.2653e-01 x2(c1-c5)=+6.6910e-01 x3(1/S1)=+4.2503e-01 x4(S1/S2)=+1.3479e-02  0.98857

================================================================================================================
[R] 最良モデルの残差(生の値)
================================================================================================================
  採用: 全部   R^2=0.98857
  k   Delta      実測sl(x1e-5)   fable予言(x1e-5)   最良モデル(x1e-5)   残差(x1e-5)
  20      -5        -7.613            -1.273             -8.085           +0.472
  22      -9        -6.468           -13.153             -9.521           +3.053
  24      -1        -1.244            +4.432             +0.373           -1.618
  26      +1        -1.034            +5.038             +2.361           -3.395
  28      +3        -0.813            +5.371             +3.831           -4.645
  30     +17        +8.556           +15.212             +8.909           -0.354
  32    -251      -120.451          -135.150           -122.141           +1.690
  34    -261       -98.898          -112.690           -103.584           +4.686
  36     +47       +11.034           +19.040            +11.839           -0.805
  38     +43       +20.675           +13.902             +9.863          +10.812
  40    -309       -78.623           -75.394            -69.116           -9.508
