========================================================================================================
[|Delta| 小(問題の3点)]
========================================================================================================
  k   Delta   g予言(x1e-5) | hw=24   hw=48   hw=96   hw=192  hw=384    (すべて sl x1e-5)
  24      -1       +4.432 |   -1.967   -1.744   -1.244   +0.558  -11.008
  26      +1       +5.038 |   -1.857   -1.677   -1.034   +1.373   +3.758
  28      +3       +5.371 |   -1.527   -1.367   -0.813   +1.352   +7.353

========================================================================================================
[|Delta| 中]
========================================================================================================
  k   Delta   g予言(x1e-5) | hw=24   hw=48   hw=96   hw=192  hw=384    (すべて sl x1e-5)
  20      -5       -1.273 |   -7.047   -6.935   -7.613  -13.730  +11.213
  22      -9      -13.153 |   -3.526   -3.917   -6.468  -18.731  -22.024
  30     +17      +15.212 |   +7.834   +7.988   +8.556  +10.789  +17.877
  36     +47      +19.040 |  +10.542  +10.642  +11.034  +12.603  +18.694
  38     +43      +13.902 |  +20.835  +20.803  +20.675  +20.157  +18.002

========================================================================================================
[|Delta| 大(対照群)]
========================================================================================================
  k   Delta   g予言(x1e-5) | hw=24   hw=48   hw=96   hw=192  hw=384    (すべて sl x1e-5)
  32    -251     -135.150 | -117.405 -118.012 -120.451 -130.370 -171.099
  34    -261     -112.690 |  -96.767  -97.190  -98.898 -105.818 -134.360
  40    -309      -75.394 |  -78.204  -78.287  -78.623  -79.979  -85.561

========================================================================================================
判定基準:
  hw を倍にするたびに |sl| が単調に小さくなり 0 に向かう  → 窓のアーティファクト(欠落項ではない)
  hw を倍にしても |sl| が動かない                        → 本物(fable-5 の式に欠落項がある)
========================================================================================================
