================================================================================================================
ITEM 2 -- the lambda=0 identity:  1 + SUM 2^{1-N_d} = Gamma(A) ?   (this is paper 1's window identity)
     and how big are the Gaussian factors e^{-delta^2/2V} that (*) carries alongside
================================================================================================================
  ensemble          k       1+2*S1     Gamma(A)        diff        1+2*S1g   rel.err from
                                                              (with e^-..)    the factors
  odds ~i         220     3.000000     3.000000    0.00e+00       2.999980       6.53e-06
  squares ~i^2    170     6.333333     6.333333   -4.71e-14       6.333332       1.42e-07
  primes          220     5.349288     5.349288   -2.66e-15       5.349278       1.84e-06
  cubes ~i^3       70    26.333333    26.333333   -1.41e-11      26.333297       1.37e-06

  (the identity is exact up to the (2D+1)/2^k tail of Theorem B; the Gaussian factors are
   the size shown in the last column -- negligible where the weights are not.)

================================================================================================================
ITEM 1/3 -- the closed form (**) per ensemble, with partial sums
================================================================================================================

  ### odds ~i   (k=220, Gamma=3.00000, V=3.549e+06, D=219)
      d   N_d   sigma_d       delta_d      2^-N_d     2^-N_d*delta^2   e^{-d^2/2V}
      1     1         1          1.50   5.000e-01          1.1250   1.000000
      2     2         4          4.00   2.500e-01          4.0000   0.999998
      3     3         9          7.50   1.250e-01          7.0312   0.999992
      4     4        16         12.00   6.250e-02          9.0000   0.999980
      5     5        25         17.50   3.125e-02          9.5703   0.999957
      6     6        36         24.00   1.562e-02          9.0000   0.999919
      7     7        49         31.50   7.812e-03          7.7520   0.999860
      8     8        64         40.00   3.906e-03          6.2500   0.999775
      ...  total SUM 2^-N_d delta^2 = 69.5000
      ==> Q(0) = 69.5000 / 3.00000 = **23.167**       R4/12 (x-dependence) = 158.1

  ### squares ~i^2   (k=170, Gamma=6.33333, V=7.205e+09, D=14450)
      d   N_d   sigma_d       delta_d      2^-N_d     2^-N_d*delta^2   e^{-d^2/2V}
      1     1         1          1.50   5.000e-01          1.1250   1.000000
      2     1         1          2.50   5.000e-01          3.1250   1.000000
      3     2         6          6.00   2.500e-01          9.0000   1.000000
      4     2         6          7.00   2.500e-01         12.2500   1.000000
      5     3        15         12.50   1.250e-01         19.5312   1.000000
      6     3        15         13.50   1.250e-01         22.7812   1.000000
      7     3        15         14.50   1.250e-01         26.2812   1.000000
      8     3        15         15.50   1.250e-01         30.0312   1.000000
      ...  total SUM 2^-N_d delta^2 = 6473.4339
      ==> Q(0) = 6473.4339 / 6.33333 = **1022.121**       R4/12 (x-dependence) = 2.747e+04

  ### primes   (k=220, Gamma=5.34929, V=3.107e+07, D=690)
      d   N_d   sigma_d       delta_d      2^-N_d     2^-N_d*delta^2   e^{-d^2/2V}
      1     0         0          1.00   1.000e+00          1.0000   1.000000
      2     1         3          3.50   5.000e-01          6.1250   1.000000
      3     2         8          7.00   2.500e-01         12.2500   0.999999
      4     3        15         11.50   1.250e-01         16.5312   0.999998
      5     3        15         12.50   1.250e-01         19.5312   0.999997
      6     4        26         19.00   6.250e-02         22.5625   0.999994
      7     5        39         26.50   3.125e-02         21.9453   0.999989
      8     5        39         27.50   3.125e-02         23.6328   0.999988
      ...  total SUM 2^-N_d delta^2 = 305.1364
      ==> Q(0) = 305.1364 / 5.34929 = **57.042**       R4/12 (x-dependence) = 562.7

  ### cubes ~i^3   (k=70, Gamma=26.33333, V=3.09e+11, D=171500)
      d   N_d   sigma_d       delta_d      2^-N_d     2^-N_d*delta^2   e^{-d^2/2V}
      1     1         1          1.50   5.000e-01          1.1250   1.000000
      2     1         1          2.50   5.000e-01          3.1250   1.000000
      3     1         1          3.50   5.000e-01          6.1250   1.000000
      4     1         1          4.50   5.000e-01         10.1250   1.000000
      5     2        10         10.00   2.500e-01         25.0000   1.000000
      6     2        10         11.00   2.500e-01         30.2500   1.000000
      7     2        10         12.00   2.500e-01         36.0000   1.000000
      8     2        10         13.00   2.500e-01         42.2500   1.000000
      ...  total SUM 2^-N_d delta^2 = 11120039.5858
      ==> Q(0) = 11120039.5858 / 26.33333 = **422279.984**       R4/12 (x-dependence) = 4.685e+07

================================================================================================================
ITEM 1 -- measured Qhat_c extrapolated to x->0, and the comparison
================================================================================================================
  ensemble         x=0.20    x=0.15    x=0.10    x=0.08    x=0.06     A (even fit)  measured/predicted
  odds ~i            20.09     20.30     20.57     21.58     23.16         19.75       0.8525
                 predicted Q(0) = 23.167;  predicted B/A = R4/12·(T/V)²·... see next block
  squares ~i^2      885.02    895.25    908.74    959.21   1040.01        867.35       0.8486
                 predicted Q(0) = 1022.121;  predicted B/A = R4/12·(T/V)²·... see next block
  primes             49.75     50.27     50.96     53.52     57.58         48.87       0.8566
                 predicted Q(0) = 57.042;  predicted B/A = R4/12·(T/V)²·... see next block
