================================================================================================================
DIRECT TEST of (*) -- no expansion, no extrapolation.  measured lm/deg  vs  predicted ratio
================================================================================================================

  ### odds ~i  (k=220, Gamma=3.00000)
      x     lambda      measured      (*) plain     ratio      (*) refined   ratio
   0.06  8.182e-04      3.000023      3.000027   1.00000      3.000024   1.00000
   0.08  1.091e-03      3.000055      3.000063   1.00000      3.000055   1.00000
   0.10  1.364e-03      3.000098      3.000110   1.00000      3.000096   1.00000
   0.15  2.045e-03      3.000254      3.000271   0.99999      3.000238   1.00001
   0.20  2.727e-03      3.000500      3.000498   1.00000      3.000437   1.00002
   0.25  3.409e-03      3.000876      3.000789   1.00003      3.000692   1.00006
   0.30  4.091e-03      3.001461      3.001146   1.00010      3.001005   1.00015

  ### squares ~i^2  (k=170, Gamma=6.33333)
      x     lambda      measured      (*) plain     ratio      (*) refined   ratio
   0.06  1.376e-05      6.333334      6.333334   1.00000      6.333334   1.00000
   0.08  1.835e-05      6.333334      6.333335   1.00000      6.333334   1.00000
   0.10  2.293e-05      6.333336      6.333336   1.00000      6.333336   1.00000
   0.15  3.440e-05      6.333340      6.333340   1.00000      6.333339   1.00000
   0.20  4.587e-05      6.333346      6.333346   1.00000      6.333345   1.00000
   0.25  5.733e-05      6.333357      6.333354   1.00000      6.333352   1.00000
   0.30  6.880e-05      6.333374      6.333363   1.00000      6.333360   1.00000

  ### primes  (k=220, Gamma=5.34929)
      x     lambda      measured      (*) plain     ratio      (*) refined   ratio
   0.06  2.682e-04      5.349298      5.349300   1.00000      5.349299   1.00000
   0.08  3.576e-04      5.349314      5.349317   1.00000      5.349314   1.00000
   0.10  4.470e-04      5.349334      5.349339   1.00000      5.349333   1.00000
   0.15  6.705e-04      5.349408      5.349415   1.00000      5.349401   1.00000
   0.20  8.941e-04      5.349526      5.349522   1.00000      5.349495   1.00001
   0.25  1.118e-03      5.349706      5.349659   1.00001      5.349616   1.00002
   0.30  1.341e-03      5.349989      5.349827   1.00003      5.349765   1.00004

================================================================================================================
Same thing expressed as the centred observable, so it is comparable with r080
   Qhat_c = (dev(x)-dev(0))/lambda^2,   dev = ratio/Gamma - 1
================================================================================================================

  ### odds ~i   measured dev(0) = -5.6816e-06   (*) dev(0) = -6.5262e-06
      x       Qhat_c measured   Qhat_c from (*)    meas/pred
   0.06            20.095            23.163       0.86754
   0.08            20.301            23.165       0.87636
   0.10            20.572            23.167       0.88797
   0.15            21.575            23.176       0.93093
   0.20            23.164            23.188       0.99898
   0.25            25.607            23.203       1.10360
   0.30            29.446            23.222       1.26801

  ### squares ~i^2   measured dev(0) = -1.2508e-07   (*) dev(0) = -1.4187e-07
      x       Qhat_c measured   Qhat_c from (*)    meas/pred
   0.06           885.016          1022.103       0.86588
   0.08           895.252          1022.107       0.87589
   0.10           908.743          1022.113       0.88908
   0.15           959.207          1022.131       0.93844
   0.20          1040.010          1022.157       1.01747
   0.25          1166.623          1022.190       1.14130
   0.30          1371.318          1022.231       1.34150

  ### primes   measured dev(0) = -1.6090e-06   (*) dev(0) = -1.8361e-06
      x       Qhat_c measured   Qhat_c from (*)    meas/pred
   0.06            49.749            57.039       0.87220
   0.08            50.273            57.040       0.88136
   0.10            50.963            57.043       0.89343
   0.15            53.521            57.051       0.93813
   0.20            57.583            57.062       1.00913
   0.25            63.852            57.076       1.11871
   0.30            73.763            57.094       1.29195
