====================================================================================================
(1) 【重大】M(q)=1/2 となる q では Φ_q ≤ 0 は Jensen から必ず偽
    Jensen: 円全体での log|Φ_q| の平均 = 0(Mahler 測度 1)。
    出発点 log|Φ_q(-1)| = 0 なら、走査平均は 0 から出て 0 に戻る ⟹ どこかで正
====================================================================================================
    q   |Φ_q(-1)|   M(q)      log M(q)    max_x Φ_q(x)(x≤200を掃引)   Φ_q≤0 か
     4     2.0000   0.70711   -0.34657      -0.000000                YES
     6     3.0000   0.86603   -0.14384      -0.000000                YES
     8     2.0000   0.59460   -0.51986      -0.000000                YES
    10     5.0000   0.74767   -0.29079      -0.000000                YES
    12     1.0000   0.50000   -0.69315      +0.065806                ★NO(反例)
    15     1.0000   0.50000   -0.69315      +0.108764                ★NO(反例)
    18     3.0000   0.60047   -0.51005      -0.000000                YES
    20     1.0000   0.50000   -0.69315      +0.036591                ★NO(反例)
    21     1.0000   0.50000   -0.69315      +0.075687                ★NO(反例)
    24     1.0000   0.50000   -0.69315      +0.032934                ★NO(反例)

====================================================================================================
(2) q=6: Φ_6(-e^{-iv}) = 1+e^{-iv}+e^{-2iv}、|·| = |sin(3v/2)/sin(v/2)| の確認
====================================================================================================
      v      |Φ_6(-e^{-iv})|   |sin(3v/2)/sin(v/2)|    差
     0.30     2.91067298         2.91067298        +0.00e+00
     0.70     2.52968437         2.52968437        +4.44e-16
     1.40     1.33993429         1.33993429        +2.22e-16
     2.20     0.17700223         0.17700223        -2.78e-16
     3.00     0.97998499         0.97998499        -2.22e-16

  ⟹ Problem 10.3 の q=6 の場合は、次と等価(部分和問題が完全に消える):
     (1/y)∫_0^y log|sin 3u / sin u| du ≤ log 3   (∀ y>0)
     数値: max over y∈(0,60] の (1/y)∫ = 1.098611   vs  log 3 = 1.098612   → OK(超えない)
