====================================================================================================
【Q̂ の k→∞ 外挿】残差の形を 1/N と 1/log N の両方で当てて、頑健かを見る
====================================================================================================
     x      k=100   k=140   k=180   k=220   外挿(1/N)  外挿(1/logN)  差
  0.100     31.6   37.5   40.8   42.9       50.3       121.1    70.8
  0.120     37.8   42.2   44.7   46.2       51.7       104.3    52.5
  0.150     44.0   47.1   48.8   49.9       53.8        90.8    37.1
  0.180     48.3   50.9   52.4   53.3       56.5        87.3    30.8
  0.200     51.2   53.5   54.8   55.6       58.4        85.8    27.4
  0.250     58.7   60.8   61.9   62.6       65.1        89.1    24.0
  0.300     69.6   71.1   72.2   72.9       74.9        95.6    20.6

====================================================================================================
【Q̂∞(x) = A(1 + γx²) の当てはめ】(2案の外挿の平均を使用)
====================================================================================================
  x∈[0.20,0.30] 信頼域: A =   61.16   γ =   4.33   R² = 0.99314   (点数 3)
  x∈[0.20,0.40] 拡大: A =   61.16   γ =   4.33   R² = 0.99314   (点数 3)

  fable の理論候補 ΔV/V = −27/5 = −5.40 との比較:
   ⇒ 実測 γ は【正】。符号が逆。値の大きさも 1.5 倍程度違う

====================================================================================================
【E2b 頑健性】参照列を3本にして D_k(ρ) の符号・単調性を確認 (ρ=0.50)
====================================================================================================
   k    奇数列                     等差 6n+5                 ランダム奇数                  符号
  16              +0.035202            +0.018059            -0.004950   ★混在
  24              +0.026642            +0.007479            -0.007605   ★混在
  32              +0.021720            +0.003100            -0.004217   ★混在
  40              +0.018714            +0.001162            -0.002889   ★混在
  48              +0.016411            +0.000004            -0.003170   ★混在
  56              +0.014633            -0.000659            -0.001622   ★混在
