================================================================================================================
【前提の確認】λ = 4xT/S₂ ≈ 6x/N か。 (4T/S₂)·N が k で一定なら fable の主項が正しい
================================================================================================================
    k     N       T          S₂            (4T/S₂)·N
   100    547     24678         8683932       6.2179    (0.1s)
   140    811     51696        27158980       6.1748    (0.3s)
   180   1087     89670        63465020       6.1433    (0.7s)
   220   1381    138866       124260708       6.1733    (1.4s)
                                            ↑ 予言は 6

================================================================================================================
【決定的テスト】Q̂(x,k) = dev / λ²   —— 仮説なら k 一定・x→0 で正の定数
================================================================================================================
     x       k=100     k=140     k=180     k=220     k方向 max/min
  0.060       -0.6     13.9     22.1     27.4     (負あり)
  0.080       21.2     29.7     34.6     37.7       1.78
  0.100       31.6     37.5     40.8     42.9       1.36
  0.120       37.8     42.2     44.7     46.2       1.22
  0.150       44.0     47.1     48.8     49.9       1.14
  0.180       48.3     50.9     52.4     53.3       1.10
  0.200       51.2     53.5     54.8     55.6       1.09
  0.250       58.7     60.8     61.9     62.6       1.07
  0.300       69.6     71.1     72.2     72.9       1.05
  0.350       85.8     88.0     89.3     90.0       1.05
  0.400      115.1    121.6    123.0    123.9       1.08

  【生の dev】(符号と大きさの確認)
     x        k=100        k=140        k=180        k=220    
  0.060   -2.977e-07 +2.896e-06 +2.543e-06 +1.970e-06
  0.080   +1.753e-05 +1.104e-05 +7.071e-06 +4.821e-06
  0.100   +4.078e-05 +2.176e-05 +1.303e-05 +8.575e-06
  0.120   +7.039e-05 +3.526e-05 +2.055e-05 +1.331e-05
  0.150   +1.279e-04 +6.138e-05 +3.508e-05 +2.245e-05
  0.180   +2.024e-04 +9.570e-05 +5.419e-05 +3.448e-05
  0.200   +2.646e-04 +1.241e-04 +6.997e-05 +4.442e-05
  0.250   +4.743e-04 +2.202e-04 +1.235e-04 +7.814e-05
  0.300   +8.092e-04 +3.710e-04 +2.076e-04 +1.310e-04
  0.350   +1.359e-03 +6.252e-04 +3.493e-04 +2.203e-04
  0.400   +2.381e-03 +1.128e-03 +6.286e-04 +3.962e-04

================================================================================================================
【x→0 の外挿】Q̂ は正の定数に落ち着くか、それとも 0 を横切るか
================================================================================================================

  k=100: x が小さくなる向きに Q̂ を並べる
     x    :   0.400   0.350   0.300   0.250   0.200   0.180   0.150   0.120   0.100   0.080   0.060
     Q̂    :   115.1    85.8    69.6    58.7    51.2    48.3    44.0    37.8    31.6    21.2    -0.6

  k=140: x が小さくなる向きに Q̂ を並べる
     x    :   0.400   0.350   0.300   0.250   0.200   0.180   0.150   0.120   0.100   0.080   0.060
     Q̂    :   121.6    88.0    71.1    60.8    53.5    50.9    47.1    42.2    37.5    29.7    13.9

  k=180: x が小さくなる向きに Q̂ を並べる
     x    :   0.400   0.350   0.300   0.250   0.200   0.180   0.150   0.120   0.100   0.080   0.060
     Q̂    :   123.0    89.3    72.2    61.9    54.8    52.4    48.8    44.7    40.8    34.6    22.1

  k=220: x が小さくなる向きに Q̂ を並べる
     x    :   0.400   0.350   0.300   0.250   0.200   0.180   0.150   0.120   0.100   0.080   0.060
     Q̂    :   123.9    90.0    72.9    62.6    55.6    53.3    49.9    46.2    42.9    37.7    27.4
