====================================================================================================
quantum_r216d -- lambda_eff is a QUANTISED observable; the quantum is 4 pi t_1/log k
derived on paper before the run; nothing below is fitted
====================================================================================================

--- INSTRUMENT 1: constant weights, zero set proved exactly (Thm 2(e), r205) ---
  k=   64 proved=0.0245634248847336271 got=0.0245634248847336271 rel=1.255e-31
  k=  256 proved=0.00613623118978313762 got=0.00613623118978313762 rel=1.507e-30
  k= 1024 proved=0.00153398560071133249 got=0.00153398560071133249 rel=1.13e-29
  cases: 3 -> PASS

--- INSTRUMENT 2: where the quantum is PROVED, it must come out exactly pi/k ---
    (constant weights: zeros at theta = n pi/k, so consecutive spacing in theta is pi/k)
  k=   64  spacing in theta = 0.0490873852123405194   pi/k = 0.0490873852123405194   rel=3.767e-31
  k=   64  spacing in theta = 0.0490873852123405194   pi/k = 0.0490873852123405194   rel=2.511e-31
  k=  256  spacing in theta = 0.0122718463030851298   pi/k = 0.0122718463030851298   rel=1.507e-30
  k=  256  spacing in theta = 0.0122718463030851298   pi/k = 0.0122718463030851298   rel=2.009e-30
  cases: 4 -> PASS

--- the residual against the quantum ---
      s      k      lam_eff-s       lam_v2-s     R=residual    D=quantum      |R|/D
      1     64      0.0670656     -0.0247547      0.0918203      0.56262     0.1632
      1     76        0.36357     -0.0488569       0.412427      0.57193     0.7211
      1     90       0.103585     -0.0534111       0.156996      0.46385     0.3385
      1    107     -0.0721234     -0.0751217     0.00299826      0.38279   0.007833
      1    128      0.0489407     -0.0803602       0.129301      0.36518     0.3541
      1    152       0.167126     -0.0969732       0.264099      0.34739     0.7602
      1    181     -0.0422408      -0.102564      0.0603228      0.28349     0.2128
      1    215      0.0184862      -0.111427       0.129914       0.2639     0.4923
      1    256      0.0525199      -0.121917       0.174437      0.24195      0.721
      1    304      -0.120547      -0.128752     0.00820524      0.19988    0.04105
      1    362      -0.116103      -0.134768      0.0186643      0.18089     0.1032
      1    431      -0.124221      -0.140897      0.0166761      0.16263     0.1025
      1    512      -0.140888      -0.146865     0.00597683      0.14573    0.04101
      1    609     -0.0532039       -0.15201      0.0988057      0.13836     0.7141
      1    724      -0.104116      -0.155741      0.0516252      0.12181     0.4238
      1    861       -0.15561      -0.161476     0.00586598      0.10704     0.0548
      1   1024      -0.127451      -0.164925      0.0374733     0.098521     0.3804
      1   1150      -0.145524      -0.167988      0.0224648     0.091238     0.2462
      1   1290       -0.16526      -0.171202     0.00594241     0.084459    0.07036
      1   1448      -0.119151      -0.173661        0.05451     0.081238      0.671
      1   1625      -0.151938      -0.175753      0.0238147     0.074656      0.319
      1   1824      -0.122322      -0.178777      0.0564551     0.071132     0.7937
      1   2048      -0.163407      -0.180714      0.0173066      0.06504     0.2661

      2     64       0.813405       0.261798       0.551607      0.91355     0.6038
      2     76       0.253091       0.205858      0.0472327      0.73519    0.06425
      2     90       0.437855       0.158205       0.279649      0.68941     0.4056
      2    107       0.571096       0.115595       0.455501      0.63719     0.7149
      2    128      0.0877026         0.0772      0.0105026      0.51518    0.02039
      2    152       0.109086      0.0449853      0.0641012      0.46698     0.1373
      2    181       0.099068      0.0161476      0.0829204      0.41969     0.1976
      2    215      0.0638277     -0.0089889      0.0728166      0.37566     0.1938
      2    256     0.00148767     -0.0316138      0.0331015      0.33365    0.09921
      2    304       0.199031     -0.0514631       0.250494      0.31607     0.7925
      2    362      0.0572784        -0.0695       0.126778      0.27597     0.4594
      2    431     -0.0729539     -0.0856855      0.0127316      0.24124    0.05278
      2    512      -0.021392      -0.100089      0.0786965      0.22116     0.3558
      2    609    -0.00558149      -0.113236       0.107655      0.20082     0.5361
      2    724     -0.0233918      -0.125155       0.101763      0.18093     0.5624
      2    861     -0.0697651      -0.136058      0.0662925      0.16184     0.4096
      2   1024       -0.13369      -0.146057       0.012367      0.14409    0.08583
      2   1150      -0.110717      -0.152297      0.0415804      0.13567     0.3065
      2   1290     -0.0993963      -0.158153      0.0587568      0.12744      0.461
      2   1448      -0.103853      -0.163746      0.0598926      0.11919     0.5025
      2   1625      -0.120835      -0.169055      0.0482202      0.11113     0.4339
      2   1824      -0.148761      -0.174122      0.0253612      0.10331     0.2455
      2   2048     -0.0991689       -0.17897      0.0798006     0.098038      0.814

      4     64        2.38696        1.34908        1.03788       1.3765      0.754
      4     76        2.33186        1.12942        1.20244       1.2325     0.9756
      4     90       0.954732       0.947287     0.00744525      0.98285   0.007575
      4    107       0.795099       0.789434     0.00566526      0.87019    0.00651
      4    128        1.31736       0.650946        0.66641       0.8222     0.8105
      4    152       0.926901       0.537899       0.389002      0.71374      0.545
      4    181       0.552482       0.439504       0.112978      0.61807     0.1828
      4    215       0.766012       0.356123       0.409889      0.57087      0.718
      4    256       0.331431       0.283195      0.0482366      0.49083    0.09828
      4    304       0.349586       0.221051       0.128535      0.44453     0.2892
      4    362       0.286691       0.166235       0.120457      0.39837     0.3024
      4    431       0.170237       0.118599      0.0516379      0.35488     0.1455
      4    512       0.313422      0.0775438       0.235878      0.32654     0.7224
      4    609      0.0836543      0.0413139      0.0423404      0.28736     0.1473
      4    724       0.073234     0.00959161      0.0636424      0.25973      0.245
      4    861     0.00568777     -0.0184041      0.0240918      0.23314     0.1033
      4   1024       0.071501     -0.0431442       0.114645      0.21282     0.5387
      4   1150     -0.0417144     -0.0581031      0.0163887      0.19637    0.08346
      4   1290    -0.00625019     -0.0717842       0.065534      0.18474     0.3547
      4   1448    -0.00161776     -0.0845165      0.0828988      0.17308      0.479
      4   1625     -0.0250506     -0.0962912      0.0712406      0.16163     0.4408
      4   1824     -0.0732369      -0.107236      0.0339991      0.15046      0.226
      4   2048     -0.0177264      -0.117432       0.099706       0.1419     0.7026

  population: 69 points

--- Q1  the quantum bounds the residual (>= 90% of points) ---
  |R| <= D at 69 of 69 points = 1.0  -> PASS

--- Q2  the SHAPE: std(R)/D near 1/sqrt(12)=0.2887 and not drifting with k ---
            k band   points       std(R/D) in [0.15,0.55]?
            64-152       18        0.33151            yes
           181-431       18         0.2436            yes
          512-1150       18        0.22216            yes
         1290-2048       15        0.21769            yes
  spread across bands: 1.523  -> PASS

--- Q3  can any k <= 2048 separate the two candidate laws? ---
      s        k      quantum D     gap between laws   separable?
      1     2048        0.06504              0.39964          yes
      2     2048       0.098038              0.13321          yes
      4     2048         0.1419              0.13321           NO

  Where the answer is NO, the quantum of the observable is larger than the whole
  difference the measurement is being asked to detect.

--- Q4  D must scale like sqrt(s): D(k,4)/D(k,1) should be near 2 ---
  mean D(k,4)/D(k,1) over 23 sizes = 2.17392   (sqrt(4/1) = 2)
  -> PASS

====================================================================================================
  [instrument 1] PASS
  [instrument 2 (quantum exact where proved)] PASS
  [Q1 quantum bounds residual] PASS
  [Q2 shape consistent with uniform phase] PASS
  [Q4 sqrt(s) scaling] PASS

interpretation belongs in the report, not here.
done.
