R1 cumulant budget, measured.  Definitions from prob:R1.

================================================================================
profile odds
  x = 0.06
        k          s      W(k) |K3|/K2^1.5     K4/K2^2  W|K3|/K2^2         eps    k*eps
       60  3.020e-03     241.5   4.853e-02   5.675e-02   4.411e-02   1.494e-01   8.9632
      100  1.812e-03     264.0   3.759e-02   3.405e-02   1.736e-02   8.900e-02   8.9001
      140  1.294e-03     287.5   3.177e-02   2.432e-02   9.645e-03   6.574e-02   9.2033
      180  1.007e-03     312.0   2.802e-02   1.892e-02   6.332e-03   5.327e-02   9.5884
      220  8.235e-04     312.0   2.535e-02   1.548e-02   4.239e-03   4.506e-02   9.9135
  x = 0.20
        k          s      W(k) |K3|/K2^1.5     K4/K2^2  W|K3|/K2^2         eps    k*eps
       60  1.081e-02     241.5   1.708e-01   2.022e-02   1.729e-01   3.639e-01  21.8324
      100  6.488e-03     264.0   1.323e-01   1.213e-02   6.804e-02   2.124e-01  21.2440
      140  4.634e-03     287.5   1.118e-01   8.663e-03   3.781e-02   1.583e-01  22.1560
      180  3.605e-03     312.0   9.859e-02   6.738e-03   2.482e-02   1.301e-01  23.4261
      220  2.949e-03     312.0   8.918e-02   5.513e-03   1.661e-02   1.113e-01  24.4867
  x = 0.30
        k          s      W(k) |K3|/K2^1.5     K4/K2^2  W|K3|/K2^2         eps    k*eps
       60  1.831e-02     241.5   2.817e-01   4.664e-02   3.430e-01   6.713e-01  40.2793
      100  1.099e-02     264.0   2.182e-01   2.798e-02   1.350e-01   3.811e-01  38.1142
      140  7.848e-03     287.5   1.844e-01   1.999e-02   7.500e-02   2.794e-01  39.1127
      180  6.104e-03     312.0   1.626e-01   1.555e-02   4.924e-02   2.274e-01  40.9315
      220  4.994e-03     312.0   1.471e-01   1.272e-02   3.296e-02   1.928e-01  42.4093

================================================================================
profile primes
  x = 0.06
        k          s      W(k) |K3|/K2^1.5     K4/K2^2  W|K3|/K2^2         eps    k*eps
       60  1.275e-03     579.0   5.194e-02   6.260e-02   4.940e-02   1.639e-01   9.8364
      100  6.868e-04     630.5   4.026e-02   3.758e-02   1.740e-02   9.524e-02   9.5243
      140  4.600e-04     630.5   3.391e-02   2.673e-02   8.288e-03   6.893e-02   9.6506
      180  3.414e-04     684.0   2.987e-02   2.076e-02   5.182e-03   5.581e-02  10.0461
      220  2.700e-04     684.0   2.694e-02   1.692e-02   3.339e-03   4.720e-02  10.3830
  x = 0.20
        k          s      W(k) |K3|/K2^1.5     K4/K2^2  W|K3|/K2^2         eps    k*eps
       60  4.577e-03     579.0   1.826e-01   2.028e-02   1.942e-01   3.971e-01  23.8236
      100  2.466e-03     630.5   1.413e-01   1.207e-02   6.833e-02   2.217e-01  22.1717
      140  1.651e-03     630.5   1.190e-01   8.631e-03   3.253e-02   1.602e-01  22.4282
      180  1.226e-03     684.0   1.049e-01   6.710e-03   2.034e-02   1.319e-01  23.7435
      220  9.693e-04     684.0   9.458e-02   5.501e-03   1.311e-02   1.132e-01  24.9025
  x = 0.30
        k          s      W(k) |K3|/K2^1.5     K4/K2^2  W|K3|/K2^2         eps    k*eps
       60  7.792e-03     579.0   3.006e-01   5.721e-02   3.875e-01   7.453e-01  44.7188
      100  4.197e-03     630.5   2.323e-01   3.419e-02   1.361e-01   4.026e-01  40.2557
      140  2.809e-03     630.5   1.956e-01   2.414e-02   6.474e-02   2.845e-01  39.8296
      180  2.085e-03     684.0   1.723e-01   1.874e-02   4.046e-02   2.315e-01  41.6670
      220  1.648e-03     684.0   1.555e-01   1.519e-02   2.607e-02   1.967e-01  43.2773

================================================================================
profile alpha32
  x = 0.06
        k          s      W(k) |K3|/K2^1.5     K4/K2^2  W|K3|/K2^2         eps    k*eps
       60  8.217e-04     662.0   5.664e-02   7.075e-02   4.133e-02   1.687e-01  10.1235
      100  3.837e-04     728.5   4.394e-02   4.264e-02   1.280e-02   9.938e-02   9.9383
      140  2.322e-04     799.0   3.718e-02   3.051e-02   6.080e-03   7.377e-02  10.3278
      180  1.595e-04     873.5   3.280e-02   2.376e-02   3.554e-03   6.011e-02  10.8201
      220  1.181e-04     873.5   2.968e-02   1.945e-02   2.155e-03   5.128e-02  11.2822
  x = 0.20
        k          s      W(k) |K3|/K2^1.5     K4/K2^2  W|K3|/K2^2         eps    k*eps
       60  2.959e-03     662.0   1.980e-01   1.924e-02   1.624e-01   3.796e-01  22.7764
      100  1.383e-03     728.5   1.536e-01   1.159e-02   5.032e-02   2.156e-01  21.5558
      140  8.367e-04     799.0   1.300e-01   8.290e-03   2.390e-02   1.622e-01  22.7022
      180  5.747e-04     873.5   1.147e-01   6.455e-03   1.397e-02   1.351e-01  24.3195
      220  4.256e-04     873.5   1.038e-01   5.285e-03   8.472e-03   1.175e-01  25.8548
  x = 0.30
        k          s      W(k) |K3|/K2^1.5     K4/K2^2  W|K3|/K2^2         eps    k*eps
       60  5.070e-03     662.0   3.230e-01   7.233e-02   3.241e-01   7.195e-01  43.1690
      100  2.369e-03     728.5   2.507e-01   4.360e-02   1.004e-01   3.948e-01  39.4763
      140  1.434e-03     799.0   2.121e-01   3.119e-02   4.769e-02   2.910e-01  40.7335
      180  9.848e-04     873.5   1.871e-01   2.428e-02   2.788e-02   2.393e-01  43.0716
      220  7.294e-04     873.5   1.693e-01   1.988e-02   1.691e-02   2.061e-01  45.3413

================================================================================
profile squares
  x = 0.06
        k          s      W(k) |K3|/K2^1.5     K4/K2^2  W|K3|/K2^2         eps    k*eps
       60  1.101e-04    5215.0   6.412e-02   8.565e-02   5.311e-02   2.029e-01  12.1728
      100  3.990e-05    5727.5   4.975e-02   5.158e-02   1.273e-02   1.141e-01  11.4057
      140  2.042e-05    6272.0   4.208e-02   3.690e-02   5.101e-03   8.408e-02  11.7711
      180  1.237e-05    6272.0   3.713e-02   2.872e-02   2.406e-03   6.825e-02  12.2859
      220  8.289e-06    6850.5   3.359e-02   2.351e-02   1.441e-03   5.855e-02  12.8799
  x = 0.20
        k          s      W(k) |K3|/K2^1.5     K4/K2^2  W|K3|/K2^2         eps    k*eps
       60  3.986e-04    5215.0   2.232e-01   1.820e-02   2.092e-01   4.506e-01  27.0388
      100  1.444e-04    5727.5   1.732e-01   1.095e-02   5.015e-02   2.343e-01  23.4298
      140  7.390e-05    6272.0   1.465e-01   7.834e-03   2.010e-02   1.744e-01  24.4192
      180  4.478e-05    6272.0   1.292e-01   6.097e-03   9.479e-03   1.448e-01  26.0680
      220  3.001e-05    6850.5   1.169e-01   4.991e-03   5.679e-03   1.276e-01  28.0737
  x = 0.30
        k          s      W(k) |K3|/K2^1.5     K4/K2^2  W|K3|/K2^2         eps    k*eps
       60  6.890e-04    5215.0   3.614e-01   9.922e-02   4.193e-01   8.799e-01  52.7939
      100  2.497e-04    5727.5   2.804e-01   5.974e-02   1.005e-01   4.406e-01  44.0618
      140  1.278e-04    6272.0   2.372e-01   4.273e-02   4.027e-02   3.202e-01  44.8224
      180  7.740e-05    6272.0   2.092e-01   3.327e-02   1.899e-02   2.615e-01  47.0686
      220  5.187e-05    6850.5   1.893e-01   2.723e-02   1.138e-02   2.279e-01  50.1419

================================================================================
uniformity in d (prop:tiltlclt claims one eps serves all layers)
   profile     k    d      eps(d)  /eps(1)
      odds   100    1   2.124e-01    1.000
      odds   100    3   2.125e-01    1.000
      odds   100    6   2.125e-01    1.000
      odds   100   12   2.132e-01    1.004
      odds   220    1   1.113e-01    1.000
      odds   220    3   1.113e-01    1.000
      odds   220    6   1.113e-01    1.000
      odds   220   12   1.113e-01    1.000
    primes   100    1   2.217e-01    1.000
    primes   100    3   2.217e-01    1.000
    primes   100    6   2.217e-01    1.000
    primes   100   12   2.218e-01    1.000
    primes   220    1   1.132e-01    1.000
    primes   220    3   1.132e-01    1.000
    primes   220    6   1.132e-01    1.000
    primes   220   12   1.132e-01    1.000
