CHECK 1: (1/2pi) int e^{-t^2/2}(it)^j e^{-izt} dt  =  He_j(z) phi(z)
    j       z         numeric   He_j(z)phi(z)      error kind
    3    0.00  0.00000000e+00  0.00000000e+00   7.38e-17 abs 
    3    0.70 -5.48630161e-01 -5.48630161e-01   1.21e-14 rel 
    3    1.50 -1.45707295e-01 -1.45707295e-01   1.18e-14 rel 
    3   -1.20  3.63516295e-01  3.63516295e-01   1.30e-14 rel 
    4    0.00  1.19682684e+00  1.19682684e+00   1.04e-14 rel 
    4    0.70  9.37074054e-02  9.37074054e-02   8.96e-15 rel 
    4    1.50 -7.04251926e-01 -7.04251926e-01   1.02e-14 rel 
    4   -1.20 -6.92545146e-01 -6.92545146e-01   6.41e-15 rel 
    6    0.00 -5.98413421e+00 -5.98413421e+00   8.31e-15 rel 
    6    0.70  1.11354405e+00  1.11354405e+00   6.20e-15 rel 
    6    1.50  2.81093657e+00  2.81093657e+00   2.84e-15 rel 
    6   -1.20  4.21033894e+00  4.21033894e+00   1.10e-14 rel 
  identity failures: 0

CHECK 2: the assembled expansion against exact DP, AT SEVERAL z.
        He3 vanishes at the mean, so only z != 0 tests the third-cumulant term.
  odds k=48  alpha=+5.4558e-02  beta=-7.0885e-02
          z      m         exact     Edgeworth   gauss err    edge err  k^1.5*err
     -2.002    632  2.820330e-04  2.819583e-04  -3.786e-03   2.647e-04     0.0880
     -1.002    822  1.302160e-03  1.301686e-03   2.518e-02   3.647e-04     0.1213
     -0.502    917  1.863775e-03  1.864219e-03   7.546e-03  -2.384e-04     0.0793
      0.003   1013  2.078470e-03  2.078564e-03  -9.597e-03  -4.528e-05     0.0151
      0.502   1108  1.817799e-03  1.817793e-03  -1.731e-02   3.682e-06     0.0012
      1.002   1203  1.254922e-03  1.255499e-03  -1.202e-02  -4.597e-04     0.1529
      2.002   1393  2.926936e-04  2.923357e-04   3.385e-02   1.224e-03     0.4071

  odds k=64  alpha=+4.7036e-02  beta=-5.3194e-02
          z      m         exact     Edgeworth   gauss err    edge err  k^1.5*err
     -2.000   1216  1.834505e-04  1.834325e-04  -4.863e-03   9.811e-05     0.0502
     -0.999   1509  8.444813e-04  8.442807e-04   2.083e-02   2.375e-04     0.1216
     -0.501   1655  1.210954e-03  1.211128e-03   7.043e-03  -1.435e-04     0.0735
      0.002   1802  1.353153e-03  1.353188e-03  -7.176e-03  -2.550e-05     0.0131
      0.500   1948  1.185201e-03  1.185186e-03  -1.438e-02   1.249e-05     0.0064
      0.999   2094  8.181062e-04  8.183445e-04  -1.106e-02  -2.912e-04     0.1491
      2.000   2387  1.893601e-04  1.892224e-04   2.718e-02   7.277e-04     0.3726

  odds k=80  alpha=+4.2029e-02  beta=-4.2561e-02
          z      m         exact     Edgeworth   gauss err    edge err  k^1.5*err
     -2.001   1997  1.310487e-04  1.310447e-04  -5.447e-03   3.072e-05     0.0220
     -1.001   2406  6.016113e-04  6.015067e-04   1.814e-02   1.740e-04     0.1245
     -0.500   2611  8.663805e-04  8.664648e-04   6.646e-03  -9.732e-05     0.0696
      0.001   2816  9.696181e-04  9.696340e-04  -5.730e-03  -1.635e-05     0.0117
      0.500   3020  8.499013e-04  8.498895e-04  -1.250e-02   1.382e-05     0.0099
      1.001   3225  5.848307e-04  5.849518e-04  -1.026e-02  -2.070e-04     0.1481
      2.001   3634  1.348173e-04  1.347509e-04   2.315e-02   4.922e-04     0.3522

  primes k=48  alpha=+5.9046e-02  beta=-7.9313e-02
          z      m         exact     Edgeworth   gauss err    edge err  k^1.5*err
     -1.999   1315  1.292592e-04  1.292238e-04  -3.288e-03   2.741e-04     0.0912
     -0.999   1732  5.962465e-04  5.959620e-04   2.754e-02   4.774e-04     0.1588
     -0.501   1940  8.500936e-04  8.503315e-04   7.898e-03  -2.798e-04     0.0930
      0.000   2149  9.459331e-04  9.460028e-04  -1.071e-02  -7.374e-05     0.0245
      0.501   2358  8.274463e-04  8.274715e-04  -1.895e-02  -3.039e-05     0.0101
      0.999   2566  5.727943e-04  5.731205e-04  -1.288e-02  -5.692e-04     0.1893
      1.999   2983  1.345138e-04  1.343038e-04   3.723e-02   1.564e-03     0.5200

  primes k=64  alpha=+5.0460e-02  beta=-5.8805e-02
          z      m         exact     Edgeworth   gauss err    edge err  k^1.5*err
     -2.000   2689  7.899252e-05  7.898486e-05  -4.877e-03   9.697e-05     0.0496
     -1.000   3369  3.638782e-04  3.637702e-04   2.259e-02   2.970e-04     0.1521
     -0.500   3709  5.216075e-04  5.216941e-04   7.404e-03  -1.660e-04     0.0850
      0.000   4049  5.820808e-04  5.821021e-04  -7.917e-03  -3.664e-05     0.0188
      0.500   4389  5.097194e-04  5.097185e-04  -1.556e-02   1.638e-06     0.0008
      1.000   4729  3.516758e-04  3.517998e-04  -1.170e-02  -3.524e-04     0.1804
      2.000   5409  8.173074e-05  8.165708e-05   2.962e-02   9.020e-04     0.4618

  primes k=80  alpha=+4.5388e-02  beta=-4.7411e-02
          z      m         exact     Edgeworth   gauss err    edge err  k^1.5*err
     -2.000   4650  5.370879e-05  5.370792e-05  -5.533e-03   1.621e-05     0.0116
     -1.000   5650  2.467528e-04  2.466979e-04   1.976e-02   2.225e-04     0.1592
     -0.500   6150  3.545263e-04  3.545657e-04   7.068e-03  -1.110e-04     0.0794
      0.000   6650  3.963561e-04  3.963661e-04  -6.381e-03  -2.522e-05     0.0180
      0.500   7150  3.472443e-04  3.472429e-04  -1.362e-02   3.957e-06     0.0028
      1.000   7650  2.393153e-04  2.393762e-04  -1.097e-02  -2.548e-04     0.1823
      2.000   8650  5.537514e-05  5.534060e-05   2.532e-02   6.241e-04     0.4466

CHECK 2b: does the He3 term actually earn its place?  Drop it and compare, off the mean.
   profile     k       z     with He3      without    ratio
      odds    48   -2.00    2.647e-04    1.780e-02    67.25  OK
      odds    48    2.00    1.224e-03    1.931e-02    15.77  OK
      odds    80   -2.00    3.072e-05    1.391e-02   452.76  OK
      odds    80    2.00    4.922e-04    1.444e-02    29.34  OK
    primes    48   -2.00    2.741e-04    1.901e-02    69.35  OK
    primes    48    2.00    1.564e-03    2.087e-02    13.35  OK
    primes    80   -2.00    1.621e-05    1.496e-02   922.81  OK
    primes    80    2.00    6.241e-04    1.561e-02    25.01  OK

controls that failed to fire: 0
