=== 1. fable-5's four Gaussian moments, verified ===
  INT e^{-t^2/2}|t|^5  dt  claimed      16.000000   numeric      16.000000   rel 3.42e-13
  INT e^{-t^2/2}|t|^7  dt  claimed      96.000000   numeric      96.000000   rel 4.14e-13
  INT e^{-t^2/2}|t|^8  dt  claimed     263.195969   numeric     263.195969   rel 2.98e-13
  INT e^{-t^2/2}|t|^9  dt  claimed     768.000000   numeric     768.000000   rel 4.81e-13
  INT e^{-t^2/2}|t|^12 dt  claimed   26056.400915   numeric   26056.400915   rel 4.31e-13

=== 2. the cube split (a+b)^3 <= 4(a^3+b^3), and the two validity thresholds ===
  max (a+b)^3 / 4(a^3+b^3) over a,b in (0,8]  = 1.000000   (must be <= 1; =1 at a=b)
  2/phi(0) valid iff e^{Z^2/2} <= 2      -> Z <= 1.1774
  bare 16C_T term valid iff sqrt(2/pi)e^{Z^2/2} <= 1 -> Z <= 0.6720

=== 3. the quadratic estimate used beyond T*: |psi| <= exp(-(1-cos 1) t^2) ===
  min_{0<|v|<=1} (1-cos v)/v^2 = 0.459698   >= 1-cos(1) = 0.459698  : OK
  so |psi(t/sigma)|^2 <= exp(-2c t^2) and |psi| <= exp(-c t^2), c = 0.4597

=== 4. the explicit constants of rho ===
  rho = 4.4488*S5/sigma^5 + 0.1061*|alpha||beta| + 0.03636*beta^2 + 1.0255*|alpha|^3 + 0.5436*|beta|^3
  (for comparison the old bare term was 16*C_T = 5.1416, and it was a RELATIVE bound;
   the new one is absolute and is multiplied by sqrt(2pi)e^{Z^2/2} = 2.5066 at Z=0)

=== 5. does fable-5's "|X| <= 1 on the whole window" hold?  and does T* grow? ===
   profile     k     x       T_1  |X|(T_1)          T* T*/k^(1/6) exp(-cT*^2)
      odds    32  0.20     1.474      0.13      1.3031    0.7313    4.58e-01
      odds    64  0.20     2.068      0.26      1.6041    0.8021    3.06e-01
      odds   128  0.20     2.914      0.51      1.9753    0.8799    1.66e-01
      odds   256  0.20     4.113      1.02      2.4319    0.9651    6.60e-02
    primes    32  0.20     1.347      0.11      1.2497    0.7014    4.88e-01
    primes    64  0.20     1.942      0.23      1.5468    0.7734    3.33e-01
    primes   128  0.20     2.727      0.44      1.9098    0.8507    1.87e-01
    primes   256  0.20     3.929      0.93      2.3552    0.9347    7.81e-02
  |X|(T_1) grows with k  -> fable-5's crude route fails exactly where it is needed.
  T* grows like k^{1/6}  -> the outer piece is exp(-c k^{1/3}): beyond all orders.

=== 6. dominance: the assembled eps* against the true relative error, exact DP ===
   profile     k     x        Z   true |rel|   eps* (new)    ratio   eps* (old)
      odds    32  0.06   2.1264   5.4522e-02   5.1988e+01   953.53   2.8146e+00  bounds
      odds    48  0.06   1.2704   3.0047e-02   6.6538e+00   221.45   1.4355e+00  bounds
      odds    64  0.06   0.9019   1.8695e-02   2.9001e+00   155.12   9.1879e-01  bounds
      odds    80  0.06   0.6453   1.2877e-02   1.7012e+00   132.12   6.5183e-01  bounds

      odds    32  0.20   2.3691   3.3654e-01   1.5454e+02   459.19   5.3410e+00  bounds
      odds    48  0.20   1.4153   7.8261e-02   1.3978e+01   178.61   2.5603e+00  bounds
      odds    64  0.20   1.0050   6.4206e-02   5.5548e+00    86.52   1.6267e+00  bounds
      odds    80  0.20   0.7190   4.5343e-02   3.1051e+00    68.48   1.1466e+00  bounds

    primes    32  0.06   2.5550   1.6984e-01   1.6930e+02   996.82   3.5703e+00  bounds
    primes    48  0.06   1.2667   3.3223e-02   7.9687e+00   239.86   1.7203e+00  bounds
    primes    64  0.06   0.8515   1.8753e-02   3.2595e+00   173.82   1.0741e+00  bounds
    primes    80  0.06   0.5789   1.3912e-02   1.9466e+00   139.92   7.7323e-01  bounds

    primes    32  0.20   2.8629   7.9212e-01   6.9046e+02   871.66   7.4993e+00  bounds
    primes    48  0.20   1.4189   8.5666e-02   1.7356e+01   202.61   3.1372e+00  bounds
    primes    64  0.20   0.9526   6.7461e-02   6.3147e+00    93.61   1.9285e+00  bounds
    primes    80  0.20   0.6480   4.4347e-02   3.6030e+00    81.25   1.3841e+00  bounds

  failures: 0 / 16

=== 7. does the new eps* still go to zero, and at what rate? ===
      odds  k*eps* at k=100,200,300,450 : 195.761 123.962 99.603 80.743
    primes  k*eps* at k=100,200,300,450 : 230.000 143.729 115.744 93.254
