E(theta) on R1, measured against the explicit product.  x = 0.20.
   profile     k     theta_0 max phase   E(theta_0) (2pi th)^5 S5    ratio C
      odds   100  8.9737e-03    11.220   8.1715e+02   5.6471e+05    0.00145
      odds   200  3.6502e-03     9.151   8.4642e+02   4.0249e+05    0.00210
      odds   300  2.1390e-03     8.050   8.4286e+02   3.1677e+05    0.00266
      odds   450  1.2471e-03     7.044   8.1571e+02   2.4307e+05    0.00336

    primes   100  3.5314e-03    12.137   8.3752e+02   6.6544e+05    0.00126
    primes   200  1.2594e-03     9.725   8.6330e+02   4.6743e+05    0.00185
    primes   300  6.8689e-04     8.601   8.6001e+02   3.6641e+05    0.00235
    primes   450  3.7393e-04     7.488   8.3695e+02   2.7882e+05    0.00300

   squares   100  2.3279e-04    14.628   8.9993e+02   1.1204e+06    0.00080
   squares   200  4.7644e-05    11.974   9.3293e+02   8.0170e+05    0.00116
   squares   300  1.8651e-05    10.547   9.2920e+02   6.3177e+05    0.00147
   squares   450  7.2595e-06     9.237   9.1459e+02   4.8520e+05    0.00188

is E small across the WHOLE of R1, not just at its edge?  (primes, k = 300)
  theta/theta_0     phase            E E/fifth(theta)
        0.10     0.860   1.8859e-02      0.00515
        0.25     2.150   2.0816e+00      0.00582
        0.50     4.301   6.9910e+01      0.00611
        0.75     6.451   3.3255e+02      0.00382
        1.00     8.601   8.6001e+02      0.00235

NEGATIVE CONTROL: drop the K4 term from the polynomial.  E must get WORSE,
and must then scale like the FOURTH order, not the fifth.
   profile     k      with K4   without K4    ratio
      odds   200   8.4642e+02   5.7202e+02      0.7  *** DID NOT FIRE ***
      odds   300   8.4286e+02   5.8374e+02      0.7  *** DID NOT FIRE ***
      odds   450   8.1571e+02   5.7768e+02      0.7  *** DID NOT FIRE ***
    primes   200   8.6330e+02   5.9783e+02      0.7  *** DID NOT FIRE ***
    primes   300   8.6001e+02   6.0977e+02      0.7  *** DID NOT FIRE ***
    primes   450   8.3695e+02   6.0396e+02      0.7  *** DID NOT FIRE ***
