====================================================================================================
(A) R2 第3クラス(m>√q)の見積もりを紙で追う
====================================================================================================
  設計の式:  Σ_{m>√q} (1/m)·|Ĩ(mx)| ,  |Ĩ(mx)| ≤ 2/(mx) ,  x > δ/q
           ⟹ Σ_{m>√q} (1/m)·(2q/(mδ)) = (2q/δ)·Σ_{m>√q} 1/m²  ≤ (2q/δ)·(1/√q) = 2√q/δ
    q=      100:  2√q/δ  =  20.0/δ    ← q とともに発散
    q=    10000:  2√q/δ  =  200.0/δ    ← q とともに発散
    q=  1000000:  2√q/δ  =  2000.0/δ    ← q とともに発散
  ⇒ 【設計の『≤ 2/δ』は誤り。実際は 2√q/δ で発散する】

  提案されていた修正(|c_q(m)|/φ(q) ≤ C·loglog q·m/q を併用)も追う:
           Σ_{√q<m≤q} (1/m)·(C loglog q·m/q)·(2q/(mδ)) = (2C loglog q/δ)·Σ_{√q<m≤q} 1/m
           ≈ (2C loglog q/δ)·log(√q) = (C' loglog q · log q)/δ   ← これも発散(対数的に)
  ⇒ 【修正案でも閉じない。項別評価は Ĩ の m 方向の振動を捨てているため本質的に損】

====================================================================================================
(B) ‖Φ_n‖₁ は rad(n) だけで決まるか (Φ_n(x) = Φ_{rad n}(x^{n/rad n}))
====================================================================================================
    3 ≤ n ≤ 300 で ‖Φ_n‖₁ = ‖Φ_{rad n}‖₁ が破れる n: なし(全て一致)
    例:  [(12, 6, 3, 3), (18, 6, 3, 3), (24, 6, 3, 3), (36, 6, 3, 3), (50, 10, 5, 5), (108, 6, 3, 3), (180, 30, 7, 7), (200, 10, 5, 5), (288, 6, 3, 3)]
  ⇒ **平方因子のない q だけ調べればよい**。しかも φ(n) ≥ φ(rad n) なので
     (1/φ(n))log‖Φ_n‖₁ ≤ (1/φ(rad n))log‖Φ_{rad n}‖₁ ——平方因子は必ず有利に働く

  平方因子のない q での最大値(q ≤ 300):
    q=   6  φ=   2  ‖·‖₁=    3  (1/φ)log‖·‖₁=0.549306
    q=   3  φ=   2  ‖·‖₁=    3  (1/φ)log‖·‖₁=0.549306
    q=  10  φ=   4  ‖·‖₁=    5  (1/φ)log‖·‖₁=0.402359
    q=   5  φ=   4  ‖·‖₁=    5  (1/φ)log‖·‖₁=0.402359
    q=  14  φ=   6  ‖·‖₁=    7  (1/φ)log‖·‖₁=0.324318
    q=   7  φ=   6  ‖·‖₁=    7  (1/φ)log‖·‖₁=0.324318
    q=  30  φ=   8  ‖·‖₁=    7  (1/φ)log‖·‖₁=0.243239
    q=  15  φ=   8  ‖·‖₁=    7  (1/φ)log‖·‖₁=0.243239

====================================================================================================
(C) 積公式 ∏_{s=0}^{Q−1} |2 sin(π(x+s/Q))| = |2 sin(πQx)|  ((α)の道具)
====================================================================================================
    Q=  5 x=0.13:  左辺=1.7820130484  右辺=1.7820130484  差=-1.55e-15
    Q=  7 x=0.31:  左辺=1.0180828315  右辺=1.0180828315  差=-3.77e-15
    Q= 12 x=0.077:  左辺=0.4729979940  右辺=0.4729979940  差=+4.33e-15
  ⇒ 成立。Möbius で Σ_{r⊥q} を Σ_{d|rad q} μ(d)·(等差数列の和) に分解すると各項が log|2sin| に潰れる。
     ただし μ(d)=−1 の項は【下界】が要り、log は −∞ に落ちうる —— ここが (α) の要検討点。
