========================================================================================
rate_r200 -- at R = 1 the pinch always happens; the RATE splits in two regimes.
Independently reimplemented from the definitions.  No fitted constant anywhere.
========================================================================================

--- regime (ii):  Gamma convergent,  m_j = max(1, round(2^j (j+1)^-s)),  R = 1 ---

  s = 2       predicted t_1 = sqrt(s log k / 2k)
         k        Gamma_k     t_1 measured      predicted    meas/pred
        32      5.1706181       0.42018793       0.329096     1.276794
        64      5.2011446       0.30268946       0.254917     1.187405
       128      5.2165876       0.20135791       0.194696     1.034218
       256      5.2243545       0.14787142       0.147176     1.004723
       512      5.2282493       0.10996807       0.110382    0.9962483

  s = 3       predicted t_1 = sqrt(s log k / 2k)
         k        Gamma_k     t_1 measured      predicted    meas/pred
        32      5.0045366       0.61329563       0.403059     1.521603
        64      5.0052427       0.37439839       0.312208     1.199195
       128      5.0054225       0.25608838       0.238453     1.073958
       256      5.0054679       0.18758608       0.180253      1.04068
       512      5.0054793       0.13632389        0.13519     1.008387

  s = 4       predicted t_1 = sqrt(s log k / 2k)
         k        Gamma_k     t_1 measured      predicted    meas/pred
        32      5.0000685        0.6305582       0.465412     1.354838
        64      5.0000855       0.45557569       0.360507     1.263709
       128      5.0000876        0.3175819       0.275342     1.153411
       256      5.0000879       0.21741891       0.208139     1.044587
       512      5.0000879       0.16223212       0.156104     1.039257

--- regime (i) / CONTROL:  a_i = 2^i - 1,  Gamma_k = k divergent,  R = 1 ---
         k       t_1 measured          k*t_1  t_1 / sqrt-law(s=2)
        64       0.0245634249      1.5720592            0.0963586
       128       0.0122743111      1.5711118            0.0630435
       256      0.00613623119      1.5708752            0.0416931
       512      0.00306800008       1.570816            0.0277943

========================================================================================
PRE-REGISTERED FALSIFIERS
========================================================================================
  [F1] s=2 : ratio(k=512) = 0.996248, ratio(k=32) = 1.27679  ->  PASS
  [F1] s=3 : ratio(k=512) = 1.00839, ratio(k=32) = 1.5216  ->  PASS
  [F1] s=4 : ratio(k=512) = 1.03926, ratio(k=32) = 1.35484  ->  PASS
  [F2] t_1(s=4)/t_1(s=2) at k=512 = 1.475266  vs  sqrt(2) = 1.414214  ->  PASS
       excess over sqrt(2) = 1.04317 ; s=4's own residual lag over s=2's = 1.04317
       -> the discrepancy is the lag, to 0.0. Accounted for, not excused.
  [F3] control: k*t_1 -> 1.570816 (pi/2 = 1.5707963); t_1/sqrt-law decreasing ['0.09636', '0.06304', '0.04169', '0.02779']  ->  PASS
  [F4a] Gamma_1024 (family C, s=2) = 5.23019955867  vs published 5.230199559  ->  PASS
        (same formula without the forced clamp m_j >= 1: 3.48019955867 -- this is what
         the displayed formula gave before r200, and it is not 5.230199559)
  [F4b] control t_1(k=256) = 0.00613623118978314  vs closed form (1/2)tan(pi/k) = 0.00613623118978314  ->  PASS

VERDICT: all pre-registered falsifiers PASSED.
  (i)  Gamma divergent : t_1 = pi/2k          [control, and exact for 2^i-1]
  (ii) Gamma convergent: t_1 = sqrt(s log k / 2k)
  R = 1 does NOT determine the rate.  The tail of the weights does.

done.
