============================================================================================================
(A)+(B) the referee's identity   s - |lambda| = Lambda'''/(2 Lambda''^2),
        and its small-tilt reduction  (s-|lambda|)/s  =  S_4/S_2^2
============================================================================================================
       profile     k   rho           s    |lambda|     s-|lam|  L3/(2L2^2)    ratio |  (s-|l|)/s    S4/S2^2    ratio
     odds  a=1   120  0.44  1.5098e-03  1.4871e-03  2.2731e-05  2.2831e-05  0.99562 |  1.506e-02  1.500e-02  1.00371
     odds  a=1   120  0.40  2.5464e-03  2.5075e-03  3.8900e-05  3.9076e-05  0.99550 |  1.528e-02  1.500e-02  1.01848
     odds  a=1   120  0.30  5.4069e-03  5.3179e-03  8.9035e-05  8.9493e-05  0.99489 |  1.647e-02  1.500e-02  1.09782
     odds  a=1   120  0.20  9.1556e-03  8.9792e-03  1.7641e-04  1.7754e-04  0.99362 |  1.927e-02  1.500e-02  1.28456
     odds  a=1   180  0.44  1.0066e-03  9.9644e-04  1.0118e-05  1.0147e-05  0.99709 |  1.005e-02  1.000e-02  1.00519
     odds  a=1   180  0.40  1.6976e-03  1.6802e-03  1.7315e-05  1.7367e-05  0.99701 |  1.020e-02  1.000e-02  1.02002
     odds  a=1   180  0.30  3.6046e-03  3.5649e-03  3.9640e-05  3.9775e-05  0.99660 |  1.100e-02  1.000e-02  1.09971
     odds  a=1   180  0.20  6.1037e-03  6.0251e-03  7.8573e-05  7.8907e-05  0.99577 |  1.287e-02  1.000e-02  1.28732

        primes   120  0.44  5.5184e-04  5.4266e-04  9.1801e-06  9.2212e-06  0.99554 |  1.664e-02  1.658e-02  1.00361
        primes   120  0.40  9.3081e-04  9.1509e-04  1.5712e-05  1.5784e-05  0.99542 |  1.688e-02  1.658e-02  1.01834
        primes   120  0.30  1.9808e-03  1.9448e-03  3.6030e-05  3.6217e-05  0.99486 |  1.819e-02  1.658e-02  1.09738
        primes   120  0.20  3.3705e-03  3.2988e-03  7.1660e-05  7.2118e-05  0.99366 |  2.126e-02  1.658e-02  1.28267
        primes   180  0.44  3.4144e-04  3.3767e-04  3.7769e-06  3.7880e-06  0.99709 |  1.106e-02  1.101e-02  1.00510
        primes   180  0.40  5.7598e-04  5.6952e-04  6.4643e-06  6.4837e-06  0.99701 |  1.122e-02  1.101e-02  1.01977
        primes   180  0.30  1.2256e-03  1.2108e-03  1.4817e-05  1.4867e-05  0.99662 |  1.209e-02  1.101e-02  1.09850
        primes   180  0.20  2.0851e-03  2.0556e-03  2.9453e-05  2.9575e-05  0.99587 |  1.413e-02  1.101e-02  1.28348

         a=1.5   120  0.44  2.9220e-04  2.8664e-04  5.5585e-06  5.5819e-06  0.99580 |  1.902e-02  1.895e-02  1.00359
         a=1.5   120  0.40  4.9326e-04  4.8375e-04  9.5163e-06  9.5575e-06  0.99568 |  1.929e-02  1.895e-02  1.01781
         a=1.5   120  0.30  1.0529e-03  1.0311e-03  2.1836e-05  2.1943e-05  0.99511 |  2.074e-02  1.895e-02  1.09410
         a=1.5   120  0.20  1.8044e-03  1.7608e-03  4.3533e-05  4.3788e-05  0.99416 |  2.413e-02  1.895e-02  1.27284
         a=1.5   180  0.44  1.5943e-04  1.5741e-04  2.0277e-06  2.0334e-06  0.99720 |  1.272e-02  1.265e-02  1.00500
         a=1.5   180  0.40  2.6914e-04  2.6567e-04  3.4716e-06  3.4817e-06  0.99712 |  1.290e-02  1.265e-02  1.01928
         a=1.5   180  0.30  5.7454e-04  5.6657e-04  7.9680e-06  7.9940e-06  0.99674 |  1.387e-02  1.265e-02  1.09591
         a=1.5   180  0.20  9.8456e-04  9.6867e-04  1.5891e-05  1.5953e-05  0.99612 |  1.614e-02  1.265e-02  1.27542

   squares a=2   120  0.44  2.7755e-05  2.7113e-05  6.4193e-07  6.4459e-07  0.99587 |  2.313e-02  2.305e-02  1.00346
   squares a=2   120  0.40  4.6889e-05  4.5790e-05  1.0994e-06  1.1041e-06  0.99575 |  2.345e-02  2.305e-02  1.01729
   squares a=2   120  0.30  1.0047e-04  9.7946e-05  2.5276e-06  2.5398e-06  0.99520 |  2.516e-02  2.305e-02  1.09145
   squares a=2   120  0.20  1.7368e-04  1.6862e-04  5.0612e-06  5.0890e-06  0.99452 |  2.914e-02  2.305e-02  1.26430
   squares a=2   180  0.44  1.2370e-05  1.2178e-05  1.9127e-07  1.9180e-07  0.99726 |  1.546e-02  1.539e-02  1.00485
   squares a=2   180  0.40  2.0897e-05  2.0569e-05  3.2760e-07  3.2853e-07  0.99718 |  1.568e-02  1.539e-02  1.01874
   squares a=2   180  0.30  4.4778e-05  4.4025e-05  7.5329e-07  7.5569e-07  0.99682 |  1.682e-02  1.539e-02  1.09320
   squares a=2   180  0.20  7.7405e-05  7.5896e-05  1.5087e-06  1.5142e-06  0.99639 |  1.949e-02  1.539e-02  1.26662

  worst |ratio - 1| in (A): 6.376e-03      worst in (B): 2.873e-01
  (A) is the identity itself; (B) drops the small-tilt Taylor step, so it is only
  expected to hold to leading order in the tilt.

============================================================================================================
(C) k S_4/S_2^2  vs the closed form  (2al+1)^2/(4al+1)   [this is c'_A]
============================================================================================================
       profile    al         k=60       k=120       k=180       k=240   closed form
     odds  a=1   1.0      1.79983     1.79996     1.79998     1.79999       1.80000
        primes  None      1.99079     1.98907     1.98100     1.97849
         a=1.5   1.5      2.26087     2.27458     2.27786     2.28002       2.28571
   squares a=2   2.0      2.75329     2.76586     2.76991     2.77190       2.77778

============================================================================================================
(D) THE OPEN HALF.  Is the Table-1 residual constant c_A equal to c'_A = k S_4/S_2^2?
    c_A := k * R(x) / 100 with R in paper 3's signal-fraction language.
============================================================================================================
       profile     k   c_A(x=0.06)  c_A(x=0.10)  c_A(x=0.20)  c_A(x=0.30)      c'_A        c_A/c*_A
     odds  a=1   120        1.94235       1.95936       2.05197       2.27834   1.79996          1.0791
     odds  a=1   180        1.87228       1.88729       1.96856       2.16390   1.79998          1.0402
        primes   120        2.09465       2.10450       2.19121       2.31153   1.98907          1.0531
        primes   180        2.03027       2.04588       2.12998       2.33195   1.98100          1.0249
         a=1.5   120        2.35338       2.37132       2.46852       2.70288   2.27458          1.0346
         a=1.5   180        2.32219       2.33928       2.43175       2.65323   2.27786          1.0195
   squares a=2   120        3.06317       0.40003       1.69930       2.96116   2.76586          1.1075
   squares a=2   180        2.83799       2.85007       2.95421       3.21598   2.76991          1.0246

  READ THIS COLUMN AGAINST THE PAPER, NOT AGAINST 1 (F18).  paper 3 rem:onek tabulates
  c_A/c'_A with c'_A = k(s/|lambda| - 1), NOT with k S_4/S_2^2; the two differ by the
  small-tilt Taylor step.  rem:onek's own table gives c_A/(k S_4/S_2^2) = 1.8674/1.8000
  = 1.037 for the odd numbers at k=220, and the column above gives 1.040 at k=180.
  So this measurement REPRODUCES the paper rather than contradicting it.

  The new content is the trend.  Deviation from 1, k=120 -> 180:
           profile     k=120     k=180    ratio   implied exponent
         odds  a=1    0.0791    0.0402    1.970               1.67
            primes    0.0531    0.0249    2.134               1.87
             a=1.5    0.0346    0.0195    1.780               1.42
       squares a=2    0.1075    0.0246    4.373               3.64
  The gap closes like k^{-1.4..-1.9}, i.e. FASTER than the 1/k law it sits on top of.
  That is evidence for c_A = c'_A(1+o(1)) -- the status paper 3 already assigns -- and
  it is NOT a proof: the referee's proposed mechanism (expand c_d alongside the LCLT
  error and watch it collapse into S_4/S_2^2) is a conjecture about a computation.
  F45 stands: substituting s for lambda directly makes the residual three times worse.

  CONTAMINATED ROW, NOT USED (F32): squares k=120 at x=0.10 reads 0.40003, an order
  below its neighbours, because (dev - dev_0) crosses zero inside that target range.
