================================================================================================
rung0_r211 -- does the phase picture postdict the sqrt(s log k / 2k) scale?
model: Re G_k ~ H + T sin(k theta),  T = w_{k-1} rho^k /(2t),  H = sum_j w_j
       first zero possible when T = H + 1/2.  No fitted parameter.
================================================================================================

--- INSTRUMENT: constant weights, zero set proved exactly (Thm 2(e)) ---
  k=  64 proved=0.024563424884733627053 measured=0.024563424884733627053 rel=1.008e-39
  k= 256 proved=0.0061362311897831376154 measured=0.0061362311897831376154 rel=1.008e-39
  cases: 2 -> PASS

--- RUNG 0: model against measurement, no fitted parameter ---
      s     k     t_1 measured          t_model      ratio    lam_eff  lam_model      s-1/2
      1    64     0.1861996815     0.2038041813    1.09455    1.06707    1.27838        0.5
      1   128     0.1409993893     0.1486335481    1.05414    1.04894     1.1656        0.5
      1   256     0.1067672125     0.1086885652      1.018    1.05252    1.09074        0.5
      1   512    0.07234505271    0.07948719107    1.09872   0.859112    1.03711        0.5
      1  1024    0.05434286731    0.05806609509    1.06851   0.872549   0.996207        0.5

    1.5    64     0.2421927063     0.2382798109   0.983844    1.80532    1.74746        1.0
    1.5   128     0.1699120965     0.1737751003    1.02274    1.52323    1.59328        1.0
    1.5   256     0.1326150938     0.1273424361   0.960241    1.62383    1.49727        1.0
    1.5   512    0.09151521563    0.09343304848    1.02096    1.37473    1.43296        1.0
    1.5  1024    0.06975829114    0.06851487814   0.982175    1.43779    1.38699        1.0

      2    64     0.3023427032     0.2753697384   0.910787     2.8134    2.33381        1.5
      2   128     0.1989189155     0.2005800679    1.00835     2.0877    2.12272        1.5
      2   256     0.1472309802     0.1471208976   0.999252    2.00149     1.9985        1.5
      2   512     0.1097902779     0.1081616545   0.985166    1.97861    1.92034        1.5
      2  1024    0.07947666748    0.07951240734    1.00045    1.86631    1.86799        1.5

      3    64     0.3741584158     0.3480931796   0.930336    4.30868    3.72927        2.5
      3   128     0.2553040721     0.2511524651   0.983739      3.439    3.32806        2.5
      3   256     0.1871765026      0.183444236    0.98006    3.23487    3.10715        2.5
      3   512     0.1359361925      0.134695912   0.990876    3.03321    2.97811        2.5
      3  1024       0.10127887    0.09904678199   0.977961    3.03069    2.89858        2.5

      4    64     0.4555441314     0.4172734376   0.915989    6.38696    5.35889        3.5
      4   128     0.3174604817     0.2970471276   0.935698    5.31736    4.65551        3.5
      4   256     0.2165900295     0.2154377605    0.99468    4.33143    4.28547        3.5
      4   512     0.1621044679     0.1576324217   0.972413    4.31342    4.07871        3.5
      4  1024     0.1173883585     0.1157327383   0.985896     4.0715    3.95746        3.5

  population: 25   worst |model/measured - 1| = 0.098723   -> PASS

--- D1: the consequence, registered before the run ---
      s        k  lam_eff - s  lam_mod - s  target -0.5
      1       64     0.067066      0.27838         -0.5
      1      128     0.048941       0.1656         -0.5
      1      256      0.05252     0.090742         -0.5
      1      512     -0.14089     0.037113         -0.5
      1     1024     -0.12745   -0.0037927         -0.5
    1.5       64      0.30532      0.24746         -0.5
    1.5      128     0.023229     0.093278         -0.5
    1.5      256      0.12383   -0.0027276         -0.5
    1.5      512     -0.12527    -0.067043         -0.5
    1.5     1024    -0.062208     -0.11301         -0.5
      2       64       0.8134      0.33381         -0.5
      2      128     0.087703      0.12272         -0.5
      2      256    0.0014877   -0.0015042         -0.5
      2      512    -0.021392    -0.079658         -0.5
      2     1024     -0.13369     -0.13201         -0.5
      3       64       1.3087      0.72927         -0.5
      3      128        0.439      0.32806         -0.5
      3      256      0.23487      0.10715         -0.5
      3      512     0.033208    -0.021889         -0.5
      3     1024     0.030695     -0.10142         -0.5
      4       64        2.387       1.3589         -0.5
      4      128       1.3174      0.65551         -0.5
      4      256      0.33143      0.28547         -0.5
      4      512      0.31342     0.078712         -0.5
      4     1024     0.071501    -0.042536         -0.5

  The model's own lambda sits well ABOVE s - 1/2 at these k, because the
  approach is  lambda - s = -1/2 + (log log k)/(2 log k) + O(1/log k),  and
  at k = 1024 the correction term alone is 0.13966.

================================================================================================
  [instrument] PASS
  [rung 0 (15% band)] PASS

RUNG 0: PASSED.  The phase picture reproduces the measured first zero with no
  fitted parameter, so it has earned the instrument.  AND -- per D1, registered
  in advance -- its asymptote is s - 1/2 with a 1/log k approach, which means
  r206's refutation of 'shape B' tested a limit this model says is approached
  far too slowly to be seen at k <= 2048.  That refutation must be re-stated.

done.
