================================================================================================================
ITEM 1  exact point test of the saddle identity:  s - |lambda|  vs  K'''/(2 K''^2)
        the + sign is derived (see docstring), not fitted
================================================================================================================
     ens     k     x     s-|lambda|     K3/(2K2^2)      ratio    rel.err
    odds   100  0.10   5.596539e-05   5.626944e-05   0.994597   5.40e-03
    odds   100  0.30   2.536985e-04   2.556609e-04   0.992324   7.68e-03
    odds   140  0.10   2.859844e-05   2.870898e-05   0.996150   3.85e-03
    odds   140  0.30   1.297271e-04   1.304382e-04   0.994548   5.45e-03
    odds   180  0.10   1.731524e-05   1.736718e-05   0.997009   2.99e-03
    odds   180  0.30   7.857324e-05   7.890684e-05   0.995772   4.23e-03
    odds   220  0.10   1.159754e-05   1.162597e-05   0.997555   2.45e-03
    odds   220  0.30   5.263949e-05   5.282185e-05   0.996548   3.45e-03

 squares   100  0.10   1.893248e-06   1.903083e-06   0.994832   5.17e-03
 squares   100  0.30   8.711716e-06   8.771794e-06   0.993151   6.85e-03
 squares   140  0.10   6.940319e-07   6.965618e-07   0.996368   3.63e-03
 squares   140  0.30   3.195508e-06   3.210515e-06   0.995325   4.67e-03
 squares   170  0.10   3.886214e-07   3.897863e-07   0.997011   2.99e-03
 squares   170  0.30   1.789655e-06   1.796537e-06   0.996169   3.83e-03

  primes   100  0.10   2.339735e-05   2.362011e-05   0.990569   9.43e-03
  primes   100  0.30   1.065114e-04   1.078905e-04   0.987217   1.28e-02
  primes   140  0.10   1.114652e-05   1.125107e-05   0.990708   9.29e-03
  primes   140  0.30   5.100943e-05   5.133923e-05   0.993576   6.42e-03
  primes   180  0.10   6.464304e-06   6.483669e-06   0.997013   2.99e-03
  primes   180  0.30   2.945274e-05   2.957500e-05   0.995866   4.13e-03
  primes   220  0.10   4.155164e-06   4.178865e-06   0.994328   5.67e-03
  primes   220  0.30   1.898272e-05   1.905927e-05   0.995983   4.02e-03

    sqrt   100  0.10   1.196438e-05   1.221574e-05   0.979424   2.06e-02
    sqrt   100  0.30   5.430199e-05   5.488816e-05   0.989321   1.07e-02
    sqrt   140  0.10   6.224906e-06   6.250725e-06   0.995870   4.13e-03
    sqrt   140  0.30   2.791802e-05   2.808933e-05   0.993901   6.10e-03
    sqrt   180  0.10   3.743457e-06   3.787123e-06   0.988470   1.15e-02
    sqrt   180  0.30   1.691384e-05   1.701979e-05   0.993775   6.22e-03
    sqrt   220  0.10   2.518191e-06   2.537840e-06   0.992258   7.74e-03
    sqrt   220  0.30   1.133372e-05   1.140575e-05   0.993685   6.31e-03

================================================================================================================
ITEM 2  k*S4/S2^2 (no measurement)  vs  k(s/|lambda|-1)  vs  c_A = k*R
        asymptotic prediction (2a+1)^2/(4a+1):  odds/primes 1.8, squares 2.778, sqrt 1.333
================================================================================================================
     ens     k   |A|   k*S4/S2^2   k(s/lam-1)   c_A = k*R     pred   (H) series
    odds   100   100      1.7999       1.8657      2.0147   1.8000         69.5
    odds   140   140      1.8000       1.8588      1.9254   1.8000         69.5
    odds   180   180      1.8000       1.8549      1.8873   1.8000         69.5
    odds   220   220      1.8000       1.8525      1.8674   1.8000         69.5

 squares   100   100      2.7634       2.8898     57.1276   2.7778         6473
 squares   140   140      2.7676       2.8750      2.8212   2.7778         6473
 squares   170   170      2.7694       2.8685      2.8611   2.7778         6473

  primes   100   100      1.9933       2.0612      2.5562   1.8000        305.1
  primes   140   140      1.9847       2.0404      2.0705   1.8000        305.1
  primes   180   180      1.9810       2.0431      2.0459   1.8000        305.1
  primes   220   220      1.9731       2.0251      2.0253   1.8000        305.1

    sqrt   100   100      1.3259       1.3484      1.8913   1.3333    1.971e+05
    sqrt   140   140      1.3279       1.3681      1.7588   1.3333    3.244e+05
    sqrt   180   180      1.3291       1.3562      1.6675   1.3333     4.75e+05
    sqrt   220   220      1.3299       1.3603      1.6093   1.3333    6.398e+05

