====================================================================================================
scanres_r216b -- is the s=1 non-monotonicity in the object, or in our 1500-point scan?
PASS A: 200000-point float64 locator.   PASS B: mpmath at 30 digits, confirms and places.
====================================================================================================

--- INSTRUMENT: constant weights, zero set proved exactly (Thm 2(e), r205) ---
  k=  64 proved=0.024563424884733627053
         PASS A rel=1.431e-16   PASS B rel=1.255e-31
  k= 256 proved=0.0061362311897831376154
         PASS A rel=1.124e-16   PASS B rel=1.507e-30
  cases: 2 -> PASS

--- Q1/Q3: does a 200000-point scan find a zero the 1500-point scan stepped over? ---
      s      k    t_1 published        t_1 dense   rel change      dt(old)     dip/dt
      1     64     0.1861996815     0.1861996815          0.0    0.0003605      50.17
      1    128     0.1409993893     0.1409993893          0.0    0.0002753      34.37
      1    256     0.1067672125     0.1067672125          0.0    0.0002081      24.16
      1    512    0.07234505271    0.07234505271          0.0    0.0001561      5.092
      1   1024    0.05434286731    0.05434286731          0.0    0.0001164       6.45

    1.5     64     0.2421927063     0.2421927063          0.0    0.0004415      54.09
    1.5    128     0.1699120965     0.1699120965          0.0    0.0003372      19.85
    1.5    256     0.1326150938     0.1326150938          0.0    0.0002549      21.19
    1.5    512    0.09151521563    0.09151521563          0.0    0.0001912      1.882
    1.5   1024    0.06975829114    0.06975829114          0.0    0.0001425       7.56

      2     64     0.3023427032     0.3023427032          0.0    0.0005098      62.59
      2    128     0.1989189155     0.1989189155          0.0    0.0003894      13.74
      2    256     0.1472309802     0.1472309802          0.0    0.0002944      11.04
      2    512     0.1097902779     0.1097902779          0.0    0.0002208       9.36
      2   1024    0.07947666748    0.07947666748          0.0    0.0001645      3.202

      3     64     0.3741584158     0.3741584158          0.0    0.0006244      58.69
      3    128     0.2553040721     0.2553040721          0.0    0.0004769      23.35
      3    256     0.1871765026     0.1871765026          0.0    0.0003605      14.59
      3    512     0.1359361925     0.1359361925          0.0    0.0002704      7.335
      3   1024       0.10127887       0.10127887          0.0    0.0002015      6.187

      4     64     0.4555441314     0.4555441314          0.0     0.000721      62.94
      4    128     0.3174604817     0.3174604817          0.0    0.0005507      30.54
      4    256     0.2165900295     0.2165900295          0.0    0.0004163       10.2
      4    512     0.1621044679     0.1621044679          0.0    0.0003122       9.54
      4   1024     0.1173883585     0.1173883585          0.0    0.0002327      5.242

  population: 25 pairs;  entries that moved: 0
  -> the 1500-point scan was adequate; the resolution is now stated

--- Q2: the consequence for the s=1 column (registered in advance) ---
      s      k lam_eff published    lam_eff dense
      1     64        0.0670656        0.0670656
      1    128        0.0489407        0.0489407
      1    256        0.0525199        0.0525199
      1    512        -0.140888        -0.140888
      1   1024        -0.127451        -0.127451
        monotone in k after correction: no

    1.5     64         0.305325         0.305325
    1.5    128        0.0232285        0.0232285
    1.5    256         0.123829         0.123829
    1.5    512        -0.125266        -0.125266
    1.5   1024       -0.0622077       -0.0622077
        monotone in k after correction: no

      2     64         0.813405         0.813405
      2    128        0.0877026        0.0877026
      2    256       0.00148767       0.00148767
      2    512        -0.021392        -0.021392
      2   1024         -0.13369         -0.13369
        monotone in k after correction: YES

      3     64          1.30868          1.30868
      3    128         0.438998         0.438998
      3    256         0.234873         0.234873
      3    512         0.033208         0.033208
      3   1024        0.0306947        0.0306947
        monotone in k after correction: YES

      4     64          2.38696          2.38696
      4    128          1.31736          1.31736
      4    256         0.331431         0.331431
      4    512         0.313422         0.313422
      4   1024         0.071501         0.071501
        monotone in k after correction: YES


====================================================================================================
  [instrument (both passes vs proved zero set)] PASS
  [Q1 published scan adequate] PASS


interpretation belongs in the report, not here.
done.
