====================================================================================================
(a) 比較補題 (2φ+2)^{2^ω} ≤ 3^φ  の例外(奇・平方因子なし 3 ≤ q ≤ 30000 の全数)
    ※ 整数どうしの厳密比較。浮動小数を一切使わない。
====================================================================================================
    例外: [3, 5, 15]
    ⇒ fable-5 の主張どおり {3,5,15} の3個だけ

====================================================================================================
(b) 小さい q の厳密整数比較(左辺 ≤ 右辺 なら補題が使える)
====================================================================================================
     q   ω   φ    (2φ+2)^{2^ω}                 3^φ                       判定
       3   1    2                           36                           9   ★例外
       5   1    4                          100                          81   ★例外
       7   1    6                          196                         729   OK
       9   (平方因子ありまたは偶数のためスキップ)
      11   1   10                          484                       59049   OK
      15   2    8                       104976                        6561   ★例外
      21   2   12                       456976                      531441   OK
      33   2   20                      3111696                  3486784401   OK
      35   2   24                      6250000                282429536481   OK
     105   3   48             8507630225817856     79766443076872509863361   OK
    1155   4  480                       ~10^47                     ~10^229   OK
   15015   5 5760                      ~10^129                    ~10^2748   OK

    ※ q=21: 26^4 = 456976  ≤  3^12 = 531441   —— 厳密整数で成立(margin あり)
       26^4 = 456976, 3^12 = 531441, 差 = 74465

====================================================================================================
(c) 各 ω の最小 φ(奇プリモリアル)と、固定 ω 内の単調性の閾値 φ+1 > 2^ω/log3
====================================================================================================
     ω   最小の q(奇プリモリアル)      最小 φ     閾値 2^ω/log3   単調性OK?   補題成立?
     1                        3           2           1.82        YES      ★例外
     2                       15           8           3.64        YES      ★例外
     3                      105          48           7.28        YES      OK
     4                     1155         480          14.56        YES      OK
     5                    15015        5760          29.13        YES      OK
     6                   255255       92160          58.26        YES      OK
     7                  4849845     1658880         116.51        YES      OK
     8                111546435    36495360         233.02        YES      OK

  ⇒ 固定 ω 内では φ について margin が単調増(閾値を最小 φ が既に超えている)ので、
     各 ω は最小 φ だけ確認すれば十分。ω=1,2 の最小(q=3,5,15)だけが例外。
