====================================================================================================================
[作業2] 生存スペクトル: 層 d を振ると、消えていた峰が復活するか
        B_d = {a in A : a > 2d}(A は先頭 k 個の奇素数)
====================================================================================================================

### k = 24   (A = 先頭 24 個の奇素数、3 から始まる)
  d   |B_d|  落ちた素数          q=4    q=5    q=6    q=7    q=8    q=9    q=10   q=11   q=12   q=13   q=14   q=15   q=16   q=17   q=18   q=19   q=20   q=21   q=22   q=23   q=24 
  1     24  []                2.4e-4  2.8e-8   ----   6.6e-8  1.6e-6  1.4e-7   ----   4.7e-8  4.4e-8  5.6e-9   ----   4.2e-9  4.0e-7  3.4e-7  2.3e-6  2.0e-7  2.4e-7  2.5e-8   ----   5.1e-7  5.6e-8
  2     23  [3]               3.5e-4  9.1e-8  3.7e-2  3.0e-7  4.1e-6  2.8e-7   ----   7.2e-8  6.2e-8  7.5e-9   ----   5.2e-9  4.9e-7  4.0e-7  2.6e-6  2.3e-7  2.7e-7  2.8e-8   ----   5.6e-7  6.0e-8
  3     22  [3, 5]            4.9e-4  9.1e-8  4.2e-2  4.8e-7  1.1e-5  1.6e-6  1.0e-3  5.1e-7  2.4e-7  2.1e-8   ----   1.0e-8  8.8e-7  6.7e-7  4.1e-6  3.4e-7  3.9e-7  3.8e-8   ----   7.2e-7  7.6e-8
  4     21  [3, 5, 7]         6.9e-4  2.9e-7  4.9e-2  4.8e-7  1.2e-5  2.1e-6  1.8e-3  1.2e-6  9.2e-7  1.8e-7  4.3e-4  1.0e-7  4.5e-6  2.4e-6  1.2e-5  8.5e-7  8.5e-7  7.6e-8   ----   1.2e-6  1.2e-7
  5     21  [3, 5, 7]         6.9e-4  2.9e-7  4.9e-2  4.8e-7  1.2e-5  2.1e-6  1.8e-3  1.2e-6  9.2e-7  1.8e-7  4.3e-4  1.0e-7  4.5e-6  2.4e-6  1.2e-5  8.5e-7  8.5e-7  7.6e-8   ----   1.2e-6  1.2e-7

  '----' は厳密にゼロ(その q の峰が消灯)

### k = 32   (A = 先頭 32 個の奇素数、3 から始まる)
  d   |B_d|  落ちた素数          q=4    q=5    q=6    q=7    q=8    q=9    q=10   q=11   q=12   q=13   q=14   q=15   q=16   q=17   q=18   q=19   q=20   q=21   q=22   q=23   q=24 
  1     32  []                1.5e-5 4.2e-11   ----  1.4e-10  2.5e-8 3.6e-10   ----  1.3e-10 4.6e-11 5.4e-11   ----  1.1e-11  3.2e-9  1.3e-9  6.7e-8  3.0e-9 4.4e-10 3.1e-10   ----  1.4e-10 1.3e-11
  2     31  [3]               2.2e-5 1.4e-10  1.2e-2 6.4e-10  6.5e-8 7.1e-10   ----  2.0e-10 6.5e-11 7.2e-11   ----  1.3e-11  3.8e-9  1.6e-9  7.7e-8  3.4e-9 4.9e-10 3.5e-10   ----  1.5e-10 1.5e-11
  3     30  [3, 5]            3.1e-5 1.4e-10  1.3e-2  1.0e-9  1.7e-7  4.1e-9  6.2e-5  1.4e-9 2.5e-10 2.0e-10   ----  2.6e-11  6.8e-9  2.6e-9  1.2e-7  5.0e-9 6.9e-10 4.7e-10   ----  1.9e-10 1.8e-11
  4     29  [3, 5, 7]         4.3e-5 4.4e-10  1.5e-2  1.0e-9  1.8e-7  5.4e-9  1.1e-4  3.4e-9 9.6e-10  1.7e-9  1.6e-5 2.5e-10  3.5e-8  9.5e-9  3.5e-7  1.3e-8  1.5e-9 9.4e-10   ----  3.4e-10 3.0e-11
  5     29  [3, 5, 7]         4.3e-5 4.4e-10  1.5e-2  1.0e-9  1.8e-7  5.4e-9  1.1e-4  3.4e-9 9.6e-10  1.7e-9  1.6e-5 2.5e-10  3.5e-8  9.5e-9  3.5e-7  1.3e-8  1.5e-9 9.4e-10   ----  3.4e-10 3.0e-11

  '----' は厳密にゼロ(その q の峰が消灯)

====================================================================================================================
[判定(a)] q = 2m (m 奇素数) の峰は、m が B_d から落ちたときに限り復活するか
====================================================================================================================
  k    d   q    m=q/2   m は B_d に居るか   |G|/2^b        判定
  24   1    6      3      居る            0.0000e+00   OK    
  24   1   10      5      居る            0.0000e+00   OK    
  24   1   14      7      居る            0.0000e+00   OK    
  24   1   22     11      居る            0.0000e+00   OK    
  24   1   26     13      居る            0.0000e+00   OK    
  24   2    6      3      落ちた           3.6577e-02   OK    
  24   2   10      5      居る            0.0000e+00   OK    
  24   2   14      7      居る            0.0000e+00   OK    
  24   2   22     11      居る            0.0000e+00   OK    
  24   2   26     13      居る            0.0000e+00   OK    
  24   3    6      3      落ちた           4.2235e-02   OK    
  24   3   10      5      落ちた           1.0296e-03   OK    
  24   3   14      7      居る            0.0000e+00   OK    
  24   3   22     11      居る            0.0000e+00   OK    
  24   3   26     13      居る            0.0000e+00   OK    
  24   4    6      3      落ちた           4.8769e-02   OK    
  24   4   10      5      落ちた           1.7517e-03   OK    
  24   4   14      7      落ちた           4.3273e-04   OK    
  24   4   22     11      居る            0.0000e+00   OK    
  24   4   26     13      居る            0.0000e+00   OK    
  24   5    6      3      落ちた           4.8769e-02   OK    
  24   5   10      5      落ちた           1.7517e-03   OK    
  24   5   14      7      落ちた           4.3273e-04   OK    
  24   5   22     11      居る            0.0000e+00   OK    
  24   5   26     13      居る            0.0000e+00   OK    
  32   1    6      3      居る            0.0000e+00   OK    
  32   1   10      5      居る            0.0000e+00   OK    
  32   1   14      7      居る            0.0000e+00   OK    
  32   1   22     11      居る            0.0000e+00   OK    
  32   1   26     13      居る            0.0000e+00   OK    
  32   2    6      3      落ちた           1.1573e-02   OK    
  32   2   10      5      居る            0.0000e+00   OK    
  32   2   14      7      居る            0.0000e+00   OK    
  32   2   22     11      居る            0.0000e+00   OK    
  32   2   26     13      居る            0.0000e+00   OK    
  32   3    6      3      落ちた           1.3363e-02   OK    
  32   3   10      5      落ちた           6.2144e-05   OK    
  32   3   14      7      居る            0.0000e+00   OK    
  32   3   22     11      居る            0.0000e+00   OK    
  32   3   26     13      居る            0.0000e+00   OK    
  32   4    6      3      落ちた           1.5431e-02   OK    
  32   4   10      5      落ちた           1.0573e-04   OK    
  32   4   14      7      落ちた           1.6055e-05   OK    
  32   4   22     11      居る            0.0000e+00   OK    
  32   4   26     13      居る            0.0000e+00   OK    
  32   5    6      3      落ちた           1.5431e-02   OK    
  32   5   10      5      落ちた           1.0573e-04   OK    
  32   5   14      7      落ちた           1.6055e-05   OK    
  32   5   22     11      居る            0.0000e+00   OK    
  32   5   26     13      居る            0.0000e+00   OK    

====================================================================================================================
[判定(b)] 生存している峰の値は M(q)^b の何倍か(理論の等分布近似の精度)
====================================================================================================================
### k = 24
  d   b       q=4     q=6     q=8     q=10    q=12    q=14    q=16    q=18    q=20 
  2   23       1.000   1.000   0.644    ----   0.518    ----   0.556   0.324   2.288
  3   22       1.000   1.000   1.000   0.618   1.000    ----   0.546   0.303   1.618
  4   21       1.000   1.000   0.644   0.786   1.932   1.000   1.525   0.532   1.782
  5   21       1.000   1.000   0.644   0.786   1.932   1.000   1.525   0.532   1.782
  (1.000 なら M(q)^b ちょうど。q=4 と q=6 は理論上ちょうど 1 になるはず)
### k = 32
  d   b       q=4     q=6     q=8     q=10    q=12    q=14    q=16    q=18    q=20 
  2   31       1.000   1.000   0.644    ----   0.139    ----   0.556   0.570   1.052
  3   30       1.000   1.000   1.000   0.382   0.268    ----   0.546   0.532   0.744
  4   29       1.000   1.000   0.644   0.486   0.518   0.709   1.525   0.934   0.819
  5   29       1.000   1.000   0.644   0.486   0.518   0.709   1.525   0.934   0.819
  (1.000 なら M(q)^b ちょうど。q=4 と q=6 は理論上ちょうど 1 になるはず)

====================================================================================================================
[判定(c)] 主峰は常に q=6 か(生存している中で最大の M(q))
====================================================================================================================
  k    d   b    生存している q(値の大きい順に上位4つ)
  24   2   23    q=6(3.66e-02), q=4(3.45e-04), q=8(4.13e-06), q=18(2.61e-06)
  24   3   22    q=6(4.22e-02), q=10(1.03e-03), q=4(4.88e-04), q=8(1.08e-05)
  24   4   21    q=6(4.88e-02), q=10(1.75e-03), q=4(6.91e-04), q=14(4.33e-04)
  24   5   21    q=6(4.88e-02), q=10(1.75e-03), q=4(6.91e-04), q=14(4.33e-04)
  32   2   31    q=6(1.16e-02), q=4(2.16e-05), q=18(7.74e-08), q=8(6.45e-08)
  32   3   30    q=6(1.34e-02), q=10(6.21e-05), q=4(3.05e-05), q=8(1.69e-07)
  32   4   29    q=6(1.54e-02), q=10(1.06e-04), q=4(4.32e-05), q=14(1.61e-05)
  32   5   29    q=6(1.54e-02), q=10(1.06e-04), q=4(4.32e-05), q=14(1.61e-05)
