====================================================================================================
(1) Dirichlet 核 |D_M(v)| ≤ 1/(4‖v‖) + 1/2 —— 一様に成り立つか
====================================================================================================
   max |D_M|/K = 0.999998   ≤ 1 ✓ 成立
   最悪点: v=-0.50000, M=137, D=-1.0000, K=1.0000

====================================================================================================
(2) 裾 |Σ_{n>N0} cos(2πnv)/n| ≤ (1/(2‖v‖)+1)/N0  —— Abel 評価の妥当性
====================================================================================================
   max |tail|/bound = 0.308536   ≤ 1 ✓ 成立
   最悪点: N0=200, v=-0.01129, tail=-0.06985, bound=0.22640

====================================================================================================
(3) 符号の整合  log|2cos πu| =? −Σ_{n≥1} cos(2πnv)/n  (v=u−1/2)
====================================================================================================
   u=0.10:  lhs=+0.642965   rhs=+0.642964   差=+1.25e-06
   u=0.23:  lhs=+0.405613   rhs=+0.405612   差=+1.25e-06
   u=0.37:  lhs=-0.230299   rhs=-0.230301   差=+1.25e-06
   u=0.44:  lhs=-0.981462   rhs=-0.981464   差=+1.25e-06

====================================================================================================
(4) 指数収支表 (A=11, A'=12, δ₀=1/log b, N₀=(log N)^{A'}, b≍N/log N)
====================================================================================================
     N        b≈N/logN     S2b/b            |B_bad|/b      S4c/b(loglogN·|Bbad|/b)   合計/b
   1e  6  7.238e+04   5.1134e-02      4.2258e-01      1.3738e+01            1.4082e+01
   1e 12  3.619e+10   2.2851e-02      1.9362e-01      7.9051e+00            8.0621e+00
   1e 24  1.810e+22   9.7663e-03      9.0484e-02      4.4468e+00            4.5193e+00
   1e 60  7.238e+57   3.0350e-03      3.3888e-02      2.0381e+00            2.0646e+00
   1e200  2.171e+197   6.2052e-04      9.5932e-03      7.1554e-01            7.2281e-01

  ⇒ 支配項は S4c = (log N₀)·|B_bad| ≍ 4A′·b·loglogN/logN。指数和ではなく【悪い点の head】が律速。
  ⇒ 合計 = O(b·loglog N/log N) = o(b)。よって log|G_B| ≤ −b log2 + O(b loglogN/logN)。

  (参考) δ₀ は最適化していない。bδ₀·loglogN + b/(N₀δ₀) を釣り合わせると δ₀≍(N₀loglogN)^{-1/2}:
     N=1e12: 現行 δ₀=4.1132e-02 → 誤差 6.553e+00 / 最適 δ₀=1.2334e-09 → 誤差 9.825e-08
     N=1e24: 現行 δ₀=1.9512e-02 → 誤差 3.758e+00 / 最適 δ₀=1.7529e-11 → 誤差 1.688e-09
