======================================================================================================================
[Step 4'] 深い minor arc での予算チェック(delta_0 = 1/log b, N_0 = b^{1/4})
======================================================================================================================
   k     b    delta_0   N_0   D_B      |B_bad|/b   上界 D+2d0   判定 |  -(1/b)log|G| - log2   head/b   尾の上界
    24    23   0.3189    2   0.1572     0.5652      0.7951   OK   |       +0.08025        0.2391      1.568
    32    31   0.2912    2   0.1300     0.5806      0.7124   OK   |       +0.04861        0.1448      1.717
   100    99   0.2176    3   0.0677     0.4545      0.5029   OK   |       +0.00453        0.0846      1.532
   300   299   0.1754    4   0.0394     0.3411      0.3903   OK   |       -0.03400        0.0853      1.425
  1000   999   0.1448    6   0.0146     0.2883      0.3042   OK   |       +0.00951        0.0435      1.151
  2000  1999   0.1316    7   0.0185     0.2526      0.2817   OK   |       +0.02134        0.0388      1.086

  読み方:
   ・|B_bad|/b <= D_B + 2 delta_0  が Step 4' の第1の予算(悪い点は o(b) 個)
   ・-(1/b)log|G| - log2 が 0 に向かえば、目標 |G| <= (1/2+o(1))^b の向き
   ・head/b が 0 に向かえば、指数和の頭の項が o(b)(Step 1-2 の帰結)
   ・尾の上界 C/(N_0 delta_0) が 1 を切って初めて意味を持つ

======================================================================================================================
[比較] 同じ k で、複数の深い theta を取ったときのばらつき
======================================================================================================================
   k     b   theta ごとの -(1/b)log|G| - log2
   100    99   +0.02946  -0.03216  +0.03382  -0.05453  -0.03647  +0.12342
   300   299   +0.04519  -0.01879  -0.00618  +0.01000  +0.01484  -0.01226
  1000   999   -0.00039  -0.00215  -0.01230  +0.01909  -0.00817  +0.00270
  2000  1999   -0.00202  +0.00378  +0.00047  +0.00244  +0.02393  -0.01141
