======================================================================================================================
PAPER 3, TABLE 1 -- corrected transfer function against the measurement
   Phi(lambda) = 1 + SUM 2^{1-N_d} exp(-lambda^2 s_d/8) cosh(lambda delta_d),  lambda = measured local log-slope
======================================================================================================================

  ### odds  a_i = 2i-1   (k=220,  Gamma = 3.000000,  measured dev(0) = -5.682e-06)
     x     lambda      measured      Phi(lambda)    residual    | signal      resid/signal | centred signal  resid/signal
   0.06 -8.168e-04      3.000023      3.000041   -1.738e-05 | +2.331e-05      74.58% |   +4.036e-05      0.84%
   0.08 -1.095e-03      3.000055      3.000073   -1.766e-05 | +5.543e-05      31.85% |   +7.248e-05      0.85%
   0.10 -1.377e-03      3.000098      3.000116   -1.802e-05 | +9.772e-05      18.44% |   +1.148e-04      0.85%
   0.15 -2.116e-03      3.000254      3.000273   -1.938e-05 | +2.538e-04       7.64% |   +2.708e-04      0.86%
   0.20 -2.923e-03      3.000500      3.000521   -2.162e-05 | +4.998e-04       4.32% |   +5.169e-04      0.88%
   0.25 -3.841e-03      3.000876      3.000901   -2.524e-05 | +8.758e-04       2.88% |   +8.928e-04      0.92%
   0.30 -4.941e-03      3.001461      3.001493   -3.138e-05 | +1.461e-03       2.15% |   +1.478e-03      0.97%

  ### squares ~ i^2   (k=170,  Gamma = 6.333333,  measured dev(0) = -1.251e-07)
     x     lambda      measured      Phi(lambda)    residual    | signal      resid/signal | centred signal  resid/signal
   0.06 -1.364e-05      6.333334      6.333334   -8.098e-07 | +2.691e-07     300.93% |   +1.061e-06      1.66%
   0.08 -1.829e-05      6.333334      6.333335   -8.240e-07 | +1.116e-06      73.82% |   +1.909e-06      1.67%
   0.10 -2.303e-05      6.333336      6.333336   -8.431e-07 | +2.235e-06      37.73% |   +3.027e-06      1.68%
   0.15 -3.550e-05      6.333340      6.333341   -9.144e-07 | +6.397e-06      14.29% |   +7.189e-06      1.70%
   0.20 -4.929e-05      6.333346      6.333347   -1.034e-06 | +1.306e-05       7.91% |   +1.386e-05      1.74%
   0.25 -6.528e-05      6.333357      6.333358   -1.230e-06 | +2.349e-05       5.23% |   +2.429e-05      1.80%
   0.30 -8.496e-05      6.333374      6.333375   -1.571e-06 | +4.032e-05       3.90% |   +4.111e-05      1.89%

  ### primes   (k=220,  Gamma = 5.349288,  measured dev(0) = -1.609e-06)
     x     lambda      measured      Phi(lambda)    residual    | signal      resid/signal | centred signal  resid/signal
   0.06 -2.676e-04      5.349298      5.349307   -8.782e-06 | +1.054e-05      83.34% |   +1.914e-05      0.91%
   0.08 -3.587e-04      5.349314      5.349323   -8.922e-06 | +2.579e-05      34.60% |   +3.440e-05      0.92%
   0.10 -4.514e-04      5.349334      5.349343   -9.109e-06 | +4.587e-05      19.86% |   +5.448e-05      0.92%
   0.15 -6.939e-04      5.349408      5.349418   -9.811e-06 | +1.201e-04       8.17% |   +1.287e-04      0.94%
   0.20 -9.597e-04      5.349526      5.349537   -1.097e-05 | +2.376e-04       4.61% |   +2.462e-04      0.96%
   0.25 -1.263e-03      5.349706      5.349719   -1.284e-05 | +4.180e-04       3.07% |   +4.266e-04      0.99%
   0.30 -1.630e-03      5.349989      5.350005   -1.604e-05 | +7.010e-04       2.29% |   +7.096e-04      1.05%

======================================================================================================================
SUMMARY for the paper: residual as a fraction of the CENTRED signal (the quantity the theorem is about)
======================================================================================================================
  ensemble             x=0.06   x=0.08   x=0.10   x=0.15   x=0.20   x=0.25   x=0.30 
  odds  a_i = 2i-1       0.84%    0.85%    0.85%    0.86%    0.88%    0.92%    0.97%
  squares ~ i^2          1.66%    1.67%    1.68%    1.70%    1.74%    1.80%    1.89%
  primes                 0.91%    0.92%    0.92%    0.94%    0.96%    0.99%    1.05%

  lambda = 0 identity for the corrected Phi: the weight exp(-lambda^2 s_d/8) is 1 at lambda = 0,
  so Phi(0) = 1 + SUM 2^{1-N_d} = Gamma(A) exactly -- unchanged, and it is paper 1's window identity.
    odds  a_i = 2i-1   Phi(0) = 3.0000000000   Gamma = 3.0000000000   diff = +0.00e+00
    squares ~ i^2      Phi(0) = 6.3333333333   Gamma = 6.3333333333   diff = -4.71e-14
    primes             Phi(0) = 5.3492879320   Gamma = 5.3492879320   diff = -2.66e-15
