====================================================================================================
(a)(b)  s  vs  the measured local log-slope, and  s*N  vs  6x
====================================================================================================
     ens     k     x  s (bisection)  |lambda_true|  s/|lambda|      s*N     6x   s*N/6x
    odds   100  0.10   3.055654e-03   2.999689e-03    1.018657   0.6081   0.60   1.0135
    odds   100  0.30   1.098682e-02   1.073312e-02    1.023637   2.1864   1.80   1.2147
    odds   140  0.10   2.182584e-03   2.153985e-03    1.013277   0.6089   0.60   1.0149
    odds   140  0.30   7.847631e-03   7.717904e-03    1.016809   2.1895   1.80   1.2164
    odds   180  0.10   1.697557e-03   1.680241e-03    1.010305   0.6094   0.60   1.0157
    odds   180  0.30   6.103683e-03   6.025109e-03    1.013041   2.1912   1.80   1.2173
    odds   220  0.10   1.388906e-03   1.377309e-03    1.008420   0.6097   0.60   1.0162
    odds   220  0.30   4.993910e-03   4.941270e-03    1.010653   2.1923   1.80   1.2180

 squares   100  0.10   6.740916e-05   6.551591e-05    1.028898   0.6742   0.60   1.1236
 squares   100  0.30   2.496892e-04   2.409775e-04    1.036152   2.4971   1.80   1.3873
 squares   140  0.10   3.448980e-05   3.379577e-05    1.020536   0.6760   0.60   1.1267
 squares   140  0.30   1.277533e-04   1.245578e-04    1.025655   2.5041   1.80   1.3912

  primes   100  0.10   1.158542e-03   1.135144e-03    1.020612   0.6337   0.60   1.0562
  primes   100  0.30   4.196460e-03   4.089949e-03    1.026042   2.2955   1.80   1.2753
  primes   140  0.10   7.759687e-04   7.648222e-04    1.014574   0.6293   0.60   1.0489
  primes   140  0.30   2.809289e-03   2.758279e-03    1.018493   2.2783   1.80   1.2657
  primes   180  0.10   5.759831e-04   5.695188e-04    1.011350   0.6261   0.60   1.0435
  primes   180  0.30   2.085084e-03   2.055632e-03    1.014328   2.2665   1.80   1.2592
  primes   220  0.10   4.555581e-04   4.514030e-04    1.009205   0.6291   0.60   1.0485
  primes   220  0.30   1.648484e-03   1.629501e-03    1.011649   2.2766   1.80   1.2648

====================================================================================================
(c)  additive repair: minor-arc decay rate  |G~| <= exp(-t_min * SUM sin^2 / 2)
====================================================================================================
     ens     k     x    t_min   min (1/b)SUM sin^2  rate/element   -(1/b)log|G~| (measured)
    odds   200  0.10   0.9126             0.001213      0.999447                   0.000575
    odds   200  0.30   0.3616             0.000017      0.999997                   0.000005
 squares   150  0.10   0.8938             0.098812      0.956801                   0.053392
 squares   150  0.30   0.2792             0.290132      0.960312                   0.092282
  primes   200  0.10   0.9081             0.000744      0.999662                   0.000351
  primes   200  0.30   0.3407             0.001435      0.999756                   0.000384

====================================================================================================
(d)  squares k-scan: Table-1 residual as a fraction of the centred signal
====================================================================================================
     ens     k   |A|    x=0.06   x=0.10   x=0.20   x=0.30
 squares    50    50   103.36%   14.15%   28.61%   56.44%   | k*R:   5168.13  707.45  1430.62  2821.81
 squares    70    70    56.04%   76.55%   66.34%    9.12%   | k*R:   3922.50  5358.55  4643.79  638.42
 squares    90    90     2.44%  979.60%    2.04%   12.34%   | k*R:   219.80  88164.22  183.24  1110.97
 squares   110   110     1.37%    1.42%    0.11%    0.89%   | k*R:   150.53  156.35   11.88   97.69
 squares   130   130     2.91%    2.18%    2.34%    2.78%   | k*R:   377.95  282.94  304.21  361.32
 squares   150   150     1.90%    1.81%    1.97%    2.13%   | k*R:   284.83  271.94  295.24  320.07
 squares   170   170     1.66%    1.68%    1.74%    1.89%   | k*R:   282.83  286.11  296.11  322.07
 squares   190   190     1.49%    1.50%    1.55%    1.69%   | k*R:   282.21  284.30  295.23  321.46

    odds    60    60     3.82%    3.87%    4.14%    4.86%   | k*R:   229.35  232.24  248.47  291.76
    odds   100   100     2.00%    2.01%    2.12%    2.37%   | k*R:   199.60  201.47  211.66  236.90
    odds   140   140     1.36%    1.38%    1.44%    1.59%   | k*R:   190.93  192.54  201.25  222.38
    odds   180   180     1.04%    1.05%    1.09%    1.20%   | k*R:   187.23  188.73  196.86  216.39
    odds   220   220     0.84%    0.85%    0.88%    0.97%   | k*R:   185.29  186.74  194.58  213.32

  primes    60    60    15.10%    9.13%   10.78%   15.43%   | k*R:   905.95  547.90  646.99  925.60
  primes   100   100     2.38%    2.56%    2.37%    2.01%   | k*R:   237.74  255.62  236.85  201.44
  primes   140   140     1.47%    1.48%    1.54%    1.70%   | k*R:   205.95  207.05  215.99  238.45
  primes   180   180     1.13%    1.14%    1.18%    1.30%   | k*R:   203.03  204.59  213.00  233.19
  primes   220   220     0.91%    0.92%    0.96%    1.05%   | k*R:   201.01  202.53  210.74  230.35

