====================================================================================================
(1) 【自明性の確認】q=6: log|1+2cos v| ≤ log 3 は各点で成立するか
====================================================================================================
   max_v |1+2cos v| = 3.000000000000   (3 との差 0.00e+00)   argmax v=0.000000
   ⟹ (1/Y)∫₀^Y log|1+2cos v|dv ≤ (1/Y)·Y·log3 = log3。**1行で証明終わり**

====================================================================================================
(2) 【一般化】Φ_q(x) ≤ 0  ⟺  max_{|z|=1}|Φ_q(z)| = |Φ_q(-1)|  の確認
    (Φ_q(x) は h_q の走査平均 − h_q(0)。h_q が v=0 で最大なら各点で ≤ 0)
====================================================================================================
     q   |Φ_q(-1)|   max_{|z|=1}|Φ_q|   一致?   r46の実測 Φ_q≤0 判定
      4     2.0000          2.0000        一致                    YES
      6     3.0000          3.0000        一致                    YES
      8     2.0000          2.0000        一致                    YES
     10     5.0000          5.0000        一致                    YES
     12     1.0000          3.0000        ×(−1は最大でない)           NO
     15     1.0000          5.9141        ×(−1は最大でない)           NO
     18     3.0000          3.0000        一致                    YES
     20     1.0000          5.0000        ×(−1は最大でない)           NO
     21     1.0000          7.5939        ×(−1は最大でない)           NO
     24     1.0000          3.0000        ×(−1は最大でない)           NO

   ⟹ r46 の反例族(q=12,15,20,21,24)は、ちょうど『−1 が |Φ_q| の最大点でない』q。完全に整合。

====================================================================================================
(3) 【本当に必要な形】log M(q)+Φ_q(x) ≤ log(√3/2)  ⟸  max_{|z|=1}|Φ_q(z)| ≤ 3^{φ(q)/2}
====================================================================================================
     q   φ(q)   max_{|z|=1}|Φ_q|    3^{φ(q)/2}     成立?     余裕(log、1元素あたり)
      3      2           3.0000          3.0000     OK       +0.00000
      4      2           2.0000          3.0000     OK       +0.20273
      5      4           5.0000          9.0000     OK       +0.14695
      6      2           3.0000          3.0000     OK       +0.00000
      7      6           7.0000         27.0000     OK       +0.22499
      8      4           2.0000          9.0000     OK       +0.37602
     10      4           5.0000          9.0000     OK       +0.14695
     12      4           3.0000          9.0000     OK       +0.27465
     15      8           5.9141         81.0000     OK       +0.32714
     20      8           5.0000         81.0000     OK       +0.34813
     21     12           7.5939        729.0000     OK       +0.38036
     24      8           3.0000         81.0000     OK       +0.41198
     30      8           5.9141         81.0000     OK       +0.32714
     36     12           3.0000        729.0000     OK       +0.45776
     60     16           5.9141       6561.0000     OK       +0.43822

   3 ≤ q ≤ 60 の全域で 成立。等号は q=6 のみ(余裕 0)。
