====================================================================================================
trough_r217 -- is the first zero the FIRST TROUGH after the model's crossing?
troughs: k theta = 3pi/2 + 2 pi n, i.e. t = (1/2)tan((3pi/2+2 pi n)/k), spacing pi/k
derived on paper before the run; nothing fitted
====================================================================================================

--- INSTRUMENT: constant weights, zero set proved exactly (Thm 2(e), r205) ---
  k=   64 proved=0.0245634248847336271 got=0.0245634248847336271 rel=1.255e-31
  k=  256 proved=0.00613623118978313762 got=0.00613623118978313762 rel=1.507e-30
  k= 1024 proved=0.00153398560071133249 got=0.00153398560071133249 rel=1.13e-29
  cases: 3 -> PASS

--- the trough picture, point by point ---
      s      k            t_1        t* (v2)       t_trough       dev         g  ratio_tr
      1     64    0.186199681    0.178008321    0.192871283    0.1188     10.38   1.03583
      1     76    0.197105012    0.164619724    0.207106781     0.208      11.9   1.05074
      1     90     0.16609776    0.153830173    0.172163807    0.1559     8.063   1.03652
      1    107    0.142340394    0.142110234    0.143196183   0.02695     5.982   1.00601
      1    128    0.140999389    0.132023321    0.144997313    0.1506     5.882   1.02835
      1    152    0.138880622    0.122161165    0.143248436    0.1957     5.727   1.03145
      1    181    0.117276985    0.113523681    0.119351196    0.1132     4.366   1.01769
      1    215    0.112786285    0.105347728    0.115220353    0.1583     4.126   1.02158
      1    256    0.106767213   0.0975193076    0.109060482    0.1786     3.825   1.02148
      1    304   0.0909368233   0.0905116122   0.0914230071   0.04553     3.135   1.00535
      1    362   0.0848105193   0.0839103167     0.08543183   0.06958     2.903   1.00733
      1    431   0.0785052467   0.0777542298   0.0790054327   0.06696     2.682   1.00637
      1    512   0.0723450527   0.0720929615   0.0726009682   0.04085     2.482   1.00354
      1    609   0.0705984536   0.0668132225   0.0714105525    0.1543     2.428    1.0115
      1    724   0.0638282166   0.0619618846   0.0643553298    0.1195      2.23   1.00826
      1    861   0.0575661512   0.0573658465    0.057722561    0.0423     2.061   1.00272
      1   1024   0.0543428673   0.0531631306   0.0546726641    0.1062      1.98   1.00607
      1   1150   0.0511686753   0.0504915655   0.0514015585   0.08436     1.902   1.00455
      1   1290   0.0481387716   0.0479671187   0.0482469395   0.04401     1.831   1.00225
      1   1448   0.0470495761   0.0455705337   0.0473295862    0.1279     1.806   1.00595
      1   1625   0.0439228215   0.0433017256    0.044096091   0.08894     1.737   1.00394
      1   1824   0.0425035436   0.0411138429   0.0427321055    0.1317     1.706   1.00538
      1   2048    0.039462639   0.0390523229   0.0395823841   0.07758     1.642   1.00303

      2     64    0.302342703    0.271087994    0.316621508    0.2103     44.67   1.04723
      2     76    0.253365975    0.250696191    0.257371656   0.07686     24.14   1.01581
      2     90    0.246867971    0.232277536    0.254762725    0.1807     22.25   1.03198
      2    107    0.236942069    0.214931109    0.244674478    0.2138     19.64   1.03263
      2    128    0.198918915    0.198417933    0.199954099   0.03639     12.18    1.0052
      2    152    0.186693868    0.183834897    0.189170488     0.105     10.44   1.01327
      2    181    0.173619246    0.170155414    0.176001929    0.1223     8.862   1.01372
      2    215    0.160551895     0.15769414    0.162459848    0.1182      7.52   1.01188
      2    256     0.14723098    0.146008418    0.148329251   0.08231     6.361   1.00746
      2    304    0.143796744    0.135359168     0.14604821     0.201     6.092   1.01566
      2    362    0.129388448    0.125338321    0.130878855    0.1608     5.083   1.01152
      2    431    0.116452144     0.11606682    0.116863879   0.05357     4.321   1.00354
      2    512    0.109790278    0.107584744    0.110668526    0.1365     3.974     1.008
      2    609    0.102464897    0.099661108      0.1033164    0.1584     3.624   1.00831
      2    724   0.0948084446   0.0923356495   0.0955150214    0.1571     3.292   1.00745
      2    861   0.0870363439   0.0855286864   0.0875365884     0.133     2.985   1.00575
      2   1024   0.0794766675   0.0792129065   0.0796640276   0.05956     2.715   1.00236
      2   1150    0.076085641   0.0752437147   0.0763942644    0.1104     2.602   1.00406
      2   1290   0.0726382119   0.0715065997   0.0729628381    0.1305     2.491   1.00447
      2   1448    0.069030479   0.0679315167   0.0693242212    0.1328     2.381   1.00426
      2   1625   0.0653821021   0.0645377831    0.065621385    0.1217     2.274   1.00366
      2   1824   0.0617289317   0.0613046425   0.0618877004   0.09079     2.172   1.00257
      2   2048   0.0594840954   0.0582220785   0.0597233836    0.1538     2.112   1.00402

      4     64    0.455544131    0.416891334    0.476039573    0.2235     306.3   1.04499
      4     76     0.42474154    0.382290217     0.44154449    0.2322     208.0   1.03956
      4     90    0.351941859    0.351677336    0.404892017   0.03527     83.32   1.15045
      4    107    0.323580119    0.323388912    0.365519022   0.03139     58.34   1.12961
      4    128    0.317460482    0.296901529    0.325285681    0.2256     54.02   1.02465
      4    152    0.285344672    0.273848437    0.290976206    0.2045     36.08   1.01974
      4    181    0.255687058    0.252494447    0.258600675    0.1328     24.85    1.0114
      4    215    0.243981164    0.233253828    0.247898683    0.2159     21.46   1.01606
      4    256     0.21659003    0.215380635    0.217973889   0.09485     15.21   1.00639
      4    304    0.202235476    0.199224927    0.204086406    0.1537      12.7   1.00915
      4    362    0.186771275    0.184128427    0.188289888    0.1534     10.45   1.00813
      4    431    0.171309642    0.170245719    0.172186455    0.1076     8.608   1.00512
      4    512    0.162104468    0.157609838    0.163478015    0.2024     7.668   1.00847
      4    609    0.146619401    0.145857326    0.147195373    0.1028     6.312   1.00393
      4    724    0.136099463    0.135032031    0.136691247    0.1269      5.53   1.00435
      4    861    0.125381686    0.125004069    0.125697997   0.08155     4.834   1.00252
      4   1024    0.117388359    0.115723848    0.117932271     0.168     4.372   1.00463
      4   1150    0.110130527    0.109902301    0.110329957   0.06962     3.991   1.00181
      4   1290    0.105295493    0.104428016    0.105642102    0.1363     3.755   1.00329
      4   1448    0.100241387   0.0991967885    0.100584398     0.152     3.524   1.00342
      4   1625   0.0950916099   0.0942356228   0.0953801011     0.144     3.303   1.00303
      4   1824   0.0899031346   0.0895130846   0.0900886738    0.1043     3.095   1.00206
      4   2048   0.0860983137   0.0850136397   0.0863632411    0.1677      2.95   1.00308

  population: 69 points

--- M1  are the zeros on the trough grid?  (unrelated -> mean dev = 0.25) ---
            k band   points       mean dev
            64-152       18         0.1462
           181-431       18        0.12381
          512-1150       18         0.1141
         1290-2048       15        0.12028
  overall mean dev = 0.12635   largest-k band = 0.12028   -> PASS

--- M2  the drift is explained by the per-period growth g = e^{4 pi t_1} ---
  mean dev: smallest-k band 0.1462  ->  largest-k band 0.12028
  concordant (g, dev) pairs: 1472 of 2346 = 0.62745
  -> PASS

--- M3  formula vs bound: does the trough predictor beat t* alone? ---
  worst |t*/t_1 - 1|        (v2 alone)      = 0.164812   over 69 points
  worst |t_trough/t_1 - 1|  (v2 + troughs)  = 0.150451   over 69 points
  -> PASS -- the first zero has a closed predictor
  mean |.-1|:  v2 alone 0.0288215   v2+troughs 0.0158919

--- M4  the predictor's DOMAIN: it must FAIL on constant weights, where every rung
        is a zero (Thm 2(e)) and the trough grid is the wrong grid ---
  k=   64  no continuous crossing for the constant case
  k=  256  no continuous crossing for the constant case
  k= 1024  no continuous crossing for the constant case
  -> FAIL: it fits the constant case too, so the trough grid is not what is doing the work

====================================================================================================
  [instrument] PASS
  [M1 zeros sit on the trough grid] PASS
  [M2 drift explained by g] PASS
  [M3 trough predictor beats t* alone] PASS
  [M4 predictor fails outside its domain] FAIL

interpretation belongs in the report, not here.
done.
