====================================================================================================
[Q₄ の実測]  (1/φ(q))·log‖Φ_q‖₁  ≤  log√3 = 0.549306  はどの q から一様に成り立つか
  (‖Φ_q‖_∞ ≤ ‖Φ_q‖₁ なので、これは求める量の上界)
====================================================================================================
   q ≥    3 での最大: 0.549306  (q=6)   OK(下回る)   余裕 +0.000000
   q ≥    7 での最大: 0.402359  (q=10)   OK(下回る)   余裕 +0.146947
   q ≥   13 での最大: 0.324318  (q=14)   OK(下回る)   余裕 +0.224988
   q ≥   25 での最大: 0.243239  (q=30)   OK(下回る)   余裕 +0.306067
   q ≥   61 での最大: 0.135403  (q=66)   OK(下回る)   余裕 +0.413904
   q ≥  121 での最大: 0.078045  (q=138)   OK(下回る)   余裕 +0.471261
   q ≥  241 での最大: 0.052559  (q=330)   OK(下回る)   余裕 +0.496747
   q ≥  481 での最大: 0.033730  (q=510)   OK(下回る)   余裕 +0.515576

  上位10個(値の大きい q):
    q=    6  φ=    2  ‖Φ_q‖₁=     3   (1/φ)log‖·‖₁=0.549306   
    q=    3  φ=    2  ‖Φ_q‖₁=     3   (1/φ)log‖·‖₁=0.549306   
    q=   10  φ=    4  ‖Φ_q‖₁=     5   (1/φ)log‖·‖₁=0.402359   
    q=    5  φ=    4  ‖Φ_q‖₁=     5   (1/φ)log‖·‖₁=0.402359   
    q=    4  φ=    2  ‖Φ_q‖₁=     2   (1/φ)log‖·‖₁=0.346574   
    q=   14  φ=    6  ‖Φ_q‖₁=     7   (1/φ)log‖·‖₁=0.324318   
    q=    7  φ=    6  ‖Φ_q‖₁=     7   (1/φ)log‖·‖₁=0.324318   
    q=   12  φ=    4  ‖Φ_q‖₁=     3   (1/φ)log‖·‖₁=0.274653   
    q=   30  φ=    8  ‖Φ_q‖₁=     7   (1/φ)log‖·‖₁=0.243239   
    q=   15  φ=    8  ‖Φ_q‖₁=     7   (1/φ)log‖·‖₁=0.243239   

  減衰の様子(q ごとの最大値の推移):
    sup_{p≥    3} = 0.549306    余裕 +0.000000
    sup_{p≥    6} = 0.549306    余裕 +0.000000
    sup_{p≥    7} = 0.402359    余裕 +0.146947
    sup_{p≥   13} = 0.324318    余裕 +0.224988
    sup_{p≥   31} = 0.183102    余裕 +0.366204
    sup_{p≥   61} = 0.135403    余裕 +0.413904
    sup_{p≥  121} = 0.078045    余裕 +0.471261
    sup_{p≥  241} = 0.052559    余裕 +0.496747
    sup_{p≥  481} = 0.033730    余裕 +0.515576
    sup_{p≥  721} = 0.022454    余裕 +0.526852
    sup_{p≥  961} = 0.018166    余裕 +0.531140

  ⇒ **Q₄ = (この上界が log√3 を切る最小の境目)**
     実測: q ≥ 7 で一様に log√3 未満(q ≤ 1200 の範囲で)。
     q=3 と q=6 が等号なので、Q₄ = 7 で十分ということになる。
