====================================================================================================
v3_r217b -- solve the model instead of simplifying it:  Hp + T sin(k theta) = -1/2
compared against the threshold reading (r211/r216) and the trough reading (r217),
both recomputed here.  Nothing fitted anywhere.
====================================================================================================

--- INSTRUMENT: constant weights, zero set proved exactly (Thm 2(e), r205) ---
  k=   64 proved=0.0245634248847336271 got=0.0245634248847336271 rel=1.255e-31
  k=  256 proved=0.00613623118978313762 got=0.00613623118978313762 rel=1.507e-30
  k= 1024 proved=0.00153398560071133249 got=0.00153398560071133249 rel=1.13e-29
  cases: 3 -> PASS

--- the three readings of one model, against the measurement ---
      s      k           t_1    thr/t_1  trough/t1     v3/t_1
      1     64   0.186199681   0.956008    1.03583   0.999392
      1     76   0.197105012   0.835188    1.05074   0.999163
      1     90    0.16609776   0.926142    1.03652   0.999443
      1    107   0.142340394   0.998383    1.00601    1.00019
      1    128   0.140999389    0.93634    1.02835   0.999606
      1    152   0.138880622   0.879613    1.03145   0.999608
      1    181   0.117276985   0.967996    1.01769   0.999754
      1    215   0.112786285   0.934047    1.02158    0.99975
      1    256   0.106767213   0.913383    1.02148   0.999777
      1    304  0.0909368233   0.995324    1.00535   0.999935
      1    362  0.0848105193   0.989386    1.00733   0.999897
      1    431  0.0785052467   0.990434    1.00637   0.999911
      1    512  0.0723450527   0.996515    1.00354   0.999952
      1    609  0.0705984536   0.946384     1.0115   0.999908
      1    724  0.0638282166    0.97076    1.00826   0.999925
      1    861  0.0575661512    0.99652    1.00272    0.99996
      1   1024  0.0543428673   0.978291    1.00607   0.999947
      1   1150  0.0511686753   0.986767    1.00455   0.999954
      1   1290  0.0481387716   0.996434    1.00225   0.999967
      1   1448  0.0470495761   0.968564    1.00595    0.99996
      1   1625  0.0439228215   0.985859    1.00394   0.999966
      1   1824  0.0425035436   0.967304    1.00538   0.999968
      1   2048   0.039462639   0.989602    1.00303   0.999972

      2     64   0.302342703   0.896625    1.04723    0.99835
      2     76   0.253365975   0.989463    1.01581   0.998964
      2     90   0.246867971   0.940898    1.03198   0.998905
      2    107   0.236942069   0.907104    1.03263   0.999101
      2    128   0.198918915   0.997481     1.0052   0.999437
      2    152   0.186693868   0.984686    1.01327   0.999407
      2    181   0.173619246   0.980049    1.01372   0.999493
      2    215   0.160551895     0.9822    1.01188   0.999574
      2    256    0.14723098   0.991696    1.00746   0.999643
      2    304   0.143796744   0.941323    1.01566   0.999718
      2    362   0.129388448   0.968698    1.01152   0.999755
      2    431   0.116452144   0.996691    1.00354   0.999775
      2    512   0.109790278   0.979911      1.008   0.999825
      2    609   0.102464897   0.972637    1.00831   0.999858
      2    724  0.0948084446   0.973918    1.00745   0.999882
      2    861  0.0870363439   0.982678    1.00575   0.999898
      2   1024  0.0794766675   0.996681    1.00236     0.9999
      2   1150   0.076085641   0.988934    1.00406   0.999921
      2   1290  0.0726382119   0.984421    1.00447   0.999933
      2   1448   0.069030479    0.98408    1.00426   0.999941
      2   1625  0.0653821021   0.987086    1.00366   0.999946
      2   1824  0.0617289317   0.993127    1.00257   0.999949
      2   2048  0.0594840954   0.978784    1.00402   0.999961

      4     64   0.455544131    0.91515    1.04499   0.997922
      4     76    0.42474154   0.900054    1.03956   0.998354
      4     90   0.351941859   0.999248    1.15045    1.00016
      4    107   0.323580119   0.999409    1.12961    1.00007
      4    128   0.317460482   0.935239    1.02465   0.999175
      4    152   0.285344672   0.959711    1.01974   0.999348
      4    181   0.255687058   0.987514     1.0114   0.999529
      4    215   0.243981164   0.956032    1.01606    0.99957
      4    256    0.21659003   0.994416    1.00639   0.999707
      4    304   0.202235476   0.985114    1.00915   0.999731
      4    362   0.186771275    0.98585    1.00813    0.99978
      4    431   0.171309642   0.993789    1.00512    0.99983
      4    512   0.162104468   0.972273    1.00847   0.999847
      4    609   0.146619401   0.994802    1.00393   0.999884
      4    724   0.136099463   0.992157    1.00435   0.999901
      4    861   0.125381686   0.996988    1.00252   0.999923
      4   1024   0.117388359    0.98582    1.00463   0.999931
      4   1150   0.110130527   0.997928    1.00181   0.999945
      4   1290   0.105295493   0.991761    1.00329   0.999947
      4   1448   0.100241387   0.989579    1.00342   0.999953
      4   1625  0.0950916099   0.990998    1.00303   0.999959
      4   1824  0.0899031346   0.995661    1.00206   0.999965
      4   2048  0.0860983137   0.987402    1.00308   0.999968

  population: 69 points

--- N1  accuracy ---
                       reading    worst |.-1|     mean |.-1|
        threshold  (r211/r216)       0.164812      0.0288215
  first trough after it (r217)       0.150451      0.0158919
          SOLVE THE MODEL (v3)      0.0020783    0.000310134
  -> PASS

--- N2  one-sidedness: the trough reading overshot everywhere; does v3? ---
  trough reading below the measurement at 0 of 69
  v3       reading below the measurement at 66 of 69
  fraction = 0.9565  -> FAIL -- a systematic term is still in there

--- N3  DOMAIN: run v3 where Theorem 2 gives the answer (constant weights) ---
  k=   64  outcome (c) applies and is RIGHT: v3=0.0247496024688 proved=0.0245634248847 rel=0.0075795
  k=  256  outcome (c) applies and is RIGHT: v3=0.00614812459543 proved=0.00613623118978 rel=0.0019382
  k= 1024  outcome (c) applies and is RIGHT: v3=0.00153473318072 proved=0.00153398560071 rel=0.00048734
  (no verdict attached; the outcome is the finding)

--- N4  does the r216d quantum survive, or WAS it the simplification? ---
  |lambda_v3 - lambda_eff| <= D at 69 of 69 = 1.0
  worst ratio |lambda_v3 - lambda_eff| / D = 0.019267
  -> PASS

====================================================================================================
  [instrument] PASS
  [N1 v3 best on both statistics] PASS
  [N2 v3 not one-sided] FAIL
  [N4 residual within the quantum] PASS

interpretation belongs in the report, not here.
done.
