=== 0. CHECKING fable-5 s EXPONENTS BEFORE USING THEM (they asked) ===
   claim: rho_k = Q_k/sigma^2 ~ (c/2)^k on 2^(1/3) < c < 2.
        c     k              Q_k          sigma^2            rho_k  rho_k*(2/c)^k
     1.40    12     1.788935e+03     3.893100e+04     4.595142e-02   3.319880e+00
     1.40    16     8.312516e+03     5.971320e+05     1.392074e-02   4.188838e+00
     1.40    20     3.284089e+04     8.908529e+06     3.686455e-03   4.620066e+00
     1.40    24     1.213325e+05     1.317601e+08     9.208593e-04   4.806626e+00
     1.40    28     4.365518e+05     1.945305e+09     2.244131e-04   4.878688e+00

     1.60    12     2.134064e+04     3.592010e+05     5.941142e-02   8.645500e-01
     1.60    16     3.785164e+05     1.549447e+07     2.442912e-02   8.678967e-01
     1.60    20     6.611813e+06     6.660828e+08     9.926414e-03   8.609792e-01
     1.60    24     1.157211e+08     2.861295e+10     4.044359e-03   8.564264e-01
     1.60    28     2.030615e+09     1.228941e+12     1.652329e-03   8.542341e-01

     1.80    12     2.660620e+05     3.007637e+06     8.846214e-02   3.132184e-01
     1.80    16     1.724430e+07     3.331259e+08     5.176511e-02   2.793553e-01
     1.80    20     1.155382e+09     3.672783e+10     3.145793e-02   2.587497e-01
     1.80    24     7.957251e+10     4.047575e+12     1.965931e-02   2.464609e-01
     1.80    28     5.578324e+12     4.460434e+14     1.250624e-02   2.389661e-01

   the last column is flat in k exactly when the derived law holds;
   a trend in it is a defect in the derivation, not in the measurement.

=== 0b. POSITIVE CONTROL of the pipeline: Q(0) -> 61/3 at c = 1 ===
   k = 16   Q(0) = 20.074358   Gamma = 2.99993896   (61/3 = 20.333333)
   k = 20   Q(0) = 20.297256   Gamma = 2.99999619   (61/3 = 20.333333)
   k = 24   Q(0) = 20.328931   Gamma = 2.99999976   (61/3 = 20.333333)
   k = 28   Q(0) = 20.332845   Gamma = 2.99999999   (61/3 = 20.333333)

--- MEASUREMENT BEGINS ---

=== 1. the window: does e track rho_k = Q_k/sigma^2 ? ===
        c     k           lm/r        Gamma_k              e          rho_k      e/rho_k      e*(2/c)^k
     1.40    10     4.50000000     5.18359375   6.835938e-01   7.719093e-02       8.8559   2.420013e+01
     1.40    12     4.75000000     5.27929688   5.292969e-01   4.595142e-02      11.5186   3.824044e+01
     1.40    14    10.50000000     5.32641602   5.173584e+00   2.589068e-02     199.8242   7.628145e+02
     1.40    16     4.64705882     5.34948730   7.024285e-01   1.392074e-02      50.4592   2.113652e+02
     1.40    18     6.53846154     5.36079407   1.177667e+00   7.239494e-03     162.6726   7.231992e+02
     1.40    20     5.04477612     5.36633301   3.215569e-01   3.686455e-03      87.2266   4.029925e+02

     1.60    10     3.00000000     8.55859375   5.558594e+00   9.062017e-02      61.3395   5.176844e+01
     1.60    12    11.00000000     8.94531250   2.054688e+00   5.941142e-02      34.5840   2.989964e+01
     1.60    14     6.66666667     9.19238281   2.525716e+00   3.824272e-02      66.0444   5.742814e+01
     1.60    16    10.33333333     9.35076904   9.825643e-01   2.442912e-02      40.2210   3.490770e+01
     1.60    18    16.66666667     9.45210266   7.214564e+00   1.556982e-02     463.3685   4.004888e+02
     1.60    20     9.25000000     9.51695251   2.669525e-01   9.926414e-03      26.8931   2.315444e+01

=== 2. the fitted decay rate of e, against log(2/c) ===
        c   fitted rate of e           log(2/c)        ratio
     1.40           0.390885           0.356675       1.0959
     1.60           0.237397           0.223144       1.0639

   PREDICTION: the ratio is 1 and e/rho_k is bounded above and below.
   FALSIFIER : polynomial decay, or a rate that does not move with c as log(2/c).
